****************************************
Report : Time Based Power
	-verbose
Design : pulpino_padstop
Version: O-2018.06-SP5
Date   : Wed May  7 14:34:24 2025
****************************************

Sampling Interval: 0.001 ns

Library(s) Used:

    CORE65LPLVT (File: /usr/local-eit/cad2/cmpstm/stm065v536/CORE65LPLVT_5.1/libs/CORE65LPLVT_bc_1.30V_m40C.db)
    CLOCK65LPLVT (File: /usr/local-eit/cad2/cmpstm/stm065v536/CLOCK65LPLVT_3.1/libs/CLOCK65LPLVT_bc_1.30V_m40C.db)
    SPHDL100909 (File: /usr/local-eit/cad2/cmpstm/oldmems/mem2010/SPHDL100909-40446@1.0/libs/SPHDL100909_bc_1.30V_m40C.db)
    PAD (File: /usr/local-eit/cad2/cmpstm/dicp18/lu_pads_65nm/Pads_Oct2012.db)


Operating Conditions: bc_1.30V_m40C   Library: CORE65LPLVT
Wire Load Model Mode: enclosed

Cell               Design       Wire_model  Library       Selection_type
--------------------------------------------------------------------------------
                   pulpino_padstop
                                area_780Kto1170K
                                            CLOCK65LPLVT  automatic-by-area
pulpino_top_i      pulpino_top  area_780Kto1170K
                                            CLOCK65LPLVT  automatic-by-area
pulpino_top_i/peripherals_i
                   peripherals_AXI_ADDR_WIDTH32_AXI_DATA_WIDTH32_AXI_USER_WIDTH1_AXI_SLAVE_ID_WIDTH4_AXI_MASTER_ID_WIDTH2_axi_spi_master_AXI_BUS_AXI_ADDR_WIDTH32_AXI_DATA_WIDTH32_AXI_ID_WIDTH2_AXI_USER_WIDTH1_Master_debug_DEBUG_BUS_Master_slave_AXI_BUS_AXI_ADDR_WIDTH32_AXI_DATA_WIDTH32_AXI_ID_WIDTH4_AXI_USER_WIDTH1_Slave
                                area_390Kto780K
                                            CLOCK65LPLVT  automatic-by-area
pulpino_top_i/peripherals_i/genblk1[4].core_clock_gate
                   cluster_clock_gating_4363
                                area_0Kto1K CLOCK65LPLVT  automatic-by-area
pulpino_top_i/peripherals_i/genblk1[2].core_clock_gate
                   cluster_clock_gating_4364
                                area_0Kto1K CLOCK65LPLVT  automatic-by-area
pulpino_top_i/peripherals_i/genblk1[1].core_clock_gate
                   cluster_clock_gating_4365
                                area_0Kto1K CLOCK65LPLVT  automatic-by-area
pulpino_top_i/peripherals_i/apb_pulpino_i
                   apb_pulpino_BOOT_ADDR32h00008000
                                area_30Kto36K
                                            CLOCK65LPLVT  automatic-by-area
pulpino_top_i/peripherals_i/periph_bus_i
                   periph_bus_wrap_APB_ADDR_WIDTH32_APB_DATA_WIDTH32_apb_slave_APB_BUS_Slave_uart_master_APB_BUS_Master_gpio_master_APB_BUS_Master_spi_master_APB_BUS_Master_timer_master_APB_BUS_Master_event_unit_master_APB_BUS_Master_i2c_master_APB_BUS_Master_fll_master_APB_BUS_Master_soc_ctrl_master_APB_BUS_Master_debug_master_APB_BUS_Master
                                area_2Kto3K CLOCK65LPLVT  automatic-by-area
pulpino_top_i/peripherals_i/periph_bus_i/apb_node_wrap_i
                   apb_node_wrap_NB_MASTER9_APB_DATA_WIDTH32_APB_ADDR_WIDTH32_apb_slave_APB_BUS_APB_ADDR_WIDTH32_APB_DATA_WIDTH32_Slave_apb_masters_APB_BUS_APB_ADDR_WIDTH32_APB_DATA_WIDTH32_Master
                                area_2Kto3K CLOCK65LPLVT  automatic-by-area
pulpino_top_i/peripherals_i/periph_bus_i/apb_node_wrap_i/apb_node_i
                   apb_node_NB_MASTER9_APB_DATA_WIDTH32_APB_ADDR_WIDTH32
                                area_2Kto3K CLOCK65LPLVT  automatic-by-area
pulpino_top_i/peripherals_i/apb_timer_i
                   apb_timer    area_30Kto36K
                                            CLOCK65LPLVT  automatic-by-area
pulpino_top_i/peripherals_i/apb_timer_i/TIMER_GEN[1].timer_i
                   timer_4662   area_12Kto18K
                                            CLOCK65LPLVT  automatic-by-area
pulpino_top_i/peripherals_i/apb_timer_i/TIMER_GEN[1].timer_i/inc_ADD_UNS_OP_89
                   increment_unsigned_6631_5
                                area_0Kto1K CLOCK65LPLVT  automatic-by-area
pulpino_top_i/peripherals_i/apb_timer_i/TIMER_GEN[1].timer_i/inc_add_73_43_87
                   increment_unsigned_6631_1
                                area_0Kto1K CLOCK65LPLVT  automatic-by-area
pulpino_top_i/peripherals_i/apb_timer_i/TIMER_GEN[1].timer_i/gte_86_29
                   geq_unsigned_4490
                                area_0Kto1K CLOCK65LPLVT  automatic-by-area
pulpino_top_i/peripherals_i/apb_timer_i/TIMER_GEN[1].timer_i/inc_add_80_53_88
                   increment_unsigned_6631_3
                                area_0Kto1K CLOCK65LPLVT  automatic-by-area
pulpino_top_i/peripherals_i/apb_timer_i/TIMER_GEN[0].timer_i
                   timer        area_12Kto18K
                                            CLOCK65LPLVT  automatic-by-area
pulpino_top_i/peripherals_i/apb_timer_i/TIMER_GEN[0].timer_i/inc_ADD_UNS_OP_89
                   increment_unsigned_6631_6
                                area_0Kto1K CLOCK65LPLVT  automatic-by-area
pulpino_top_i/peripherals_i/apb_timer_i/TIMER_GEN[0].timer_i/inc_add_73_43_87
                   increment_unsigned_6631_2
                                area_0Kto1K CLOCK65LPLVT  automatic-by-area
pulpino_top_i/peripherals_i/apb_timer_i/TIMER_GEN[0].timer_i/gte_86_29
                   geq_unsigned_4491
                                area_0Kto1K CLOCK65LPLVT  automatic-by-area
pulpino_top_i/peripherals_i/apb_timer_i/TIMER_GEN[0].timer_i/inc_add_80_53_88
                   increment_unsigned_6631_4
                                area_0Kto1K CLOCK65LPLVT  automatic-by-area
pulpino_top_i/peripherals_i/apb2per_debug_i
                   apb2per_PER_ADDR_WIDTH15_APB_ADDR_WIDTH32
                                area_0Kto1K CLOCK65LPLVT  automatic-by-area
pulpino_top_i/peripherals_i/genblk1[0].core_clock_gate
                   cluster_clock_gating_4366
                                area_0Kto1K CLOCK65LPLVT  automatic-by-area
pulpino_top_i/peripherals_i/axi2apb_i
                   axi2apb_wrap_AXI_ADDR_WIDTH32_AXI_DATA_WIDTH32_AXI_USER_WIDTH1_AXI_ID_WIDTH4_APB_ADDR_WIDTH32_axi_slave_AXI_BUS_AXI_ADDR_WIDTH32_AXI_DATA_WIDTH32_AXI_ID_WIDTH4_AXI_USER_WIDTH1_Slave_apb_master_APB_BUS_Master
                                area_36Kto42K
                                            CLOCK65LPLVT  automatic-by-area
pulpino_top_i/peripherals_i/axi2apb_i/genblk1.axi2apb_i
                   axi2apb32_AXI4_ADDRESS_WIDTH32_AXI4_RDATA_WIDTH32_AXI4_WDATA_WIDTH32_AXI4_ID_WIDTH4_AXI4_USER_WIDTH1_BUFF_DEPTH_SLAVE2_APB_ADDR_WIDTH32
                                area_36Kto42K
                                            CLOCK65LPLVT  automatic-by-area
pulpino_top_i/peripherals_i/axi2apb_i/genblk1.axi2apb_i/Slave_r_buffer
                   axi_r_buffer_ID_WIDTH4_DATA_WIDTH32_USER_WIDTH1_BUFFER_DEPTH2
                                area_9Kto12K
                                            CLOCK65LPLVT  automatic-by-area
pulpino_top_i/peripherals_i/axi2apb_i/genblk1.axi2apb_i/Slave_r_buffer/buffer_i
                   generic_fifo_DATA_WIDTH40_DATA_DEPTH2
                                area_9Kto12K
                                            CLOCK65LPLVT  automatic-by-area
pulpino_top_i/peripherals_i/axi2apb_i/genblk1.axi2apb_i/Slave_r_buffer/buffer_i/cg_cell
                   cluster_clock_gating_4368
                                area_0Kto1K CLOCK65LPLVT  automatic-by-area
pulpino_top_i/peripherals_i/axi2apb_i/genblk1.axi2apb_i/Slave_ar_buffer
                   axi_ar_buffer_ID_WIDTH4_ADDR_WIDTH32_USER_WIDTH1_BUFFER_DEPTH2
                                area_8Kto9K CLOCK65LPLVT  automatic-by-area
pulpino_top_i/peripherals_i/axi2apb_i/genblk1.axi2apb_i/Slave_ar_buffer/buffer_i
                   generic_fifo_DATA_WIDTH66_DATA_DEPTH2_4467
                                area_8Kto9K CLOCK65LPLVT  automatic-by-area
pulpino_top_i/peripherals_i/axi2apb_i/genblk1.axi2apb_i/Slave_ar_buffer/buffer_i/cg_cell
                   cluster_clock_gating_1_4369
                                area_0Kto1K CLOCK65LPLVT  automatic-by-area
pulpino_top_i/peripherals_i/axi2apb_i/genblk1.axi2apb_i/Slave_w_buffer
                   axi_w_buffer_DATA_WIDTH32_USER_WIDTH1_BUFFER_DEPTH2_1
                                area_8Kto9K CLOCK65LPLVT  automatic-by-area
pulpino_top_i/peripherals_i/axi2apb_i/genblk1.axi2apb_i/Slave_w_buffer/buffer_i
                   generic_fifo_DATA_WIDTH38_DATA_DEPTH2_2
                                area_8Kto9K CLOCK65LPLVT  automatic-by-area
pulpino_top_i/peripherals_i/axi2apb_i/genblk1.axi2apb_i/Slave_w_buffer/buffer_i/cg_cell
                   cluster_clock_gating_34_4386
                                area_0Kto1K CLOCK65LPLVT  automatic-by-area
pulpino_top_i/peripherals_i/axi2apb_i/genblk1.axi2apb_i/Slave_aw_buffer
                   axi_aw_buffer_ID_WIDTH4_ADDR_WIDTH32_USER_WIDTH1_BUFFER_DEPTH2
                                area_8Kto9K CLOCK65LPLVT  automatic-by-area
pulpino_top_i/peripherals_i/axi2apb_i/genblk1.axi2apb_i/Slave_aw_buffer/buffer_i
                   generic_fifo_DATA_WIDTH66_DATA_DEPTH2
                                area_8Kto9K CLOCK65LPLVT  automatic-by-area
pulpino_top_i/peripherals_i/axi2apb_i/genblk1.axi2apb_i/Slave_aw_buffer/buffer_i/cg_cell
                   cluster_clock_gating_1_4370
                                area_0Kto1K CLOCK65LPLVT  automatic-by-area
pulpino_top_i/peripherals_i/axi2apb_i/genblk1.axi2apb_i/Slave_b_buffer
                   axi_b_buffer_ID_WIDTH4_USER_WIDTH1_BUFFER_DEPTH2
                                area_1Kto2K CLOCK65LPLVT  automatic-by-area
pulpino_top_i/peripherals_i/axi2apb_i/genblk1.axi2apb_i/Slave_b_buffer/buffer_i
                   generic_fifo_DATA_WIDTH7_DATA_DEPTH2
                                area_1Kto2K CLOCK65LPLVT  automatic-by-area
pulpino_top_i/peripherals_i/axi2apb_i/genblk1.axi2apb_i/Slave_b_buffer/buffer_i/cg_cell
                   cluster_clock_gating_4367
                                area_0Kto1K CLOCK65LPLVT  automatic-by-area
pulpino_top_i/peripherals_i/apb_event_unit_i
                   apb_event_unit
                                area_30Kto36K
                                            CLOCK65LPLVT  automatic-by-area
pulpino_top_i/peripherals_i/apb_event_unit_i/i_event_unit
                   generic_service_unit_APB_ADDR_WIDTH12_4471
                                area_12Kto18K
                                            CLOCK65LPLVT  automatic-by-area
pulpino_top_i/peripherals_i/apb_event_unit_i/i_sleep_unit
                   sleep_unit_APB_ADDR_WIDTH12
                                area_4Kto5K CLOCK65LPLVT  automatic-by-area
pulpino_top_i/peripherals_i/apb_event_unit_i/i_interrupt_unit
                   generic_service_unit_APB_ADDR_WIDTH12
                                area_12Kto18K
                                            CLOCK65LPLVT  automatic-by-area
pulpino_top_i/peripherals_i/apb_gpio_i
                   apb_gpio     area_54Kto60K
                                            CLOCK65LPLVT  automatic-by-area
pulpino_top_i/peripherals_i/axi_spi_slave_i
                   axi_spi_slave_wrap_AXI_ADDRESS_WIDTH32_AXI_DATA_WIDTH32_AXI_ID_WIDTH2_AXI_USER_WIDTH1_axi_master_AXI_BUS_AXI_ADDR_WIDTH32_AXI_DATA_WIDTH32_AXI_ID_WIDTH2_AXI_USER_WIDTH1_Master
                                area_234Kto312K
                                            CLOCK65LPLVT  automatic-by-area
pulpino_top_i/peripherals_i/axi_spi_slave_i/axi_spi_slave_i
                   axi_spi_slave_AXI_ADDR_WIDTH32_AXI_DATA_WIDTH32_AXI_USER_WIDTH1_AXI_ID_WIDTH2
                                area_234Kto312K
                                            CLOCK65LPLVT  automatic-by-area
pulpino_top_i/peripherals_i/axi_spi_slave_i/axi_spi_slave_i/u_slave_sm
                   spi_slave_controller_DUMMY_CYCLES32
                                area_42Kto48K
                                            CLOCK65LPLVT  automatic-by-area
pulpino_top_i/peripherals_i/axi_spi_slave_i/axi_spi_slave_i/u_slave_sm/u_spiregs
                   spi_slave_regs_REG_SIZE8
                                area_12Kto18K
                                            CLOCK65LPLVT  automatic-by-area
pulpino_top_i/peripherals_i/axi_spi_slave_i/axi_spi_slave_i/u_slave_sm/u_cmd_parser
                   spi_slave_cmd_parser
                                area_0Kto1K CLOCK65LPLVT  automatic-by-area
pulpino_top_i/peripherals_i/axi_spi_slave_i/axi_spi_slave_i/u_rxreg
                   spi_slave_rx area_24Kto30K
                                            CLOCK65LPLVT  automatic-by-area
pulpino_top_i/peripherals_i/axi_spi_slave_i/axi_spi_slave_i/u_dcfifo_rx
                   spi_slave_dc_fifo_DATA_WIDTH32_BUFFER_DEPTH8
                                area_78Kto156K
                                            CLOCK65LPLVT  automatic-by-area
pulpino_top_i/peripherals_i/axi_spi_slave_i/axi_spi_slave_i/u_dcfifo_rx/u_dout
                   dc_token_ring_fifo_dout_DATA_WIDTH32_BUFFER_DEPTH8
                                area_2Kto3K CLOCK65LPLVT  automatic-by-area
pulpino_top_i/peripherals_i/axi_spi_slave_i/axi_spi_slave_i/u_dcfifo_rx/u_dout/read_tr
                   dc_token_ring_BUFFER_DEPTH8_RESET_VALUE32h00000003
                                area_0Kto1K CLOCK65LPLVT  automatic-by-area
pulpino_top_i/peripherals_i/axi_spi_slave_i/axi_spi_slave_i/u_dcfifo_rx/u_dout/empty_synch
                   dc_synchronizer_WIDTH8_RESET_VALUE32h0000000c
                                area_1Kto2K CLOCK65LPLVT  automatic-by-area
pulpino_top_i/peripherals_i/axi_spi_slave_i/axi_spi_slave_i/u_dcfifo_rx/u_din
                   dc_token_ring_fifo_din_DATA_WIDTH32_BUFFER_DEPTH8
                                area_78Kto156K
                                            CLOCK65LPLVT  automatic-by-area
pulpino_top_i/peripherals_i/axi_spi_slave_i/axi_spi_slave_i/u_dcfifo_rx/u_din/full
                   dc_full_detector_BUFFER_DEPTH8
                                area_1Kto2K CLOCK65LPLVT  automatic-by-area
pulpino_top_i/peripherals_i/axi_spi_slave_i/axi_spi_slave_i/u_dcfifo_rx/u_din/full/full_synch
                   dc_synchronizer_WIDTH1_RESET_VALUE1h0
                                area_0Kto1K CLOCK65LPLVT  automatic-by-area
pulpino_top_i/peripherals_i/axi_spi_slave_i/axi_spi_slave_i/u_dcfifo_rx/u_din/buffer
                   dc_data_buffer_DATA_WIDTH32_BUFFER_DEPTH8
                                area_78Kto156K
                                            CLOCK65LPLVT  automatic-by-area
pulpino_top_i/peripherals_i/axi_spi_slave_i/axi_spi_slave_i/u_dcfifo_rx/u_din/write_tr
                   dc_token_ring_BUFFER_DEPTH8_RESET_VALUE32h0000000c
                                area_3Kto4K CLOCK65LPLVT  automatic-by-area
pulpino_top_i/peripherals_i/axi_spi_slave_i/axi_spi_slave_i/u_syncro
                   spi_slave_syncro_AXI_ADDR_WIDTH32
                                area_0Kto1K CLOCK65LPLVT  automatic-by-area
pulpino_top_i/peripherals_i/axi_spi_slave_i/axi_spi_slave_i/u_axiplug
                   spi_slave_axi_plug_AXI_ADDR_WIDTH32_AXI_DATA_WIDTH32_AXI_USER_WIDTH1_AXI_ID_WIDTH2
                                area_12Kto18K
                                            CLOCK65LPLVT  automatic-by-area
pulpino_top_i/peripherals_i/axi_spi_slave_i/axi_spi_slave_i/u_axiplug/add_154_29
                   add_unsigned_3028
                                area_0Kto1K CLOCK65LPLVT  automatic-by-area
pulpino_top_i/peripherals_i/axi_spi_slave_i/axi_spi_slave_i/u_dcfifo_tx
                   spi_slave_dc_fifo_DATA_WIDTH32_BUFFER_DEPTH8_4599
                                area_36Kto42K
                                            CLOCK65LPLVT  automatic-by-area
pulpino_top_i/peripherals_i/axi_spi_slave_i/axi_spi_slave_i/u_dcfifo_tx/u_dout
                   dc_token_ring_fifo_dout_DATA_WIDTH32_BUFFER_DEPTH8_4396
                                area_9Kto12K
                                            CLOCK65LPLVT  automatic-by-area
pulpino_top_i/peripherals_i/axi_spi_slave_i/axi_spi_slave_i/u_dcfifo_tx/u_dout/read_tr
                   dc_token_ring_BUFFER_DEPTH8_RESET_VALUE32h00000003_4393
                                area_5Kto6K CLOCK65LPLVT  automatic-by-area
pulpino_top_i/peripherals_i/axi_spi_slave_i/axi_spi_slave_i/u_dcfifo_tx/u_dout/empty_synch
                   dc_synchronizer_WIDTH8_RESET_VALUE32h0000000c_4392
                                area_5Kto6K CLOCK65LPLVT  automatic-by-area
pulpino_top_i/peripherals_i/axi_spi_slave_i/axi_spi_slave_i/u_dcfifo_tx/u_din
                   dc_token_ring_fifo_din_DATA_WIDTH32_BUFFER_DEPTH8_4395
                                area_30Kto36K
                                            CLOCK65LPLVT  automatic-by-area
pulpino_top_i/peripherals_i/axi_spi_slave_i/axi_spi_slave_i/u_dcfifo_tx/u_din/full
                   dc_full_detector_BUFFER_DEPTH8_4390
                                area_0Kto1K CLOCK65LPLVT  automatic-by-area
pulpino_top_i/peripherals_i/axi_spi_slave_i/axi_spi_slave_i/u_dcfifo_tx/u_din/full/full_synch
                   dc_synchronizer_WIDTH1_RESET_VALUE1h0_4391
                                area_0Kto1K CLOCK65LPLVT  automatic-by-area
pulpino_top_i/peripherals_i/axi_spi_slave_i/axi_spi_slave_i/u_dcfifo_tx/u_din/write_tr
                   dc_token_ring_BUFFER_DEPTH8_RESET_VALUE32h0000000c_4394
                                area_0Kto1K CLOCK65LPLVT  automatic-by-area
pulpino_top_i/peripherals_i/axi_spi_slave_i/axi_spi_slave_i/u_dcfifo_tx/u_din/buffer
                   dc_data_buffer_DATA_WIDTH32_BUFFER_DEPTH8_4389
                                area_24Kto30K
                                            CLOCK65LPLVT  automatic-by-area
pulpino_top_i/peripherals_i/axi_spi_slave_i/axi_spi_slave_i/u_txreg
                   spi_slave_tx area_18Kto24K
                                            CLOCK65LPLVT  automatic-by-area
pulpino_top_i/peripherals_i/apb_uart_i
                   apb_uart     area_156Kto234K
                                            CLOCK65LPLVT  automatic-by-area
pulpino_top_i/peripherals_i/apb_uart_i/UART_PEDET
                   slib_edge_detect_4594
                                area_0Kto1K CLOCK65LPLVT  automatic-by-area
pulpino_top_i/peripherals_i/apb_uart_i/UART_FEDET
                   slib_edge_detect_4593
                                area_0Kto1K CLOCK65LPLVT  automatic-by-area
pulpino_top_i/peripherals_i/apb_uart_i/UART_ED_RI
                   slib_edge_detect_4589
                                area_0Kto1K CLOCK65LPLVT  automatic-by-area
pulpino_top_i/peripherals_i/apb_uart_i/UART_IS_DCD
                   slib_input_sync_4_4597
                                area_0Kto1K CLOCK65LPLVT  automatic-by-area
pulpino_top_i/peripherals_i/apb_uart_i/UART_TXFF
                   slib_fifo_WIDTH8_SIZE_E6
                                area_54Kto60K
                                            CLOCK65LPLVT  automatic-by-area
pulpino_top_i/peripherals_i/apb_uart_i/UART_BG2
                   slib_clock_div_RATIO8
                                area_0Kto1K CLOCK65LPLVT  automatic-by-area
pulpino_top_i/peripherals_i/apb_uart_i/UART_ED_DSR
                   slib_edge_detect_4590
                                area_0Kto1K CLOCK65LPLVT  automatic-by-area
pulpino_top_i/peripherals_i/apb_uart_i/UART_RX
                   uart_receiver
                                area_5Kto6K CLOCK65LPLVT  automatic-by-area
pulpino_top_i/peripherals_i/apb_uart_i/UART_RX/RX_MVF
                   slib_mv_filter_WIDTH4_THRESHOLD10
                                area_0Kto1K CLOCK65LPLVT  automatic-by-area
pulpino_top_i/peripherals_i/apb_uart_i/UART_RX/RX_IFSB
                   slib_input_filter_SIZE4
                                area_0Kto1K CLOCK65LPLVT  automatic-by-area
pulpino_top_i/peripherals_i/apb_uart_i/UART_RX/RX_BRC
                   slib_counter_WIDTH4
                                area_0Kto1K CLOCK65LPLVT  automatic-by-area
pulpino_top_i/peripherals_i/apb_uart_i/UART_TX
                   uart_transmitter
                                area_1Kto2K CLOCK65LPLVT  automatic-by-area
pulpino_top_i/peripherals_i/apb_uart_i/UART_RXFF
                   slib_fifo_WIDTH11_SIZE_E6
                                area_78Kto156K
                                            CLOCK65LPLVT  automatic-by-area
pulpino_top_i/peripherals_i/apb_uart_i/UART_BIDET
                   slib_edge_detect_4592
                                area_0Kto1K CLOCK65LPLVT  automatic-by-area
pulpino_top_i/peripherals_i/apb_uart_i/UART_IF_RI
                   slib_input_filter_SIZE2_3
                                area_0Kto1K CLOCK65LPLVT  automatic-by-area
pulpino_top_i/peripherals_i/apb_uart_i/UART_IIC
                   uart_interrupt
                                area_0Kto1K CLOCK65LPLVT  automatic-by-area
pulpino_top_i/peripherals_i/apb_uart_i/UART_IS_SIN
                   slib_input_sync
                                area_0Kto1K CLOCK65LPLVT  automatic-by-area
pulpino_top_i/peripherals_i/apb_uart_i/UART_IF_DCD
                   slib_input_filter_SIZE2_3_4596
                                area_0Kto1K CLOCK65LPLVT  automatic-by-area
pulpino_top_i/peripherals_i/apb_uart_i/UART_ED_CTS
                   slib_edge_detect_4591
                                area_0Kto1K CLOCK65LPLVT  automatic-by-area
pulpino_top_i/peripherals_i/apb_uart_i/UART_IIC_THRE_ED
                   slib_edge_detect
                                area_0Kto1K CLOCK65LPLVT  automatic-by-area
pulpino_top_i/peripherals_i/apb_uart_i/UART_IS_RI
                   slib_input_sync_4
                                area_0Kto1K CLOCK65LPLVT  automatic-by-area
pulpino_top_i/peripherals_i/apb_uart_i/UART_RCLK
                   slib_edge_detect_4587
                                area_0Kto1K CLOCK65LPLVT  automatic-by-area
pulpino_top_i/peripherals_i/apb_uart_i/UART_ED_DCD
                   slib_edge_detect_4588
                                area_0Kto1K CLOCK65LPLVT  automatic-by-area
pulpino_top_i/peripherals_i/apb_uart_i/UART_BG16
                   uart_baudgen area_2Kto3K CLOCK65LPLVT  automatic-by-area
pulpino_top_i/peripherals_i/genblk1[5].core_clock_gate
                   cluster_clock_gating_4362
                                area_0Kto1K CLOCK65LPLVT  automatic-by-area
pulpino_top_i/clk_rst_gen_i
                   clk_rst_gen  area_0Kto1K CLOCK65LPLVT  automatic-by-area
pulpino_top_i/clk_rst_gen_i/i_rst_gen_soc
                   rstgen       area_0Kto1K CLOCK65LPLVT  automatic-by-area
pulpino_top_i/core_region_i
                   core_region_AXI_ADDR_WIDTH32_AXI_DATA_WIDTH32_AXI_ID_MASTER_WIDTH2_AXI_ID_SLAVE_WIDTH4_AXI_USER_WIDTH1_USE_ZERO_RISCY0_RISCY_RV32F0_ZERO_RV32M1_ZERO_RV32E0_core_master_AXI_BUS_AXI_ADDR_WIDTH32_AXI_DATA_WIDTH32_AXI_ID_WIDTH2_AXI_USER_WIDTH1_Master_dbg_master_AXI_BUS_AXI_ADDR_WIDTH32_AXI_DATA_WIDTH32_AXI_ID_WIDTH2_AXI_USER_WIDTH1_Master_data_slave_AXI_BUS_AXI_ADDR_WIDTH32_AXI_DATA_WIDTH32_AXI_ID_WIDTH4_AXI_USER_WIDTH1_Slave_instr_slave_AXI_BUS_AXI_ADDR_WIDTH32_AXI_DATA_WIDTH32_AXI_ID_WIDTH4_AXI_USER_WIDTH1_Slave_debug_DEBUG_BUS_Slave
                                area_780Kto1170K
                                            CLOCK65LPLVT  automatic-by-area
pulpino_top_i/core_region_i/data_mem_axi_if
                   axi_mem_if_SP_wrap_AXI_ADDR_WIDTH32_AXI_DATA_WIDTH32_AXI_ID_WIDTH4_AXI_USER_WIDTH1_MEM_ADDR_WIDTH15_slave_AXI_BUS_AXI_ADDR_WIDTH32_AXI_DATA_WIDTH32_AXI_ID_WIDTH4_AXI_USER_WIDTH1_Slave
                                area_66Kto72K
                                            CLOCK65LPLVT  automatic-by-area
pulpino_top_i/core_region_i/data_mem_axi_if/axi_mem_if_SP_i
                   axi_mem_if_SP_AXI4_ADDRESS_WIDTH32_AXI4_RDATA_WIDTH32_AXI4_WDATA_WIDTH32_AXI4_ID_WIDTH4_AXI4_USER_WIDTH1_MEM_ADDR_WIDTH15
                                area_66Kto72K
                                            CLOCK65LPLVT  automatic-by-area
pulpino_top_i/core_region_i/data_mem_axi_if/axi_mem_if_SP_i/WRITE_CTRL
                   axi_write_only_ctrl_AXI4_ADDRESS_WIDTH32_AXI4_RDATA_WIDTH32_AXI4_WDATA_WIDTH32_AXI4_ID_WIDTH4_AXI4_USER_WIDTH1_AXI_NUMBYTES4_MEM_ADDR_WIDTH15
                                area_3Kto4K CLOCK65LPLVT  automatic-by-area
pulpino_top_i/core_region_i/data_mem_axi_if/axi_mem_if_SP_i/Slave_aw_buffer_LP
                   axi_aw_buffer_ID_WIDTH4_ADDR_WIDTH32_USER_WIDTH1_BUFFER_DEPTH4_3227
                                area_8Kto9K CLOCK65LPLVT  automatic-by-area
pulpino_top_i/core_region_i/data_mem_axi_if/axi_mem_if_SP_i/Slave_aw_buffer_LP/buffer_i
                   generic_fifo_DATA_WIDTH66_DATA_DEPTH4_4468
                                area_8Kto9K CLOCK65LPLVT  automatic-by-area
pulpino_top_i/core_region_i/data_mem_axi_if/axi_mem_if_SP_i/Slave_aw_buffer_LP/buffer_i/cg_cell
                   cluster_clock_gating_31_4374
                                area_0Kto1K CLOCK65LPLVT  automatic-by-area
pulpino_top_i/core_region_i/data_mem_axi_if/axi_mem_if_SP_i/Slave_ar_buffer_LP
                   axi_ar_buffer_ID_WIDTH4_ADDR_WIDTH32_USER_WIDTH1_BUFFER_DEPTH4_3226
                                area_7Kto8K CLOCK65LPLVT  automatic-by-area
pulpino_top_i/core_region_i/data_mem_axi_if/axi_mem_if_SP_i/Slave_ar_buffer_LP/buffer_i
                   generic_fifo_DATA_WIDTH66_DATA_DEPTH4_3
                                area_7Kto8K CLOCK65LPLVT  automatic-by-area
pulpino_top_i/core_region_i/data_mem_axi_if/axi_mem_if_SP_i/Slave_ar_buffer_LP/buffer_i/cg_cell
                   cluster_clock_gating_31_4381
                                area_0Kto1K CLOCK65LPLVT  automatic-by-area
pulpino_top_i/core_region_i/data_mem_axi_if/axi_mem_if_SP_i/Slave_w_buffer_LP
                   axi_w_buffer_DATA_WIDTH32_USER_WIDTH1_BUFFER_DEPTH4_3234
                                area_12Kto18K
                                            CLOCK65LPLVT  automatic-by-area
pulpino_top_i/core_region_i/data_mem_axi_if/axi_mem_if_SP_i/Slave_w_buffer_LP/buffer_i
                   generic_fifo_DATA_WIDTH38_DATA_DEPTH4_4461
                                area_12Kto18K
                                            CLOCK65LPLVT  automatic-by-area
pulpino_top_i/core_region_i/data_mem_axi_if/axi_mem_if_SP_i/Slave_w_buffer_LP/buffer_i/cg_cell
                   cluster_clock_gating_31_4376
                                area_0Kto1K CLOCK65LPLVT  automatic-by-area
pulpino_top_i/core_region_i/data_mem_axi_if/axi_mem_if_SP_i/Slave_r_buffer_LP
                   axi_r_buffer_ID_WIDTH4_DATA_WIDTH32_USER_WIDTH1_BUFFER_DEPTH4_3231
                                area_12Kto18K
                                            CLOCK65LPLVT  automatic-by-area
pulpino_top_i/core_region_i/data_mem_axi_if/axi_mem_if_SP_i/Slave_r_buffer_LP/buffer_i
                   generic_fifo_DATA_WIDTH40_DATA_DEPTH4_4463
                                area_12Kto18K
                                            CLOCK65LPLVT  automatic-by-area
pulpino_top_i/core_region_i/data_mem_axi_if/axi_mem_if_SP_i/Slave_r_buffer_LP/buffer_i/cg_cell
                   cluster_clock_gating_31_4378
                                area_0Kto1K CLOCK65LPLVT  automatic-by-area
pulpino_top_i/core_region_i/data_mem_axi_if/axi_mem_if_SP_i/Slave_b_buffer_LP
                   axi_b_buffer_ID_WIDTH4_USER_WIDTH1_BUFFER_DEPTH4_3228
                                area_2Kto3K CLOCK65LPLVT  automatic-by-area
pulpino_top_i/core_region_i/data_mem_axi_if/axi_mem_if_SP_i/Slave_b_buffer_LP/buffer_i
                   generic_fifo_DATA_WIDTH7_DATA_DEPTH4_4470
                                area_2Kto3K CLOCK65LPLVT  automatic-by-area
pulpino_top_i/core_region_i/data_mem_axi_if/axi_mem_if_SP_i/Slave_b_buffer_LP/buffer_i/cg_cell
                   cluster_clock_gating_31_4380
                                area_0Kto1K CLOCK65LPLVT  automatic-by-area
pulpino_top_i/core_region_i/data_mem_axi_if/axi_mem_if_SP_i/READ_CTRL
                   axi_read_only_ctrl_AXI4_ADDRESS_WIDTH32_AXI4_RDATA_WIDTH32_AXI4_WDATA_WIDTH32_AXI4_ID_WIDTH4_AXI4_USER_WIDTH1_AXI_NUMBYTES4_MEM_ADDR_WIDTH15
                                area_8Kto9K CLOCK65LPLVT  automatic-by-area
pulpino_top_i/core_region_i/instr_ram_mux_i
                   ram_mux_ADDR_WIDTH16_OUT_WIDTH32_IN0_WIDTH32_IN1_WIDTH32
                                area_0Kto1K CLOCK65LPLVT  automatic-by-area
pulpino_top_i/core_region_i/axi_slice_core2axi
                   axi_slice_wrap_AXI_ADDR_WIDTH32_AXI_DATA_WIDTH32_AXI_USER_WIDTH1_AXI_ID_WIDTH2_SLICE_DEPTH2_axi_slave_AXI_BUS_AXI_ADDR_WIDTH32_AXI_DATA_WIDTH32_AXI_ID_WIDTH2_AXI_USER_WIDTH1_Slave_axi_master_AXI_BUS_AXI_ADDR_WIDTH32_AXI_DATA_WIDTH32_AXI_ID_WIDTH2_AXI_USER_WIDTH1_Master
                                area_30Kto36K
                                            CLOCK65LPLVT  automatic-by-area
pulpino_top_i/core_region_i/axi_slice_core2axi/WITH_SLICE.axi_slice_i
                   axi_slice_AXI_ADDR_WIDTH32_AXI_DATA_WIDTH32_AXI_USER_WIDTH1_AXI_ID_WIDTH2_SLICE_DEPTH2
                                area_30Kto36K
                                            CLOCK65LPLVT  automatic-by-area
pulpino_top_i/core_region_i/axi_slice_core2axi/WITH_SLICE.axi_slice_i/aw_buffer_i
                   axi_aw_buffer_ID_WIDTH2_ADDR_WIDTH32_USER_WIDTH1_BUFFER_DEPTH2
                                area_7Kto8K CLOCK65LPLVT  automatic-by-area
pulpino_top_i/core_region_i/axi_slice_core2axi/WITH_SLICE.axi_slice_i/aw_buffer_i/buffer_i
                   generic_fifo_DATA_WIDTH64_DATA_DEPTH2
                                area_7Kto8K CLOCK65LPLVT  automatic-by-area
pulpino_top_i/core_region_i/axi_slice_core2axi/WITH_SLICE.axi_slice_i/aw_buffer_i/buffer_i/cg_cell
                   cluster_clock_gating_1
                                area_0Kto1K CLOCK65LPLVT  automatic-by-area
pulpino_top_i/core_region_i/axi_slice_core2axi/WITH_SLICE.axi_slice_i/ar_buffer_i
                   axi_ar_buffer_ID_WIDTH2_ADDR_WIDTH32_USER_WIDTH1_BUFFER_DEPTH2
                                area_7Kto8K CLOCK65LPLVT  automatic-by-area
pulpino_top_i/core_region_i/axi_slice_core2axi/WITH_SLICE.axi_slice_i/ar_buffer_i/buffer_i
                   generic_fifo_DATA_WIDTH64_DATA_DEPTH2_4466
                                area_7Kto8K CLOCK65LPLVT  automatic-by-area
pulpino_top_i/core_region_i/axi_slice_core2axi/WITH_SLICE.axi_slice_i/ar_buffer_i/buffer_i/cg_cell
                   cluster_clock_gating_1_4371
                                area_0Kto1K CLOCK65LPLVT  automatic-by-area
pulpino_top_i/core_region_i/axi_slice_core2axi/WITH_SLICE.axi_slice_i/b_buffer_i
                   axi_b_buffer_ID_WIDTH2_USER_WIDTH1_BUFFER_DEPTH2
                                area_0Kto1K CLOCK65LPLVT  automatic-by-area
pulpino_top_i/core_region_i/axi_slice_core2axi/WITH_SLICE.axi_slice_i/b_buffer_i/buffer_i
                   generic_fifo_DATA_WIDTH5_DATA_DEPTH2
                                area_0Kto1K CLOCK65LPLVT  automatic-by-area
pulpino_top_i/core_region_i/axi_slice_core2axi/WITH_SLICE.axi_slice_i/w_buffer_i
                   axi_w_buffer_DATA_WIDTH32_USER_WIDTH1_BUFFER_DEPTH2
                                area_9Kto12K
                                            CLOCK65LPLVT  automatic-by-area
pulpino_top_i/core_region_i/axi_slice_core2axi/WITH_SLICE.axi_slice_i/w_buffer_i/buffer_i
                   generic_fifo_DATA_WIDTH38_DATA_DEPTH2
                                area_9Kto12K
                                            CLOCK65LPLVT  automatic-by-area
pulpino_top_i/core_region_i/axi_slice_core2axi/WITH_SLICE.axi_slice_i/w_buffer_i/buffer_i/cg_cell
                   cluster_clock_gating_34_4385
                                area_0Kto1K CLOCK65LPLVT  automatic-by-area
pulpino_top_i/core_region_i/axi_slice_core2axi/WITH_SLICE.axi_slice_i/r_buffer_i
                   axi_r_buffer_ID_WIDTH2_DATA_WIDTH32_USER_WIDTH1_BUFFER_DEPTH2
                                area_8Kto9K CLOCK65LPLVT  automatic-by-area
pulpino_top_i/core_region_i/axi_slice_core2axi/WITH_SLICE.axi_slice_i/r_buffer_i/buffer_i
                   generic_fifo_DATA_WIDTH38_DATA_DEPTH2_1
                                area_8Kto9K CLOCK65LPLVT  automatic-by-area
pulpino_top_i/core_region_i/axi_slice_core2axi/WITH_SLICE.axi_slice_i/r_buffer_i/buffer_i/cg_cell
                   cluster_clock_gating_31_4372
                                area_0Kto1K CLOCK65LPLVT  automatic-by-area
pulpino_top_i/core_region_i/core2axi_i
                   core2axi_wrap_AXI_ADDR_WIDTH32_AXI_DATA_WIDTH32_AXI_USER_WIDTH1_AXI_ID_WIDTH2_REGISTERED_GRANT40h46414c5345_master_AXI_BUS_AXI_ADDR_WIDTH32_AXI_DATA_WIDTH32_AXI_ID_WIDTH2_AXI_USER_WIDTH1_Master
                                area_0Kto1K CLOCK65LPLVT  automatic-by-area
pulpino_top_i/core_region_i/core2axi_i/core2axi_i
                   core2axi_AXI4_ADDRESS_WIDTH32_AXI4_RDATA_WIDTH32_AXI4_WDATA_WIDTH32_AXI4_ID_WIDTH2_AXI4_USER_WIDTH1_REGISTERED_GRANT40h46414c5345
                                area_0Kto1K CLOCK65LPLVT  automatic-by-area
pulpino_top_i/core_region_i/adv_dbg_if_i
                   adv_dbg_if_NB_CORES1_AXI_ADDR_WIDTH32_AXI_DATA_WIDTH32_AXI_USER_WIDTH1_AXI_ID_WIDTH2
                                area_156Kto234K
                                            CLOCK65LPLVT  automatic-by-area
pulpino_top_i/core_region_i/adv_dbg_if_i/dbg_module_i
                   adbg_top_NB_CORES1_AXI_ADDR_WIDTH32_AXI_DATA_WIDTH32_AXI_USER_WIDTH1_AXI_ID_WIDTH2
                                area_156Kto234K
                                            CLOCK65LPLVT  automatic-by-area
pulpino_top_i/core_region_i/adv_dbg_if_i/dbg_module_i/i_dbg_axi
                   adbg_axi_module_AXI_ADDR_WIDTH32_AXI_DATA_WIDTH32_AXI_USER_WIDTH1_AXI_ID_WIDTH2
                                area_78Kto156K
                                            CLOCK65LPLVT  automatic-by-area
pulpino_top_i/core_region_i/adv_dbg_if_i/dbg_module_i/i_dbg_axi/axi_crc_i
                   adbg_crc32   area_12Kto18K
                                            CLOCK65LPLVT  automatic-by-area
pulpino_top_i/core_region_i/adv_dbg_if_i/dbg_module_i/i_dbg_axi/csa_tree_sub_423_47
                   csa_tree     area_0Kto1K CLOCK65LPLVT  automatic-by-area
pulpino_top_i/core_region_i/adv_dbg_if_i/dbg_module_i/i_dbg_axi/add_383_50
                   add_unsigned_2771
                                area_0Kto1K CLOCK65LPLVT  automatic-by-area
pulpino_top_i/core_region_i/adv_dbg_if_i/dbg_module_i/i_dbg_axi/axi_biu_i
                   adbg_axi_biu_AXI_ADDR_WIDTH32_AXI_DATA_WIDTH32_AXI_USER_WIDTH1_AXI_ID_WIDTH2
                                area_36Kto42K
                                            CLOCK65LPLVT  automatic-by-area
pulpino_top_i/core_region_i/adv_dbg_if_i/dbg_module_i/i_dbg_cpu_or1k
                   adbg_or1k_module_NB_CORES1
                                area_36Kto42K
                                            CLOCK65LPLVT  automatic-by-area
pulpino_top_i/core_region_i/adv_dbg_if_i/dbg_module_i/i_dbg_cpu_or1k/or1k_crc_i
                   adbg_crc32_3024
                                area_12Kto18K
                                            CLOCK65LPLVT  automatic-by-area
pulpino_top_i/core_region_i/adv_dbg_if_i/dbg_module_i/i_dbg_cpu_or1k/or1k_biu_i
                   adbg_or1k_biu_NB_CORES1
                                area_3Kto4K CLOCK65LPLVT  automatic-by-area
pulpino_top_i/core_region_i/adv_dbg_if_i/dbg_module_i/i_dbg_cpu_or1k/or1k_statusreg_i
                   adbg_or1k_status_reg_NB_CORES1
                                area_0Kto1K CLOCK65LPLVT  automatic-by-area
pulpino_top_i/core_region_i/adv_dbg_if_i/dbg_module_i/i_dbg_cpu_or1k/csa_tree_sub_321_47
                   csa_tree_1   area_0Kto1K CLOCK65LPLVT  automatic-by-area
pulpino_top_i/core_region_i/adv_dbg_if_i/cluster_tap_i
                   adbg_tap_top area_24Kto30K
                                            CLOCK65LPLVT  automatic-by-area
pulpino_top_i/core_region_i/instr_mem
                   instr_ram_wrap_RAM_SIZE32768_DATA_WIDTH32
                                area_234Kto312K
                                            CLOCK65LPLVT  automatic-by-area
pulpino_top_i/core_region_i/instr_mem/sp_ram_wrap_i
                   sp_ram_wrap_RAM_SIZE32768_DATA_WIDTH32
                                area_234Kto312K
                                            CLOCK65LPLVT  automatic-by-area
pulpino_top_i/core_region_i/instr_mem/boot_rom_wrap_i
                   boot_rom_wrap_DATA_WIDTH32
                                area_6Kto7K CLOCK65LPLVT  automatic-by-area
pulpino_top_i/core_region_i/instr_mem/boot_rom_wrap_i/boot_code_i
                   boot_code    area_6Kto7K CLOCK65LPLVT  automatic-by-area
pulpino_top_i/core_region_i/instr_mem_axi_if
                   axi_mem_if_SP_wrap_AXI_ADDR_WIDTH32_AXI_DATA_WIDTH32_AXI_ID_WIDTH4_AXI_USER_WIDTH1_MEM_ADDR_WIDTH16_slave_AXI_BUS_AXI_ADDR_WIDTH32_AXI_DATA_WIDTH32_AXI_ID_WIDTH4_AXI_USER_WIDTH1_Slave
                                area_66Kto72K
                                            CLOCK65LPLVT  automatic-by-area
pulpino_top_i/core_region_i/instr_mem_axi_if/axi_mem_if_SP_i
                   axi_mem_if_SP_AXI4_ADDRESS_WIDTH32_AXI4_RDATA_WIDTH32_AXI4_WDATA_WIDTH32_AXI4_ID_WIDTH4_AXI4_USER_WIDTH1_MEM_ADDR_WIDTH16
                                area_66Kto72K
                                            CLOCK65LPLVT  automatic-by-area
pulpino_top_i/core_region_i/instr_mem_axi_if/axi_mem_if_SP_i/WRITE_CTRL
                   axi_write_only_ctrl_AXI4_ADDRESS_WIDTH32_AXI4_RDATA_WIDTH32_AXI4_WDATA_WIDTH32_AXI4_ID_WIDTH4_AXI4_USER_WIDTH1_AXI_NUMBYTES4_MEM_ADDR_WIDTH16
                                area_3Kto4K CLOCK65LPLVT  automatic-by-area
pulpino_top_i/core_region_i/instr_mem_axi_if/axi_mem_if_SP_i/Slave_aw_buffer_LP
                   axi_aw_buffer_ID_WIDTH4_ADDR_WIDTH32_USER_WIDTH1_BUFFER_DEPTH4
                                area_8Kto9K CLOCK65LPLVT  automatic-by-area
pulpino_top_i/core_region_i/instr_mem_axi_if/axi_mem_if_SP_i/Slave_aw_buffer_LP/buffer_i
                   generic_fifo_DATA_WIDTH66_DATA_DEPTH4
                                area_8Kto9K CLOCK65LPLVT  automatic-by-area
pulpino_top_i/core_region_i/instr_mem_axi_if/axi_mem_if_SP_i/Slave_aw_buffer_LP/buffer_i/cg_cell
                   cluster_clock_gating_31_4373
                                area_0Kto1K CLOCK65LPLVT  automatic-by-area
pulpino_top_i/core_region_i/instr_mem_axi_if/axi_mem_if_SP_i/Slave_ar_buffer_LP
                   axi_ar_buffer_ID_WIDTH4_ADDR_WIDTH32_USER_WIDTH1_BUFFER_DEPTH4
                                area_8Kto9K CLOCK65LPLVT  automatic-by-area
pulpino_top_i/core_region_i/instr_mem_axi_if/axi_mem_if_SP_i/Slave_ar_buffer_LP/buffer_i
                   generic_fifo_DATA_WIDTH66_DATA_DEPTH4_3_4469
                                area_8Kto9K CLOCK65LPLVT  automatic-by-area
pulpino_top_i/core_region_i/instr_mem_axi_if/axi_mem_if_SP_i/Slave_ar_buffer_LP/buffer_i/cg_cell
                   cluster_clock_gating_31_4382
                                area_0Kto1K CLOCK65LPLVT  automatic-by-area
pulpino_top_i/core_region_i/instr_mem_axi_if/axi_mem_if_SP_i/Slave_w_buffer_LP
                   axi_w_buffer_DATA_WIDTH32_USER_WIDTH1_BUFFER_DEPTH4
                                area_18Kto24K
                                            CLOCK65LPLVT  automatic-by-area
pulpino_top_i/core_region_i/instr_mem_axi_if/axi_mem_if_SP_i/Slave_w_buffer_LP/buffer_i
                   generic_fifo_DATA_WIDTH38_DATA_DEPTH4
                                area_18Kto24K
                                            CLOCK65LPLVT  automatic-by-area
pulpino_top_i/core_region_i/instr_mem_axi_if/axi_mem_if_SP_i/Slave_w_buffer_LP/buffer_i/cg_cell
                   cluster_clock_gating_31_4375
                                area_0Kto1K CLOCK65LPLVT  automatic-by-area
pulpino_top_i/core_region_i/instr_mem_axi_if/axi_mem_if_SP_i/Slave_r_buffer_LP
                   axi_r_buffer_ID_WIDTH4_DATA_WIDTH32_USER_WIDTH1_BUFFER_DEPTH4
                                area_12Kto18K
                                            CLOCK65LPLVT  automatic-by-area
pulpino_top_i/core_region_i/instr_mem_axi_if/axi_mem_if_SP_i/Slave_r_buffer_LP/buffer_i
                   generic_fifo_DATA_WIDTH40_DATA_DEPTH4
                                area_12Kto18K
                                            CLOCK65LPLVT  automatic-by-area
pulpino_top_i/core_region_i/instr_mem_axi_if/axi_mem_if_SP_i/Slave_r_buffer_LP/buffer_i/cg_cell
                   cluster_clock_gating_31_4377
                                area_0Kto1K CLOCK65LPLVT  automatic-by-area
pulpino_top_i/core_region_i/instr_mem_axi_if/axi_mem_if_SP_i/Slave_b_buffer_LP
                   axi_b_buffer_ID_WIDTH4_USER_WIDTH1_BUFFER_DEPTH4
                                area_2Kto3K CLOCK65LPLVT  automatic-by-area
pulpino_top_i/core_region_i/instr_mem_axi_if/axi_mem_if_SP_i/Slave_b_buffer_LP/buffer_i
                   generic_fifo_DATA_WIDTH7_DATA_DEPTH4
                                area_2Kto3K CLOCK65LPLVT  automatic-by-area
pulpino_top_i/core_region_i/instr_mem_axi_if/axi_mem_if_SP_i/Slave_b_buffer_LP/buffer_i/cg_cell
                   cluster_clock_gating_31_4379
                                area_0Kto1K CLOCK65LPLVT  automatic-by-area
pulpino_top_i/core_region_i/instr_mem_axi_if/axi_mem_if_SP_i/READ_CTRL
                   axi_read_only_ctrl_AXI4_ADDRESS_WIDTH32_AXI4_RDATA_WIDTH32_AXI4_WDATA_WIDTH32_AXI4_ID_WIDTH4_AXI4_USER_WIDTH1_AXI_NUMBYTES4_MEM_ADDR_WIDTH16
                                area_8Kto9K CLOCK65LPLVT  automatic-by-area
pulpino_top_i/core_region_i/data_mem
                   sp_ram_wrap_RAM_SIZE32768_DATA_WIDTH32_4598
                                area_234Kto312K
                                            CLOCK65LPLVT  automatic-by-area
pulpino_top_i/core_region_i/data_ram_mux_i
                   ram_mux_ADDR_WIDTH15_OUT_WIDTH32_IN0_WIDTH32_IN1_WIDTH32
                                area_0Kto1K CLOCK65LPLVT  automatic-by-area
pulpino_top_i/core_region_i/CORE.RISCV_CORE
                   riscv_core_N_EXT_PERF_COUNTERS0_FPU0_SHARED_FP0_SHARED_FP_DIVSQRT2
                                area_234Kto312K
                                            CLOCK65LPLVT  automatic-by-area
pulpino_top_i/core_region_i/CORE.RISCV_CORE/load_store_unit_i
                   riscv_load_store_unit
                                area_7Kto8K CLOCK65LPLVT  automatic-by-area
pulpino_top_i/core_region_i/CORE.RISCV_CORE/load_store_unit_i/final_adder_mux_463_27
                   add_unsigned_6639
                                area_0Kto1K CLOCK65LPLVT  automatic-by-area
pulpino_top_i/core_region_i/CORE.RISCV_CORE/cs_registers_i
                   riscv_cs_registers_N_EXT_CNT0_APU0_FPU0_PULP_SECURE0
                                area_9Kto12K
                                            CLOCK65LPLVT  automatic-by-area
pulpino_top_i/core_region_i/CORE.RISCV_CORE/cs_registers_i/inc_ADD_UNS_OP_62
                   increment_unsigned_6631
                                area_0Kto1K CLOCK65LPLVT  automatic-by-area
pulpino_top_i/core_region_i/CORE.RISCV_CORE/debug_unit_i
                   riscv_debug_unit
                                area_8Kto9K CLOCK65LPLVT  automatic-by-area
pulpino_top_i/core_region_i/CORE.RISCV_CORE/id_stage_i
                   riscv_id_stage_N_HWLP2_PULP_SECURE0_FPU0_APU0_SHARED_FP0_SHARED_DSP_MULT0_SHARED_INT_DIV0_SHARED_FP_DIVSQRT2_WAPUTYPE0_APU_NARGS_CPU3_APU_WOP_CPU6_APU_NDSFLAGS_CPU15_APU_NUSFLAGS_CPU5
                                area_156Kto234K
                                            CLOCK65LPLVT  automatic-by-area
pulpino_top_i/core_region_i/CORE.RISCV_CORE/id_stage_i/controller_i
                   riscv_controller_FPU0
                                area_1Kto2K CLOCK65LPLVT  automatic-by-area
pulpino_top_i/core_region_i/CORE.RISCV_CORE/id_stage_i/add_581_38
                   add_unsigned_1336_3036
                                area_0Kto1K CLOCK65LPLVT  automatic-by-area
pulpino_top_i/core_region_i/CORE.RISCV_CORE/id_stage_i/hwloop_regs_i
                   riscv_hwloop_regs_N_REGS2
                                area_18Kto24K
                                            CLOCK65LPLVT  automatic-by-area
pulpino_top_i/core_region_i/CORE.RISCV_CORE/id_stage_i/hwloop_regs_i/dec_sub_103_50_I2_64
                   decrement_unsigned_6632_15086
                                area_0Kto1K CLOCK65LPLVT  automatic-by-area
pulpino_top_i/core_region_i/CORE.RISCV_CORE/id_stage_i/hwloop_regs_i/dec_sub_103_50_I1_63
                   decrement_unsigned_6632
                                area_0Kto1K CLOCK65LPLVT  automatic-by-area
pulpino_top_i/core_region_i/CORE.RISCV_CORE/id_stage_i/add_580_38
                   add_unsigned_1336
                                area_0Kto1K CLOCK65LPLVT  automatic-by-area
pulpino_top_i/core_region_i/CORE.RISCV_CORE/id_stage_i/add_537_37
                   add_unsigned_1336_3033
                                area_0Kto1K CLOCK65LPLVT  automatic-by-area
pulpino_top_i/core_region_i/CORE.RISCV_CORE/id_stage_i/registers_i
                   riscv_register_file_ADDR_WIDTH6_FPU0
                                area_78Kto156K
                                            CLOCK65LPLVT  automatic-by-area
pulpino_top_i/core_region_i/CORE.RISCV_CORE/id_stage_i/add_536_37
                   add_unsigned_1336_3034
                                area_0Kto1K CLOCK65LPLVT  automatic-by-area
pulpino_top_i/core_region_i/CORE.RISCV_CORE/id_stage_i/decoder_i
                   riscv_decoder_FPU0_PULP_SECURE0_SHARED_FP0_SHARED_DSP_MULT0_SHARED_INT_DIV0_SHARED_FP_DIVSQRT2_WAPUTYPE0_APU_WOP_CPU6
                                area_1Kto2K CLOCK65LPLVT  automatic-by-area
pulpino_top_i/core_region_i/CORE.RISCV_CORE/id_stage_i/dec_sub_468_53_65
                   decrement_unsigned_6632_2
                                area_0Kto1K CLOCK65LPLVT  automatic-by-area
pulpino_top_i/core_region_i/CORE.RISCV_CORE/id_stage_i/add_584_49
                   add_unsigned_1336_3035
                                area_0Kto1K CLOCK65LPLVT  automatic-by-area
pulpino_top_i/core_region_i/CORE.RISCV_CORE/id_stage_i/int_controller_i
                   riscv_int_controller_PULP_SECURE0
                                area_1Kto2K CLOCK65LPLVT  automatic-by-area
pulpino_top_i/core_region_i/CORE.RISCV_CORE/core_clock_gate_i
                   cluster_clock_gating
                                area_0Kto1K CLOCK65LPLVT  automatic-by-area
pulpino_top_i/core_region_i/CORE.RISCV_CORE/ex_stage_i
                   riscv_ex_stage_FPU0_SHARED_FP0_SHARED_DSP_MULT0_SHARED_INT_DIV0_APU_NARGS_CPU3_APU_WOP_CPU6_APU_NDSFLAGS_CPU15_APU_NUSFLAGS_CPU5
                                area_48Kto54K
                                            CLOCK65LPLVT  automatic-by-area
pulpino_top_i/core_region_i/CORE.RISCV_CORE/ex_stage_i/alu_i
                   riscv_alu_SHARED_INT_DIV0_FPU0
                                area_24Kto30K
                                            CLOCK65LPLVT  automatic-by-area
pulpino_top_i/core_region_i/CORE.RISCV_CORE/ex_stage_i/alu_i/sra_269_105
                   arith_shift_right_vlog_unsigned_3158
                                area_0Kto1K CLOCK65LPLVT  automatic-by-area
pulpino_top_i/core_region_i/CORE.RISCV_CORE/ex_stage_i/alu_i/add_182_44
                   add_unsigned_1336_3031
                                area_0Kto1K CLOCK65LPLVT  automatic-by-area
pulpino_top_i/core_region_i/CORE.RISCV_CORE/ex_stage_i/alu_i/csa_mux_b_mux_925_30
                   bmux_6629_1  area_0Kto1K CLOCK65LPLVT  automatic-by-area
pulpino_top_i/core_region_i/CORE.RISCV_CORE/ex_stage_i/alu_i/sll_882_39
                   shift_left_vlog_unsigned_2316
                                area_0Kto1K CLOCK65LPLVT  automatic-by-area
pulpino_top_i/core_region_i/CORE.RISCV_CORE/ex_stage_i/alu_i/sra_270_105
                   arith_shift_right_vlog_unsigned
                                area_0Kto1K CLOCK65LPLVT  automatic-by-area
pulpino_top_i/core_region_i/CORE.RISCV_CORE/ex_stage_i/alu_i/int_div.div_i
                   riscv_alu_div
                                area_12Kto18K
                                            CLOCK65LPLVT  automatic-by-area
pulpino_top_i/core_region_i/CORE.RISCV_CORE/ex_stage_i/alu_i/int_div.div_i/gt_103_58
                   gt_unsigned_1526
                                area_0Kto1K CLOCK65LPLVT  automatic-by-area
pulpino_top_i/core_region_i/CORE.RISCV_CORE/ex_stage_i/alu_i/int_div.div_i/minus_100_38
                   sub_unsigned_1534
                                area_0Kto1K CLOCK65LPLVT  automatic-by-area
pulpino_top_i/core_region_i/CORE.RISCV_CORE/ex_stage_i/alu_i/int_div.div_i/add_107_46
                   add_unsigned_1336_3032
                                area_0Kto1K CLOCK65LPLVT  automatic-by-area
pulpino_top_i/core_region_i/CORE.RISCV_CORE/ex_stage_i/alu_i/int_div.div_i/sub_107_68
                   sub_unsigned_1530
                                area_0Kto1K CLOCK65LPLVT  automatic-by-area
pulpino_top_i/core_region_i/CORE.RISCV_CORE/ex_stage_i/alu_i/srl_283_46
                   shift_right_vlog_unsigned
                                area_1Kto2K CLOCK65LPLVT  automatic-by-area
pulpino_top_i/core_region_i/CORE.RISCV_CORE/ex_stage_i/alu_i/csa_mux_a_mux_925_30
                   bmux_6629    area_0Kto1K CLOCK65LPLVT  automatic-by-area
pulpino_top_i/core_region_i/CORE.RISCV_CORE/ex_stage_i/alu_i/alu_ff_i
                   alu_ff       area_0Kto1K CLOCK65LPLVT  automatic-by-area
pulpino_top_i/core_region_i/CORE.RISCV_CORE/ex_stage_i/alu_i/csa_tree_sub_839_35
                   csa_tree_6624
                                area_0Kto1K CLOCK65LPLVT  automatic-by-area
pulpino_top_i/core_region_i/CORE.RISCV_CORE/ex_stage_i/alu_i/alu_popcnt_i
                   alu_popcnt   area_0Kto1K CLOCK65LPLVT  automatic-by-area
pulpino_top_i/core_region_i/CORE.RISCV_CORE/ex_stage_i/alu_i/alu_popcnt_i/csa_tree_add_1154_39_groupi
                   csa_tree_add_1154_39_group_7925
                                area_0Kto1K CLOCK65LPLVT  automatic-by-area
pulpino_top_i/core_region_i/CORE.RISCV_CORE/ex_stage_i/alu_i/add_168_54
                   add_signed   area_0Kto1K CLOCK65LPLVT  automatic-by-area
pulpino_top_i/core_region_i/CORE.RISCV_CORE/ex_stage_i/mult_i
                   riscv_mult_SHARED_DSP_MULT0
                                area_18Kto24K
                                            CLOCK65LPLVT  automatic-by-area
pulpino_top_i/core_region_i/CORE.RISCV_CORE/ex_stage_i/mult_i/csa_tree_add_270_87_groupi
                   csa_tree_add_270_87_group_7823
                                area_4Kto5K CLOCK65LPLVT  automatic-by-area
pulpino_top_i/core_region_i/CORE.RISCV_CORE/ex_stage_i/mult_i/csa_tree_add_230_63_groupi
                   csa_tree_add_230_63_group_7825
                                area_5Kto6K CLOCK65LPLVT  automatic-by-area
pulpino_top_i/core_region_i/CORE.RISCV_CORE/ex_stage_i/mult_i/csa_tree_add_283_102_groupi
                   csa_tree_add_283_102_group_7827
                                area_5Kto6K CLOCK65LPLVT  automatic-by-area
pulpino_top_i/core_region_i/CORE.RISCV_CORE/ex_stage_i/mult_i/csa_tree_add_114_70_groupi
                   csa_tree_add_114_70_group_7829
                                area_3Kto4K CLOCK65LPLVT  automatic-by-area
pulpino_top_i/core_region_i/CORE.RISCV_CORE/ex_stage_i/mult_i/sra_117_128
                   arith_shift_right_vlog_unsigned_3264
                                area_0Kto1K CLOCK65LPLVT  automatic-by-area
pulpino_top_i/core_region_i/CORE.RISCV_CORE/if_stage_i
                   riscv_if_stage_N_HWLP2_RDATA_WIDTH32_FPU0
                                area_36Kto42K
                                            CLOCK65LPLVT  automatic-by-area
pulpino_top_i/core_region_i/CORE.RISCV_CORE/if_stage_i/prefetch_32.prefetch_buffer_i
                   riscv_prefetch_buffer
                                area_30Kto36K
                                            CLOCK65LPLVT  automatic-by-area
pulpino_top_i/core_region_i/CORE.RISCV_CORE/if_stage_i/prefetch_32.prefetch_buffer_i/add_115_54
                   add_unsigned_3029
                                area_0Kto1K CLOCK65LPLVT  automatic-by-area
pulpino_top_i/core_region_i/CORE.RISCV_CORE/if_stage_i/prefetch_32.prefetch_buffer_i/fifo_i
                   riscv_fetch_fifo
                                area_24Kto30K
                                            CLOCK65LPLVT  automatic-by-area
pulpino_top_i/core_region_i/CORE.RISCV_CORE/if_stage_i/prefetch_32.prefetch_buffer_i/fifo_i/add_182_49
                   add_unsigned area_0Kto1K CLOCK65LPLVT  automatic-by-area
pulpino_top_i/core_region_i/CORE.RISCV_CORE/if_stage_i/compressed_decoder_i
                   riscv_compressed_decoder_FPU0
                                area_1Kto2K CLOCK65LPLVT  automatic-by-area
pulpino_top_i/core_region_i/CORE.RISCV_CORE/if_stage_i/hwloop_controller_i
                   riscv_hwloop_controller_N_REGS2
                                area_0Kto1K CLOCK65LPLVT  automatic-by-area
pulpino_top_i/axi_interconnect_i
                   axi_node_intf_wrap_NB_MASTER3_NB_SLAVE3_AXI_ADDR_WIDTH32_AXI_DATA_WIDTH32_AXI_ID_WIDTH2_AXI_USER_WIDTH1_slave_AXI_BUS_AXI_ADDR_WIDTH32_AXI_DATA_WIDTH32_AXI_ID_WIDTH2_AXI_USER_WIDTH1_Slave_master_AXI_BUS_AXI_ADDR_WIDTH32_AXI_DATA_WIDTH32_AXI_ID_WIDTH4_AXI_USER_WIDTH1_Master
                                area_48Kto54K
                                            CLOCK65LPLVT  automatic-by-area
pulpino_top_i/axi_interconnect_i/axi_node_i
                   axi_node_AXI_ADDRESS_W32_AXI_DATA_W32_AXI_USER_W1_N_MASTER_PORT3_N_SLAVE_PORT3_AXI_ID_IN2_N_REGION1
                                area_48Kto54K
                                            CLOCK65LPLVT  automatic-by-area
pulpino_top_i/axi_interconnect_i/axi_node_i/_RESP_BLOCK_GEN[2].RESP_BLOCK
                   axi_response_block_AXI_ADDRESS_W32_AXI_DATA_W32_AXI_USER_W1_N_INIT_PORT3_N_TARG_PORT3_FIFO_DEPTH_DW8_AXI_ID_IN2_N_REGION1_2
                                area_9Kto12K
                                            CLOCK65LPLVT  automatic-by-area
pulpino_top_i/axi_interconnect_i/axi_node_i/_RESP_BLOCK_GEN[2].RESP_BLOCK/BW_ALLOC
                   axi_BW_allocator_AXI_USER_W1_N_INIT_PORT3_N_TARG_PORT3_AXI_DATA_W32_AXI_ID_IN2_2
                                area_2Kto3K CLOCK65LPLVT  automatic-by-area
pulpino_top_i/axi_interconnect_i/axi_node_i/_RESP_BLOCK_GEN[2].RESP_BLOCK/BW_ALLOC/ARB_TREE.BW_ARB_TREE
                   axi_ArbitrationTree_AUX_WIDTH3_ID_WIDTH2_N_MASTER3_3168
                                area_0Kto1K CLOCK65LPLVT  automatic-by-area
pulpino_top_i/axi_interconnect_i/axi_node_i/_RESP_BLOCK_GEN[2].RESP_BLOCK/BW_ALLOC/ARB_TREE.BW_ARB_TREE/BINARY_TREE.STAGE[1].INCR_VERT[1].LEAF_NODES.FAN_IN_REQ
                   axi_FanInPrimitive_Req_AUX_WIDTH3_ID_WIDTH2_8
                                area_0Kto1K CLOCK65LPLVT  automatic-by-area
pulpino_top_i/axi_interconnect_i/axi_node_i/_RESP_BLOCK_GEN[2].RESP_BLOCK/BW_ALLOC/ARB_TREE.BW_ARB_TREE/BINARY_TREE.STAGE[1].INCR_VERT[0].LEAF_NODES.FAN_IN_REQ
                   axi_FanInPrimitive_Req_AUX_WIDTH3_ID_WIDTH2_3185
                                area_0Kto1K CLOCK65LPLVT  automatic-by-area
pulpino_top_i/axi_interconnect_i/axi_node_i/_RESP_BLOCK_GEN[2].RESP_BLOCK/BW_ALLOC/ARB_TREE.BW_ARB_TREE/RR_REQ
                   axi_RR_Flag_Req_MAX_COUNT3_WIDTH2_3207
                                area_0Kto1K CLOCK65LPLVT  automatic-by-area
pulpino_top_i/axi_interconnect_i/axi_node_i/_RESP_BLOCK_GEN[2].RESP_BLOCK/BW_ALLOC/ARB_TREE.BW_ARB_TREE/BINARY_TREE.STAGE[0].INCR_VERT[0].LAST_NODE.FAN_IN_REQ
                   axi_FanInPrimitive_Req_AUX_WIDTH3_ID_WIDTH2_3187
                                area_0Kto1K CLOCK65LPLVT  automatic-by-area
pulpino_top_i/axi_interconnect_i/axi_node_i/_RESP_BLOCK_GEN[2].RESP_BLOCK/BR_ALLOC
                   axi_BR_allocator_AXI_USER_W1_N_INIT_PORT3_N_TARG_PORT3_AXI_DATA_W32_AXI_ID_IN2_2
                                area_2Kto3K CLOCK65LPLVT  automatic-by-area
pulpino_top_i/axi_interconnect_i/axi_node_i/_RESP_BLOCK_GEN[2].RESP_BLOCK/BR_ALLOC/ARB_TREE.BR_ARB_TREE
                   axi_ArbitrationTree_AUX_WIDTH36_ID_WIDTH2_N_MASTER3_3166
                                area_0Kto1K CLOCK65LPLVT  automatic-by-area
pulpino_top_i/axi_interconnect_i/axi_node_i/_RESP_BLOCK_GEN[2].RESP_BLOCK/BR_ALLOC/ARB_TREE.BR_ARB_TREE/BINARY_TREE.STAGE[1].INCR_VERT[1].LEAF_NODES.FAN_IN_REQ
                   axi_FanInPrimitive_Req_AUX_WIDTH36_ID_WIDTH2_8
                                area_0Kto1K CLOCK65LPLVT  automatic-by-area
pulpino_top_i/axi_interconnect_i/axi_node_i/_RESP_BLOCK_GEN[2].RESP_BLOCK/BR_ALLOC/ARB_TREE.BR_ARB_TREE/BINARY_TREE.STAGE[1].INCR_VERT[0].LEAF_NODES.FAN_IN_REQ
                   axi_FanInPrimitive_Req_AUX_WIDTH36_ID_WIDTH2_3178
                                area_0Kto1K CLOCK65LPLVT  automatic-by-area
pulpino_top_i/axi_interconnect_i/axi_node_i/_RESP_BLOCK_GEN[2].RESP_BLOCK/BR_ALLOC/ARB_TREE.BR_ARB_TREE/RR_REQ
                   axi_RR_Flag_Req_MAX_COUNT3_WIDTH2_3206
                                area_0Kto1K CLOCK65LPLVT  automatic-by-area
pulpino_top_i/axi_interconnect_i/axi_node_i/_RESP_BLOCK_GEN[2].RESP_BLOCK/BR_ALLOC/ARB_TREE.BR_ARB_TREE/BINARY_TREE.STAGE[0].INCR_VERT[0].LAST_NODE.FAN_IN_REQ
                   axi_FanInPrimitive_Req_AUX_WIDTH36_ID_WIDTH2_3180
                                area_0Kto1K CLOCK65LPLVT  automatic-by-area
pulpino_top_i/axi_interconnect_i/axi_node_i/_RESP_BLOCK_GEN[2].RESP_BLOCK/DW_ADDR_DEC
                   axi_address_decoder_DW_N_INIT_PORT3_FIFO_DEPTH8_2
                                area_4Kto5K CLOCK65LPLVT  automatic-by-area
pulpino_top_i/axi_interconnect_i/axi_node_i/_RESP_BLOCK_GEN[2].RESP_BLOCK/DW_ADDR_DEC/MASTER_ID_FIFO
                   generic_fifo_DATA_WIDTH3_DATA_DEPTH8_2
                                area_4Kto5K CLOCK65LPLVT  automatic-by-area
pulpino_top_i/axi_interconnect_i/axi_node_i/_RESP_BLOCK_GEN[2].RESP_BLOCK/DW_ADDR_DEC/MASTER_ID_FIFO/cg_cell
                   cluster_clock_gating_34
                                area_0Kto1K CLOCK65LPLVT  automatic-by-area
pulpino_top_i/axi_interconnect_i/axi_node_i/_RESP_BLOCK_GEN[2].RESP_BLOCK/AW_ADDR_DEC
                   axi_address_decoder_AW_ADDR_WIDTH32_N_INIT_PORT3_N_REGION1_3219
                                area_0Kto1K CLOCK65LPLVT  automatic-by-area
pulpino_top_i/axi_interconnect_i/axi_node_i/_RESP_BLOCK_GEN[2].RESP_BLOCK/AR_ADDR_DEC
                   axi_address_decoder_AR_ADDR_WIDTH32_N_INIT_PORT3_N_REGION1_3217
                                area_0Kto1K CLOCK65LPLVT  automatic-by-area
pulpino_top_i/axi_interconnect_i/axi_node_i/_REQ_BLOCK_GEN[0].REQ_BLOCK
                   axi_request_block_AXI_ADDRESS_W32_AXI_DATA_W32_AXI_USER_W1_N_INIT_PORT3_N_TARG_PORT3_FIFO_DW_DEPTH8_AXI_ID_IN2
                                area_6Kto7K CLOCK65LPLVT  automatic-by-area
pulpino_top_i/axi_interconnect_i/axi_node_i/_REQ_BLOCK_GEN[0].REQ_BLOCK/DW_ALLOC
                   axi_DW_allocator_AXI_USER_W1_N_TARG_PORT3_FIFO_DEPTH8_AXI_DATA_W32
                                area_5Kto6K CLOCK65LPLVT  automatic-by-area
pulpino_top_i/axi_interconnect_i/axi_node_i/_REQ_BLOCK_GEN[0].REQ_BLOCK/DW_ALLOC/WRITE_DATA_MUX
                   axi_multiplexer_DATA_WIDTH38_N_IN3
                                area_0Kto1K CLOCK65LPLVT  automatic-by-area
pulpino_top_i/axi_interconnect_i/axi_node_i/_REQ_BLOCK_GEN[0].REQ_BLOCK/DW_ALLOC/MASTER_ID_FIFO
                   generic_fifo_DATA_WIDTH5_DATA_DEPTH8
                                area_4Kto5K CLOCK65LPLVT  automatic-by-area
pulpino_top_i/axi_interconnect_i/axi_node_i/_REQ_BLOCK_GEN[0].REQ_BLOCK/DW_ALLOC/MASTER_ID_FIFO/cg_cell
                   cluster_clock_gating_31_4383
                                area_0Kto1K CLOCK65LPLVT  automatic-by-area
pulpino_top_i/axi_interconnect_i/axi_node_i/_REQ_BLOCK_GEN[0].REQ_BLOCK/BW_DECODER
                   axi_address_decoder_BW_N_TARG_PORT3_AXI_ID_IN2
                                area_0Kto1K CLOCK65LPLVT  automatic-by-area
pulpino_top_i/axi_interconnect_i/axi_node_i/_REQ_BLOCK_GEN[0].REQ_BLOCK/AW_ALLOCATOR
                   axi_AW_allocator_AXI_ADDRESS_W32_AXI_USER_W1_N_TARG_PORT3_AXI_ID_IN2
                                area_0Kto1K CLOCK65LPLVT  automatic-by-area
pulpino_top_i/axi_interconnect_i/axi_node_i/_REQ_BLOCK_GEN[0].REQ_BLOCK/AW_ALLOCATOR/AW_ARB_TREE
                   axi_ArbitrationTree_AUX_WIDTH64_ID_WIDTH5_N_MASTER3_3174
                                area_0Kto1K CLOCK65LPLVT  automatic-by-area
pulpino_top_i/axi_interconnect_i/axi_node_i/_REQ_BLOCK_GEN[0].REQ_BLOCK/AW_ALLOCATOR/AW_ARB_TREE/BINARY_TREE.STAGE[1].INCR_VERT[1].LEAF_NODES.FAN_IN_REQ
                   axi_FanInPrimitive_Req_AUX_WIDTH64_ID_WIDTH5_17_3202
                                area_0Kto1K CLOCK65LPLVT  automatic-by-area
pulpino_top_i/axi_interconnect_i/axi_node_i/_REQ_BLOCK_GEN[0].REQ_BLOCK/AW_ALLOCATOR/AW_ARB_TREE/BINARY_TREE.STAGE[1].INCR_VERT[0].LEAF_NODES.FAN_IN_REQ
                   axi_FanInPrimitive_Req_AUX_WIDTH64_ID_WIDTH5_1_3196
                                area_0Kto1K CLOCK65LPLVT  automatic-by-area
pulpino_top_i/axi_interconnect_i/axi_node_i/_REQ_BLOCK_GEN[0].REQ_BLOCK/AW_ALLOCATOR/AW_ARB_TREE/RR_REQ
                   axi_RR_Flag_Req_MAX_COUNT3_WIDTH2_3216
                                area_0Kto1K CLOCK65LPLVT  automatic-by-area
pulpino_top_i/axi_interconnect_i/axi_node_i/_REQ_BLOCK_GEN[0].REQ_BLOCK/AW_ALLOCATOR/AW_ARB_TREE/BINARY_TREE.STAGE[0].INCR_VERT[0].LAST_NODE.FAN_IN_REQ
                   axi_FanInPrimitive_Req_AUX_WIDTH64_ID_WIDTH5_3195
                                area_0Kto1K CLOCK65LPLVT  automatic-by-area
pulpino_top_i/axi_interconnect_i/axi_node_i/_REQ_BLOCK_GEN[0].REQ_BLOCK/AR_ALLOCATOR
                   axi_AR_allocator_AXI_ADDRESS_W32_AXI_USER_W1_N_TARG_PORT3_AXI_ID_IN2
                                area_0Kto1K CLOCK65LPLVT  automatic-by-area
pulpino_top_i/axi_interconnect_i/axi_node_i/_REQ_BLOCK_GEN[0].REQ_BLOCK/AR_ALLOCATOR/AW_ARB_TREE
                   axi_ArbitrationTree_AUX_WIDTH64_ID_WIDTH5_N_MASTER3
                                area_0Kto1K CLOCK65LPLVT  automatic-by-area
pulpino_top_i/axi_interconnect_i/axi_node_i/_REQ_BLOCK_GEN[0].REQ_BLOCK/AR_ALLOCATOR/AW_ARB_TREE/BINARY_TREE.STAGE[1].INCR_VERT[1].LEAF_NODES.FAN_IN_REQ
                   axi_FanInPrimitive_Req_AUX_WIDTH64_ID_WIDTH5_17_3201
                                area_0Kto1K CLOCK65LPLVT  automatic-by-area
pulpino_top_i/axi_interconnect_i/axi_node_i/_REQ_BLOCK_GEN[0].REQ_BLOCK/AR_ALLOCATOR/AW_ARB_TREE/BINARY_TREE.STAGE[1].INCR_VERT[0].LEAF_NODES.FAN_IN_REQ
                   axi_FanInPrimitive_Req_AUX_WIDTH64_ID_WIDTH5_1
                                area_0Kto1K CLOCK65LPLVT  automatic-by-area
pulpino_top_i/axi_interconnect_i/axi_node_i/_REQ_BLOCK_GEN[0].REQ_BLOCK/AR_ALLOCATOR/AW_ARB_TREE/RR_REQ
                   axi_RR_Flag_Req_MAX_COUNT3_WIDTH2
                                area_0Kto1K CLOCK65LPLVT  automatic-by-area
pulpino_top_i/axi_interconnect_i/axi_node_i/_REQ_BLOCK_GEN[0].REQ_BLOCK/AR_ALLOCATOR/AW_ARB_TREE/BINARY_TREE.STAGE[0].INCR_VERT[0].LAST_NODE.FAN_IN_REQ
                   axi_FanInPrimitive_Req_AUX_WIDTH64_ID_WIDTH5
                                area_0Kto1K CLOCK65LPLVT  automatic-by-area
pulpino_top_i/axi_interconnect_i/axi_node_i/_REQ_BLOCK_GEN[0].REQ_BLOCK/BR_DECODER
                   axi_address_decoder_BR_N_TARG_PORT3_AXI_ID_IN2
                                area_0Kto1K CLOCK65LPLVT  automatic-by-area
pulpino_top_i/axi_interconnect_i/axi_node_i/_RESP_BLOCK_GEN[0].RESP_BLOCK
                   axi_response_block_AXI_ADDRESS_W32_AXI_DATA_W32_AXI_USER_W1_N_INIT_PORT3_N_TARG_PORT3_FIFO_DEPTH_DW8_AXI_ID_IN2_N_REGION1
                                area_9Kto12K
                                            CLOCK65LPLVT  automatic-by-area
pulpino_top_i/axi_interconnect_i/axi_node_i/_RESP_BLOCK_GEN[0].RESP_BLOCK/BW_ALLOC
                   axi_BW_allocator_AXI_USER_W1_N_INIT_PORT3_N_TARG_PORT3_AXI_DATA_W32_AXI_ID_IN2
                                area_2Kto3K CLOCK65LPLVT  automatic-by-area
pulpino_top_i/axi_interconnect_i/axi_node_i/_RESP_BLOCK_GEN[0].RESP_BLOCK/BW_ALLOC/ARB_TREE.BW_ARB_TREE
                   axi_ArbitrationTree_AUX_WIDTH3_ID_WIDTH2_N_MASTER3
                                area_0Kto1K CLOCK65LPLVT  automatic-by-area
pulpino_top_i/axi_interconnect_i/axi_node_i/_RESP_BLOCK_GEN[0].RESP_BLOCK/BW_ALLOC/ARB_TREE.BW_ARB_TREE/BINARY_TREE.STAGE[1].INCR_VERT[1].LEAF_NODES.FAN_IN_REQ
                   axi_FanInPrimitive_Req_AUX_WIDTH3_ID_WIDTH2_8_3189
                                area_0Kto1K CLOCK65LPLVT  automatic-by-area
pulpino_top_i/axi_interconnect_i/axi_node_i/_RESP_BLOCK_GEN[0].RESP_BLOCK/BW_ALLOC/ARB_TREE.BW_ARB_TREE/BINARY_TREE.STAGE[1].INCR_VERT[0].LEAF_NODES.FAN_IN_REQ
                   axi_FanInPrimitive_Req_AUX_WIDTH3_ID_WIDTH2_3184
                                area_0Kto1K CLOCK65LPLVT  automatic-by-area
pulpino_top_i/axi_interconnect_i/axi_node_i/_RESP_BLOCK_GEN[0].RESP_BLOCK/BW_ALLOC/ARB_TREE.BW_ARB_TREE/RR_REQ
                   axi_RR_Flag_Req_MAX_COUNT3_WIDTH2_3215
                                area_0Kto1K CLOCK65LPLVT  automatic-by-area
pulpino_top_i/axi_interconnect_i/axi_node_i/_RESP_BLOCK_GEN[0].RESP_BLOCK/BW_ALLOC/ARB_TREE.BW_ARB_TREE/BINARY_TREE.STAGE[0].INCR_VERT[0].LAST_NODE.FAN_IN_REQ
                   axi_FanInPrimitive_Req_AUX_WIDTH3_ID_WIDTH2
                                area_0Kto1K CLOCK65LPLVT  automatic-by-area
pulpino_top_i/axi_interconnect_i/axi_node_i/_RESP_BLOCK_GEN[0].RESP_BLOCK/BR_ALLOC
                   axi_BR_allocator_AXI_USER_W1_N_INIT_PORT3_N_TARG_PORT3_AXI_DATA_W32_AXI_ID_IN2
                                area_3Kto4K CLOCK65LPLVT  automatic-by-area
pulpino_top_i/axi_interconnect_i/axi_node_i/_RESP_BLOCK_GEN[0].RESP_BLOCK/BR_ALLOC/ARB_TREE.BR_ARB_TREE
                   axi_ArbitrationTree_AUX_WIDTH36_ID_WIDTH2_N_MASTER3
                                area_0Kto1K CLOCK65LPLVT  automatic-by-area
pulpino_top_i/axi_interconnect_i/axi_node_i/_RESP_BLOCK_GEN[0].RESP_BLOCK/BR_ALLOC/ARB_TREE.BR_ARB_TREE/RR_REQ
                   axi_RR_Flag_Req_MAX_COUNT3_WIDTH2_3214
                                area_0Kto1K CLOCK65LPLVT  automatic-by-area
pulpino_top_i/axi_interconnect_i/axi_node_i/_RESP_BLOCK_GEN[0].RESP_BLOCK/BR_ALLOC/ARB_TREE.BR_ARB_TREE/BINARY_TREE.STAGE[1].INCR_VERT[0].LEAF_NODES.FAN_IN_REQ
                   axi_FanInPrimitive_Req_AUX_WIDTH36_ID_WIDTH2_3177
                                area_0Kto1K CLOCK65LPLVT  automatic-by-area
pulpino_top_i/axi_interconnect_i/axi_node_i/_RESP_BLOCK_GEN[0].RESP_BLOCK/BR_ALLOC/ARB_TREE.BR_ARB_TREE/BINARY_TREE.STAGE[0].INCR_VERT[0].LAST_NODE.FAN_IN_REQ
                   axi_FanInPrimitive_Req_AUX_WIDTH36_ID_WIDTH2
                                area_0Kto1K CLOCK65LPLVT  automatic-by-area
pulpino_top_i/axi_interconnect_i/axi_node_i/_RESP_BLOCK_GEN[0].RESP_BLOCK/BR_ALLOC/ARB_TREE.BR_ARB_TREE/BINARY_TREE.STAGE[1].INCR_VERT[1].LEAF_NODES.FAN_IN_REQ
                   axi_FanInPrimitive_Req_AUX_WIDTH36_ID_WIDTH2_8_3182
                                area_0Kto1K CLOCK65LPLVT  automatic-by-area
pulpino_top_i/axi_interconnect_i/axi_node_i/_RESP_BLOCK_GEN[0].RESP_BLOCK/DW_ADDR_DEC
                   axi_address_decoder_DW_N_INIT_PORT3_FIFO_DEPTH8
                                area_4Kto5K CLOCK65LPLVT  automatic-by-area
pulpino_top_i/axi_interconnect_i/axi_node_i/_RESP_BLOCK_GEN[0].RESP_BLOCK/DW_ADDR_DEC/MASTER_ID_FIFO
                   generic_fifo_DATA_WIDTH3_DATA_DEPTH8
                                area_4Kto5K CLOCK65LPLVT  automatic-by-area
pulpino_top_i/axi_interconnect_i/axi_node_i/_RESP_BLOCK_GEN[0].RESP_BLOCK/DW_ADDR_DEC/MASTER_ID_FIFO/cg_cell
                   cluster_clock_gating_34_4387
                                area_0Kto1K CLOCK65LPLVT  automatic-by-area
pulpino_top_i/axi_interconnect_i/axi_node_i/_RESP_BLOCK_GEN[0].RESP_BLOCK/AW_ADDR_DEC
                   axi_address_decoder_AW_ADDR_WIDTH32_N_INIT_PORT3_N_REGION1
                                area_0Kto1K CLOCK65LPLVT  automatic-by-area
pulpino_top_i/axi_interconnect_i/axi_node_i/_RESP_BLOCK_GEN[0].RESP_BLOCK/AR_ADDR_DEC
                   axi_address_decoder_AR_ADDR_WIDTH32_N_INIT_PORT3_N_REGION1
                                area_0Kto1K CLOCK65LPLVT  automatic-by-area
pulpino_top_i/axi_interconnect_i/axi_node_i/_REQ_BLOCK_GEN[2].REQ_BLOCK
                   axi_request_block_AXI_ADDRESS_W32_AXI_DATA_W32_AXI_USER_W1_N_INIT_PORT3_N_TARG_PORT3_FIFO_DW_DEPTH8_AXI_ID_IN2_3232
                                area_6Kto7K CLOCK65LPLVT  automatic-by-area
pulpino_top_i/axi_interconnect_i/axi_node_i/_REQ_BLOCK_GEN[2].REQ_BLOCK/BR_DECODER
                   axi_address_decoder_BR_N_TARG_PORT3_AXI_ID_IN2_3221
                                area_0Kto1K CLOCK65LPLVT  automatic-by-area
pulpino_top_i/axi_interconnect_i/axi_node_i/_REQ_BLOCK_GEN[2].REQ_BLOCK/AR_ALLOCATOR
                   axi_AR_allocator_AXI_ADDRESS_W32_AXI_USER_W1_N_TARG_PORT3_AXI_ID_IN2_3162
                                area_0Kto1K CLOCK65LPLVT  automatic-by-area
pulpino_top_i/axi_interconnect_i/axi_node_i/_REQ_BLOCK_GEN[2].REQ_BLOCK/AR_ALLOCATOR/AW_ARB_TREE
                   axi_ArbitrationTree_AUX_WIDTH64_ID_WIDTH5_N_MASTER3_3171
                                area_0Kto1K CLOCK65LPLVT  automatic-by-area
pulpino_top_i/axi_interconnect_i/axi_node_i/_REQ_BLOCK_GEN[2].REQ_BLOCK/AR_ALLOCATOR/AW_ARB_TREE/RR_REQ
                   axi_RR_Flag_Req_MAX_COUNT3_WIDTH2_3211
                                area_0Kto1K CLOCK65LPLVT  automatic-by-area
pulpino_top_i/axi_interconnect_i/axi_node_i/_REQ_BLOCK_GEN[2].REQ_BLOCK/AR_ALLOCATOR/AW_ARB_TREE/BINARY_TREE.STAGE[1].INCR_VERT[0].LEAF_NODES.FAN_IN_REQ
                   axi_FanInPrimitive_Req_AUX_WIDTH64_ID_WIDTH5_1_3199
                                area_0Kto1K CLOCK65LPLVT  automatic-by-area
pulpino_top_i/axi_interconnect_i/axi_node_i/_REQ_BLOCK_GEN[2].REQ_BLOCK/AR_ALLOCATOR/AW_ARB_TREE/BINARY_TREE.STAGE[1].INCR_VERT[1].LEAF_NODES.FAN_IN_REQ
                   axi_FanInPrimitive_Req_AUX_WIDTH64_ID_WIDTH5_17_3205
                                area_0Kto1K CLOCK65LPLVT  automatic-by-area
pulpino_top_i/axi_interconnect_i/axi_node_i/_REQ_BLOCK_GEN[2].REQ_BLOCK/AR_ALLOCATOR/AW_ARB_TREE/BINARY_TREE.STAGE[0].INCR_VERT[0].LAST_NODE.FAN_IN_REQ
                   axi_FanInPrimitive_Req_AUX_WIDTH64_ID_WIDTH5_3192
                                area_0Kto1K CLOCK65LPLVT  automatic-by-area
pulpino_top_i/axi_interconnect_i/axi_node_i/_REQ_BLOCK_GEN[2].REQ_BLOCK/BW_DECODER
                   axi_address_decoder_BW_N_TARG_PORT3_AXI_ID_IN2_3223
                                area_0Kto1K CLOCK65LPLVT  automatic-by-area
pulpino_top_i/axi_interconnect_i/axi_node_i/_REQ_BLOCK_GEN[2].REQ_BLOCK/DW_ALLOC
                   axi_DW_allocator_AXI_USER_W1_N_TARG_PORT3_FIFO_DEPTH8_AXI_DATA_W32_3175
                                area_4Kto5K CLOCK65LPLVT  automatic-by-area
pulpino_top_i/axi_interconnect_i/axi_node_i/_REQ_BLOCK_GEN[2].REQ_BLOCK/DW_ALLOC/WRITE_DATA_MUX
                   axi_multiplexer_DATA_WIDTH38_N_IN3_3229
                                area_0Kto1K CLOCK65LPLVT  automatic-by-area
pulpino_top_i/axi_interconnect_i/axi_node_i/_REQ_BLOCK_GEN[2].REQ_BLOCK/DW_ALLOC/MASTER_ID_FIFO
                   generic_fifo_DATA_WIDTH5_DATA_DEPTH8_4464
                                area_4Kto5K CLOCK65LPLVT  automatic-by-area
pulpino_top_i/axi_interconnect_i/axi_node_i/_REQ_BLOCK_GEN[2].REQ_BLOCK/DW_ALLOC/MASTER_ID_FIFO/cg_cell
                   cluster_clock_gating_31_4384
                                area_0Kto1K CLOCK65LPLVT  automatic-by-area
pulpino_top_i/axi_interconnect_i/axi_node_i/_REQ_BLOCK_GEN[2].REQ_BLOCK/AW_ALLOCATOR
                   axi_AW_allocator_AXI_ADDRESS_W32_AXI_USER_W1_N_TARG_PORT3_AXI_ID_IN2_3164
                                area_0Kto1K CLOCK65LPLVT  automatic-by-area
pulpino_top_i/axi_interconnect_i/axi_node_i/_REQ_BLOCK_GEN[2].REQ_BLOCK/AW_ALLOCATOR/AW_ARB_TREE
                   axi_ArbitrationTree_AUX_WIDTH64_ID_WIDTH5_N_MASTER3_3170
                                area_0Kto1K CLOCK65LPLVT  automatic-by-area
pulpino_top_i/axi_interconnect_i/axi_node_i/_REQ_BLOCK_GEN[2].REQ_BLOCK/AW_ALLOCATOR/AW_ARB_TREE/BINARY_TREE.STAGE[1].INCR_VERT[1].LEAF_NODES.FAN_IN_REQ
                   axi_FanInPrimitive_Req_AUX_WIDTH64_ID_WIDTH5_17
                                area_0Kto1K CLOCK65LPLVT  automatic-by-area
pulpino_top_i/axi_interconnect_i/axi_node_i/_REQ_BLOCK_GEN[2].REQ_BLOCK/AW_ALLOCATOR/AW_ARB_TREE/BINARY_TREE.STAGE[1].INCR_VERT[0].LEAF_NODES.FAN_IN_REQ
                   axi_FanInPrimitive_Req_AUX_WIDTH64_ID_WIDTH5_1_3200
                                area_0Kto1K CLOCK65LPLVT  automatic-by-area
pulpino_top_i/axi_interconnect_i/axi_node_i/_REQ_BLOCK_GEN[2].REQ_BLOCK/AW_ALLOCATOR/AW_ARB_TREE/RR_REQ
                   axi_RR_Flag_Req_MAX_COUNT3_WIDTH2_3210
                                area_0Kto1K CLOCK65LPLVT  automatic-by-area
pulpino_top_i/axi_interconnect_i/axi_node_i/_REQ_BLOCK_GEN[2].REQ_BLOCK/AW_ALLOCATOR/AW_ARB_TREE/BINARY_TREE.STAGE[0].INCR_VERT[0].LAST_NODE.FAN_IN_REQ
                   axi_FanInPrimitive_Req_AUX_WIDTH64_ID_WIDTH5_3191
                                area_0Kto1K CLOCK65LPLVT  automatic-by-area
pulpino_top_i/axi_interconnect_i/axi_node_i/_RESP_BLOCK_GEN[1].RESP_BLOCK
                   axi_response_block_AXI_ADDRESS_W32_AXI_DATA_W32_AXI_USER_W1_N_INIT_PORT3_N_TARG_PORT3_FIFO_DEPTH_DW8_AXI_ID_IN2_N_REGION1_1
                                area_9Kto12K
                                            CLOCK65LPLVT  automatic-by-area
pulpino_top_i/axi_interconnect_i/axi_node_i/_RESP_BLOCK_GEN[1].RESP_BLOCK/BW_ALLOC
                   axi_BW_allocator_AXI_USER_W1_N_INIT_PORT3_N_TARG_PORT3_AXI_DATA_W32_AXI_ID_IN2_1
                                area_2Kto3K CLOCK65LPLVT  automatic-by-area
pulpino_top_i/axi_interconnect_i/axi_node_i/_RESP_BLOCK_GEN[1].RESP_BLOCK/BW_ALLOC/ARB_TREE.BW_ARB_TREE
                   axi_ArbitrationTree_AUX_WIDTH3_ID_WIDTH2_N_MASTER3_3169
                                area_0Kto1K CLOCK65LPLVT  automatic-by-area
pulpino_top_i/axi_interconnect_i/axi_node_i/_RESP_BLOCK_GEN[1].RESP_BLOCK/BW_ALLOC/ARB_TREE.BW_ARB_TREE/BINARY_TREE.STAGE[1].INCR_VERT[1].LEAF_NODES.FAN_IN_REQ
                   axi_FanInPrimitive_Req_AUX_WIDTH3_ID_WIDTH2_8_3190
                                area_0Kto1K CLOCK65LPLVT  automatic-by-area
pulpino_top_i/axi_interconnect_i/axi_node_i/_RESP_BLOCK_GEN[1].RESP_BLOCK/BW_ALLOC/ARB_TREE.BW_ARB_TREE/BINARY_TREE.STAGE[1].INCR_VERT[0].LEAF_NODES.FAN_IN_REQ
                   axi_FanInPrimitive_Req_AUX_WIDTH3_ID_WIDTH2_3186
                                area_0Kto1K CLOCK65LPLVT  automatic-by-area
pulpino_top_i/axi_interconnect_i/axi_node_i/_RESP_BLOCK_GEN[1].RESP_BLOCK/BW_ALLOC/ARB_TREE.BW_ARB_TREE/RR_REQ
                   axi_RR_Flag_Req_MAX_COUNT3_WIDTH2_3209
                                area_0Kto1K CLOCK65LPLVT  automatic-by-area
pulpino_top_i/axi_interconnect_i/axi_node_i/_RESP_BLOCK_GEN[1].RESP_BLOCK/BW_ALLOC/ARB_TREE.BW_ARB_TREE/BINARY_TREE.STAGE[0].INCR_VERT[0].LAST_NODE.FAN_IN_REQ
                   axi_FanInPrimitive_Req_AUX_WIDTH3_ID_WIDTH2_3188
                                area_0Kto1K CLOCK65LPLVT  automatic-by-area
pulpino_top_i/axi_interconnect_i/axi_node_i/_RESP_BLOCK_GEN[1].RESP_BLOCK/BR_ALLOC
                   axi_BR_allocator_AXI_USER_W1_N_INIT_PORT3_N_TARG_PORT3_AXI_DATA_W32_AXI_ID_IN2_1
                                area_2Kto3K CLOCK65LPLVT  automatic-by-area
pulpino_top_i/axi_interconnect_i/axi_node_i/_RESP_BLOCK_GEN[1].RESP_BLOCK/BR_ALLOC/ARB_TREE.BR_ARB_TREE
                   axi_ArbitrationTree_AUX_WIDTH36_ID_WIDTH2_N_MASTER3_3167
                                area_0Kto1K CLOCK65LPLVT  automatic-by-area
pulpino_top_i/axi_interconnect_i/axi_node_i/_RESP_BLOCK_GEN[1].RESP_BLOCK/BR_ALLOC/ARB_TREE.BR_ARB_TREE/BINARY_TREE.STAGE[1].INCR_VERT[1].LEAF_NODES.FAN_IN_REQ
                   axi_FanInPrimitive_Req_AUX_WIDTH36_ID_WIDTH2_8_3183
                                area_0Kto1K CLOCK65LPLVT  automatic-by-area
pulpino_top_i/axi_interconnect_i/axi_node_i/_RESP_BLOCK_GEN[1].RESP_BLOCK/BR_ALLOC/ARB_TREE.BR_ARB_TREE/BINARY_TREE.STAGE[1].INCR_VERT[0].LEAF_NODES.FAN_IN_REQ
                   axi_FanInPrimitive_Req_AUX_WIDTH36_ID_WIDTH2_3179
                                area_0Kto1K CLOCK65LPLVT  automatic-by-area
pulpino_top_i/axi_interconnect_i/axi_node_i/_RESP_BLOCK_GEN[1].RESP_BLOCK/BR_ALLOC/ARB_TREE.BR_ARB_TREE/RR_REQ
                   axi_RR_Flag_Req_MAX_COUNT3_WIDTH2_3208
                                area_0Kto1K CLOCK65LPLVT  automatic-by-area
pulpino_top_i/axi_interconnect_i/axi_node_i/_RESP_BLOCK_GEN[1].RESP_BLOCK/BR_ALLOC/ARB_TREE.BR_ARB_TREE/BINARY_TREE.STAGE[0].INCR_VERT[0].LAST_NODE.FAN_IN_REQ
                   axi_FanInPrimitive_Req_AUX_WIDTH36_ID_WIDTH2_3181
                                area_0Kto1K CLOCK65LPLVT  automatic-by-area
pulpino_top_i/axi_interconnect_i/axi_node_i/_RESP_BLOCK_GEN[1].RESP_BLOCK/DW_ADDR_DEC
                   axi_address_decoder_DW_N_INIT_PORT3_FIFO_DEPTH8_2_3225
                                area_4Kto5K CLOCK65LPLVT  automatic-by-area
pulpino_top_i/axi_interconnect_i/axi_node_i/_RESP_BLOCK_GEN[1].RESP_BLOCK/DW_ADDR_DEC/MASTER_ID_FIFO
                   generic_fifo_DATA_WIDTH3_DATA_DEPTH8_2_4462
                                area_4Kto5K CLOCK65LPLVT  automatic-by-area
pulpino_top_i/axi_interconnect_i/axi_node_i/_RESP_BLOCK_GEN[1].RESP_BLOCK/DW_ADDR_DEC/MASTER_ID_FIFO/cg_cell
                   cluster_clock_gating_34_4388
                                area_0Kto1K CLOCK65LPLVT  automatic-by-area
pulpino_top_i/axi_interconnect_i/axi_node_i/_RESP_BLOCK_GEN[1].RESP_BLOCK/AW_ADDR_DEC
                   axi_address_decoder_AW_ADDR_WIDTH32_N_INIT_PORT3_N_REGION1_3220
                                area_0Kto1K CLOCK65LPLVT  automatic-by-area
pulpino_top_i/axi_interconnect_i/axi_node_i/_RESP_BLOCK_GEN[1].RESP_BLOCK/AR_ADDR_DEC
                   axi_address_decoder_AR_ADDR_WIDTH32_N_INIT_PORT3_N_REGION1_3218
                                area_0Kto1K CLOCK65LPLVT  automatic-by-area
pulpino_top_i/axi_interconnect_i/axi_node_i/_REQ_BLOCK_GEN[1].REQ_BLOCK
                   axi_request_block_AXI_ADDRESS_W32_AXI_DATA_W32_AXI_USER_W1_N_INIT_PORT3_N_TARG_PORT3_FIFO_DW_DEPTH8_AXI_ID_IN2_3233
                                area_6Kto7K CLOCK65LPLVT  automatic-by-area
pulpino_top_i/axi_interconnect_i/axi_node_i/_REQ_BLOCK_GEN[1].REQ_BLOCK/AR_ALLOCATOR
                   axi_AR_allocator_AXI_ADDRESS_W32_AXI_USER_W1_N_TARG_PORT3_AXI_ID_IN2_3163
                                area_0Kto1K CLOCK65LPLVT  automatic-by-area
pulpino_top_i/axi_interconnect_i/axi_node_i/_REQ_BLOCK_GEN[1].REQ_BLOCK/AR_ALLOCATOR/AW_ARB_TREE
                   axi_ArbitrationTree_AUX_WIDTH64_ID_WIDTH5_N_MASTER3_3173
                                area_0Kto1K CLOCK65LPLVT  automatic-by-area
pulpino_top_i/axi_interconnect_i/axi_node_i/_REQ_BLOCK_GEN[1].REQ_BLOCK/AR_ALLOCATOR/AW_ARB_TREE/RR_REQ
                   axi_RR_Flag_Req_MAX_COUNT3_WIDTH2_3213
                                area_0Kto1K CLOCK65LPLVT  automatic-by-area
pulpino_top_i/axi_interconnect_i/axi_node_i/_REQ_BLOCK_GEN[1].REQ_BLOCK/AR_ALLOCATOR/AW_ARB_TREE/BINARY_TREE.STAGE[1].INCR_VERT[0].LEAF_NODES.FAN_IN_REQ
                   axi_FanInPrimitive_Req_AUX_WIDTH64_ID_WIDTH5_1_3197
                                area_0Kto1K CLOCK65LPLVT  automatic-by-area
pulpino_top_i/axi_interconnect_i/axi_node_i/_REQ_BLOCK_GEN[1].REQ_BLOCK/AR_ALLOCATOR/AW_ARB_TREE/BINARY_TREE.STAGE[0].INCR_VERT[0].LAST_NODE.FAN_IN_REQ
                   axi_FanInPrimitive_Req_AUX_WIDTH64_ID_WIDTH5_3194
                                area_0Kto1K CLOCK65LPLVT  automatic-by-area
pulpino_top_i/axi_interconnect_i/axi_node_i/_REQ_BLOCK_GEN[1].REQ_BLOCK/AR_ALLOCATOR/AW_ARB_TREE/BINARY_TREE.STAGE[1].INCR_VERT[1].LEAF_NODES.FAN_IN_REQ
                   axi_FanInPrimitive_Req_AUX_WIDTH64_ID_WIDTH5_17_3203
                                area_0Kto1K CLOCK65LPLVT  automatic-by-area
pulpino_top_i/axi_interconnect_i/axi_node_i/_REQ_BLOCK_GEN[1].REQ_BLOCK/BR_DECODER
                   axi_address_decoder_BR_N_TARG_PORT3_AXI_ID_IN2_3222
                                area_0Kto1K CLOCK65LPLVT  automatic-by-area
pulpino_top_i/axi_interconnect_i/axi_node_i/_REQ_BLOCK_GEN[1].REQ_BLOCK/BW_DECODER
                   axi_address_decoder_BW_N_TARG_PORT3_AXI_ID_IN2_3224
                                area_0Kto1K CLOCK65LPLVT  automatic-by-area
pulpino_top_i/axi_interconnect_i/axi_node_i/_REQ_BLOCK_GEN[1].REQ_BLOCK/DW_ALLOC
                   axi_DW_allocator_AXI_USER_W1_N_TARG_PORT3_FIFO_DEPTH8_AXI_DATA_W32_3176
                                area_5Kto6K CLOCK65LPLVT  automatic-by-area
pulpino_top_i/axi_interconnect_i/axi_node_i/_REQ_BLOCK_GEN[1].REQ_BLOCK/DW_ALLOC/WRITE_DATA_MUX
                   axi_multiplexer_DATA_WIDTH38_N_IN3_3230
                                area_0Kto1K CLOCK65LPLVT  automatic-by-area
pulpino_top_i/axi_interconnect_i/axi_node_i/_REQ_BLOCK_GEN[1].REQ_BLOCK/DW_ALLOC/MASTER_ID_FIFO
                   generic_fifo_DATA_WIDTH5_DATA_DEPTH8_4465
                                area_4Kto5K CLOCK65LPLVT  automatic-by-area
pulpino_top_i/axi_interconnect_i/axi_node_i/_REQ_BLOCK_GEN[1].REQ_BLOCK/DW_ALLOC/MASTER_ID_FIFO/cg_cell
                   cluster_clock_gating_31
                                area_0Kto1K CLOCK65LPLVT  automatic-by-area
pulpino_top_i/axi_interconnect_i/axi_node_i/_REQ_BLOCK_GEN[1].REQ_BLOCK/AW_ALLOCATOR
                   axi_AW_allocator_AXI_ADDRESS_W32_AXI_USER_W1_N_TARG_PORT3_AXI_ID_IN2_3165
                                area_0Kto1K CLOCK65LPLVT  automatic-by-area
pulpino_top_i/axi_interconnect_i/axi_node_i/_REQ_BLOCK_GEN[1].REQ_BLOCK/AW_ALLOCATOR/AW_ARB_TREE
                   axi_ArbitrationTree_AUX_WIDTH64_ID_WIDTH5_N_MASTER3_3172
                                area_0Kto1K CLOCK65LPLVT  automatic-by-area
pulpino_top_i/axi_interconnect_i/axi_node_i/_REQ_BLOCK_GEN[1].REQ_BLOCK/AW_ALLOCATOR/AW_ARB_TREE/BINARY_TREE.STAGE[1].INCR_VERT[1].LEAF_NODES.FAN_IN_REQ
                   axi_FanInPrimitive_Req_AUX_WIDTH64_ID_WIDTH5_17_3204
                                area_0Kto1K CLOCK65LPLVT  automatic-by-area
pulpino_top_i/axi_interconnect_i/axi_node_i/_REQ_BLOCK_GEN[1].REQ_BLOCK/AW_ALLOCATOR/AW_ARB_TREE/BINARY_TREE.STAGE[1].INCR_VERT[0].LEAF_NODES.FAN_IN_REQ
                   axi_FanInPrimitive_Req_AUX_WIDTH64_ID_WIDTH5_1_3198
                                area_0Kto1K CLOCK65LPLVT  automatic-by-area
pulpino_top_i/axi_interconnect_i/axi_node_i/_REQ_BLOCK_GEN[1].REQ_BLOCK/AW_ALLOCATOR/AW_ARB_TREE/RR_REQ
                   axi_RR_Flag_Req_MAX_COUNT3_WIDTH2_3212
                                area_0Kto1K CLOCK65LPLVT  automatic-by-area
pulpino_top_i/axi_interconnect_i/axi_node_i/_REQ_BLOCK_GEN[1].REQ_BLOCK/AW_ALLOCATOR/AW_ARB_TREE/BINARY_TREE.STAGE[0].INCR_VERT[0].LAST_NODE.FAN_IN_REQ
                   axi_FanInPrimitive_Req_AUX_WIDTH64_ID_WIDTH5_3193
                                area_0Kto1K CLOCK65LPLVT  automatic-by-area

Power-specific unit information :
    Voltage Units = 1 V
    Capacitance Units = 1 pf
    Time Units = 1 ns
    Dynamic Power Units = 1 W
    Leakage Power Units = 1 W



  Attributes
  ----------
      i  -  Including register clock pin internal power
      u  -  User defined power group

                        Internal  Switching  Leakage    Total
Power Group             Power     Power      Power      Power   (     %)  Attrs
--------------------------------------------------------------------------------
clock_network           1.773e-03 8.405e-04 5.672e-06 2.620e-03 (16.57%)  i
register                6.471e-06 7.453e-06 6.902e-05 8.295e-05 ( 0.52%)  
combinational           7.555e-04 1.707e-04 5.577e-03 6.503e-03 (41.13%)  
sequential                 0.0000    0.0000    0.0000    0.0000 ( 0.00%)  
memory                  6.592e-03 1.334e-06 6.075e-06 6.600e-03 (41.73%)  
io_pad                  6.501e-06 1.590e-06 1.117e-14 8.091e-06 ( 0.05%)  
black_box                  0.0000    0.0000    0.0000    0.0000 ( 0.00%)  

  Net Switching Power  = 1.022e-03   ( 6.46%)
  Cell Internal Power  = 9.134e-03   (57.76%)
  Cell Leakage Power   = 5.658e-03   (35.78%)
                         ---------
Total Power            =    0.0158  (100.00%)

X Transition Power     = 1.096e-05
Glitching Power        =    0.0000

Peak Power             =    8.9353
Peak Time              = 2728340.428

1
