****************************************
Report : timing
	-path_type full
	-delay_type min
	-slack_lesser_than 0.00
	-max_paths 10
	-sort_by slack
Design : pulpino_padstop
Version: O-2018.06-SP5
Date   : Sat May 24 17:07:13 2025
****************************************


  Startpoint: pulpino_top_i/peripherals_i/axi_spi_slave_i/axi_spi_slave_i/u_slave_sm/state_reg[2]
               (rising edge-triggered flip-flop clocked by spi_clk)
  Endpoint: spi_mode_o[0]
               (output port clocked by spi_clk)
  Path Group: spi_clk
  Path Type: min

  Point                                                   Incr       Path
  ------------------------------------------------------------------------------
  clock spi_clk (rise edge)                               0.00       0.00
  clock network delay (ideal)                             0.00       0.00
  pulpino_top_i/peripherals_i/axi_spi_slave_i/axi_spi_slave_i/u_slave_sm/state_reg[2]/CP (HS65_LL_DFPRQNX4)
                                                          0.00       0.00 r
  pulpino_top_i/peripherals_i/axi_spi_slave_i/axi_spi_slave_i/u_slave_sm/state_reg[2]/QN (HS65_LL_DFPRQNX4)
                                                          0.41 *     0.41 f
  pulpino_top_i/peripherals_i/axi_spi_slave_i/axi_spi_slave_i/u_slave_sm/g3623/Z (HS65_LL_NAND2AX29)
                                                          0.17 *     0.58 r
  spi_mode_pad0/PADIO (CPAD_S_74x50u_OUT)                 0.33 *     0.91 r
  spi_mode_o[0] (out)                                     0.00 *     0.91 r
  data arrival time                                                  0.91

  clock spi_clk (rise edge)                               0.00       0.00
  clock network delay (ideal)                             5.00       5.00
  clock reconvergence pessimism                          -2.50       2.50
  clock uncertainty                                       2.50       5.00
  output external delay                                  -2.50       2.50
  data required time                                                 2.50
  ------------------------------------------------------------------------------
  data required time                                                 2.50
  data arrival time                                                 -0.91
  ------------------------------------------------------------------------------
  slack (VIOLATED)                                                  -1.59


  Startpoint: pulpino_top_i/core_region_i/CORE.RISCV_CORE/debug_unit_i/jump_req_q_reg
               (rising edge-triggered flip-flop clocked by clk)
  Endpoint: pulpino_top_i/core_region_i/CORE.RISCV_CORE/core_clock_gate_i/clk_en_reg
               (negative level-sensitive latch clocked by clk)
  Path Group: clk
  Path Type: min

  Point                                                   Incr       Path
  ------------------------------------------------------------------------------
  clock clk (rise edge)                                   5.00       5.00
  clock network delay (ideal)                             0.00       5.00
  pulpino_top_i/core_region_i/CORE.RISCV_CORE/debug_unit_i/jump_req_q_reg/CP (HS65_LL_SDFPRQX9)
                                                          0.00       5.00 r
  pulpino_top_i/core_region_i/CORE.RISCV_CORE/debug_unit_i/jump_req_q_reg/Q (HS65_LL_SDFPRQX9)
                                                          0.16 *     5.16 r
  pulpino_top_i/core_region_i/CORE.RISCV_CORE/debug_unit_i/FE_PHC25578_dbg_jump_req/Z (HS65_LL_BFX2)
                                                          0.19 *     5.36 r
  pulpino_top_i/core_region_i/CORE.RISCV_CORE/g921/Z (HS65_LL_NOR4X4)
                                                          0.18 *     5.54 f
  pulpino_top_i/core_region_i/CORE.RISCV_CORE/g918/Z (HS65_LL_NAND4ABX3)
                                                          0.12 *     5.66 r
  pulpino_top_i/core_region_i/CORE.RISCV_CORE/core_clock_gate_i/clk_en_reg/D (HS65_LL_LDLQX9)
                                                          0.00 *     5.66 r
  data arrival time                                                  5.66

  clock clk (rise edge)                                   5.00       5.00
  clock network delay (ideal)                             0.50       5.50
  clock reconvergence pessimism                           0.00       5.50
  clock uncertainty                                       0.25       5.75
  pulpino_top_i/core_region_i/CORE.RISCV_CORE/core_clock_gate_i/clk_en_reg/GN (HS65_LL_LDLQX9)
                                                                     5.75 r
  library hold time                                      -0.04 *     5.71
  data required time                                                 5.71
  ------------------------------------------------------------------------------
  data required time                                                 5.71
  data arrival time                                                 -5.66
  ------------------------------------------------------------------------------
  slack (VIOLATED)                                                  -0.05


  Startpoint: pulpino_top_i/core_region_i/data_mem/bank2_byte3
               (rising edge-triggered flip-flop clocked by clk)
  Endpoint: pulpino_top_i/core_region_i/data_mem_axi_if/axi_mem_if_SP_i/READ_CTRL/RDATA_REG_reg[26]
               (rising edge-triggered flip-flop clocked by clk)
  Path Group: clk
  Path Type: min

  Point                                                   Incr       Path
  ------------------------------------------------------------------------------
  clock clk (rise edge)                                   0.00       0.00
  clock network delay (ideal)                             0.00       0.00
  pulpino_top_i/core_region_i/data_mem/bank2_byte3/CK (ST_SPHDL_2048x8m8_L)
                                                          0.00       0.00 r
  pulpino_top_i/core_region_i/data_mem/bank2_byte3/Q[2] (ST_SPHDL_2048x8m8_L)
                                                          0.51 &     0.51 r
  pulpino_top_i/core_region_i/data_mem/g5270/Z (HS65_LL_MX41X29)
                                                          0.14 *     0.65 r
  pulpino_top_i/core_region_i/data_mem_axi_if/axi_mem_if_SP_i/READ_CTRL/RDATA_REG_reg[26]/D (HS65_LL_SDFPRQX9)
                                                          0.01 *     0.66 r
  data arrival time                                                  0.66

  clock clk (rise edge)                                   0.00       0.00
  clock network delay (ideal)                             0.50       0.50
  clock reconvergence pessimism                           0.00       0.50
  clock uncertainty                                       0.25       0.75
  pulpino_top_i/core_region_i/data_mem_axi_if/axi_mem_if_SP_i/READ_CTRL/RDATA_REG_reg[26]/CP (HS65_LL_SDFPRQX9)
                                                                     0.75 r
  library hold time                                      -0.05 *     0.70
  data required time                                                 0.70
  ------------------------------------------------------------------------------
  data required time                                                 0.70
  data arrival time                                                 -0.66
  ------------------------------------------------------------------------------
  slack (VIOLATED)                                                  -0.04


  Startpoint: pulpino_top_i/core_region_i/data_mem/bank1_byte2
               (rising edge-triggered flip-flop clocked by clk)
  Endpoint: pulpino_top_i/core_region_i/data_mem_axi_if/axi_mem_if_SP_i/READ_CTRL/RDATA_REG_reg[21]
               (rising edge-triggered flip-flop clocked by clk)
  Path Group: clk
  Path Type: min

  Point                                                   Incr       Path
  ------------------------------------------------------------------------------
  clock clk (rise edge)                                   0.00       0.00
  clock network delay (ideal)                             0.00       0.00
  pulpino_top_i/core_region_i/data_mem/bank1_byte2/CK (ST_SPHDL_2048x8m8_L)
                                                          0.00       0.00 r
  pulpino_top_i/core_region_i/data_mem/bank1_byte2/Q[5] (ST_SPHDL_2048x8m8_L)
                                                          0.51 &     0.51 r
  pulpino_top_i/core_region_i/data_mem/g5295/Z (HS65_LL_MX41X21)
                                                          0.14 *     0.65 r
  pulpino_top_i/core_region_i/data_mem_axi_if/axi_mem_if_SP_i/READ_CTRL/RDATA_REG_reg[21]/D (HS65_LL_SDFPRQX9)
                                                          0.01 *     0.66 r
  data arrival time                                                  0.66

  clock clk (rise edge)                                   0.00       0.00
  clock network delay (ideal)                             0.50       0.50
  clock reconvergence pessimism                           0.00       0.50
  clock uncertainty                                       0.25       0.75
  pulpino_top_i/core_region_i/data_mem_axi_if/axi_mem_if_SP_i/READ_CTRL/RDATA_REG_reg[21]/CP (HS65_LL_SDFPRQX9)
                                                                     0.75 r
  library hold time                                      -0.06 *     0.69
  data required time                                                 0.69
  ------------------------------------------------------------------------------
  data required time                                                 0.69
  data arrival time                                                 -0.66
  ------------------------------------------------------------------------------
  slack (VIOLATED)                                                  -0.03


  Startpoint: pulpino_top_i/core_region_i/data_mem/bank1_byte2
               (rising edge-triggered flip-flop clocked by clk)
  Endpoint: pulpino_top_i/core_region_i/data_mem_axi_if/axi_mem_if_SP_i/READ_CTRL/RDATA_REG_reg[20]
               (rising edge-triggered flip-flop clocked by clk)
  Path Group: clk
  Path Type: min

  Point                                                   Incr       Path
  ------------------------------------------------------------------------------
  clock clk (rise edge)                                   0.00       0.00
  clock network delay (ideal)                             0.00       0.00
  pulpino_top_i/core_region_i/data_mem/bank1_byte2/CK (ST_SPHDL_2048x8m8_L)
                                                          0.00       0.00 r
  pulpino_top_i/core_region_i/data_mem/bank1_byte2/Q[4] (ST_SPHDL_2048x8m8_L)
                                                          0.51 &     0.51 r
  pulpino_top_i/core_region_i/data_mem/g5271/Z (HS65_LL_MX41X21)
                                                          0.14 *     0.66 r
  pulpino_top_i/core_region_i/data_mem_axi_if/axi_mem_if_SP_i/READ_CTRL/RDATA_REG_reg[20]/D (HS65_LL_SDFPRQX9)
                                                          0.01 *     0.67 r
  data arrival time                                                  0.67

  clock clk (rise edge)                                   0.00       0.00
  clock network delay (ideal)                             0.50       0.50
  clock reconvergence pessimism                           0.00       0.50
  clock uncertainty                                       0.25       0.75
  pulpino_top_i/core_region_i/data_mem_axi_if/axi_mem_if_SP_i/READ_CTRL/RDATA_REG_reg[20]/CP (HS65_LL_SDFPRQX9)
                                                                     0.75 r
  library hold time                                      -0.06 *     0.69
  data required time                                                 0.69
  ------------------------------------------------------------------------------
  data required time                                                 0.69
  data arrival time                                                 -0.67
  ------------------------------------------------------------------------------
  slack (VIOLATED)                                                  -0.03


  Startpoint: pulpino_top_i/core_region_i/data_mem/bank2_byte3
               (rising edge-triggered flip-flop clocked by clk)
  Endpoint: pulpino_top_i/core_region_i/data_mem_axi_if/axi_mem_if_SP_i/READ_CTRL/RDATA_REG_reg[28]
               (rising edge-triggered flip-flop clocked by clk)
  Path Group: clk
  Path Type: min

  Point                                                   Incr       Path
  ------------------------------------------------------------------------------
  clock clk (rise edge)                                   0.00       0.00
  clock network delay (ideal)                             0.00       0.00
  pulpino_top_i/core_region_i/data_mem/bank2_byte3/CK (ST_SPHDL_2048x8m8_L)
                                                          0.00       0.00 r
  pulpino_top_i/core_region_i/data_mem/bank2_byte3/Q[4] (ST_SPHDL_2048x8m8_L)
                                                          0.51 &     0.51 r
  pulpino_top_i/core_region_i/data_mem/g5280/Z (HS65_LL_MX41X29)
                                                          0.15 *     0.66 r
  pulpino_top_i/core_region_i/data_mem_axi_if/axi_mem_if_SP_i/READ_CTRL/RDATA_REG_reg[28]/D (HS65_LL_SDFPRQX9)
                                                          0.01 *     0.67 r
  data arrival time                                                  0.67

  clock clk (rise edge)                                   0.00       0.00
  clock network delay (ideal)                             0.50       0.50
  clock reconvergence pessimism                           0.00       0.50
  clock uncertainty                                       0.25       0.75
  pulpino_top_i/core_region_i/data_mem_axi_if/axi_mem_if_SP_i/READ_CTRL/RDATA_REG_reg[28]/CP (HS65_LL_SDFPRQX9)
                                                                     0.75 r
  library hold time                                      -0.05 *     0.70
  data required time                                                 0.70
  ------------------------------------------------------------------------------
  data required time                                                 0.70
  data arrival time                                                 -0.67
  ------------------------------------------------------------------------------
  slack (VIOLATED)                                                  -0.02


  Startpoint: pulpino_top_i/core_region_i/data_mem/bank2_byte3
               (rising edge-triggered flip-flop clocked by clk)
  Endpoint: pulpino_top_i/core_region_i/data_mem_axi_if/axi_mem_if_SP_i/READ_CTRL/RDATA_REG_reg[29]
               (rising edge-triggered flip-flop clocked by clk)
  Path Group: clk
  Path Type: min

  Point                                                   Incr       Path
  ------------------------------------------------------------------------------
  clock clk (rise edge)                                   0.00       0.00
  clock network delay (ideal)                             0.00       0.00
  pulpino_top_i/core_region_i/data_mem/bank2_byte3/CK (ST_SPHDL_2048x8m8_L)
                                                          0.00       0.00 r
  pulpino_top_i/core_region_i/data_mem/bank2_byte3/Q[5] (ST_SPHDL_2048x8m8_L)
                                                          0.51 &     0.51 r
  pulpino_top_i/core_region_i/data_mem/g5269/Z (HS65_LL_MX41X29)
                                                          0.12 *     0.63 r
  pulpino_top_i/core_region_i/FE_OCPC8657_axi_mem_rdata_29/Z (HS65_LL_BFX106)
                                                          0.05 *     0.68 r
  pulpino_top_i/core_region_i/data_mem_axi_if/axi_mem_if_SP_i/READ_CTRL/RDATA_REG_reg[29]/D (HS65_LL_SDFPRQX9)
                                                          0.01 *     0.69 r
  data arrival time                                                  0.69

  clock clk (rise edge)                                   0.00       0.00
  clock network delay (ideal)                             0.50       0.50
  clock reconvergence pessimism                           0.00       0.50
  clock uncertainty                                       0.25       0.75
  pulpino_top_i/core_region_i/data_mem_axi_if/axi_mem_if_SP_i/READ_CTRL/RDATA_REG_reg[29]/CP (HS65_LL_SDFPRQX9)
                                                                     0.75 r
  library hold time                                      -0.04 *     0.71
  data required time                                                 0.71
  ------------------------------------------------------------------------------
  data required time                                                 0.71
  data arrival time                                                 -0.69
  ------------------------------------------------------------------------------
  slack (VIOLATED)                                                  -0.02


  Startpoint: pulpino_top_i/core_region_i/data_mem/bank1_byte1
               (rising edge-triggered flip-flop clocked by clk)
  Endpoint: pulpino_top_i/core_region_i/data_mem_axi_if/axi_mem_if_SP_i/READ_CTRL/RDATA_REG_reg[13]
               (rising edge-triggered flip-flop clocked by clk)
  Path Group: clk
  Path Type: min

  Point                                                   Incr       Path
  ------------------------------------------------------------------------------
  clock clk (rise edge)                                   0.00       0.00
  clock network delay (ideal)                             0.00       0.00
  pulpino_top_i/core_region_i/data_mem/bank1_byte1/CK (ST_SPHDL_2048x8m8_L)
                                                          0.00       0.00 r
  pulpino_top_i/core_region_i/data_mem/bank1_byte1/Q[5] (ST_SPHDL_2048x8m8_L)
                                                          0.51 &     0.51 r
  pulpino_top_i/core_region_i/data_mem/g5293/Z (HS65_LL_MX41X29)
                                                          0.10 *     0.62 r
  pulpino_top_i/core_region_i/FE_OCPC8237_axi_mem_rdata_13/Z (HS65_LL_BFX106)
                                                          0.05 *     0.67 r
  pulpino_top_i/core_region_i/data_mem_axi_if/axi_mem_if_SP_i/READ_CTRL/RDATA_REG_reg[13]/D (HS65_LL_SDFPRQX9)
                                                          0.02 *     0.69 r
  data arrival time                                                  0.69

  clock clk (rise edge)                                   0.00       0.00
  clock network delay (ideal)                             0.50       0.50
  clock reconvergence pessimism                           0.00       0.50
  clock uncertainty                                       0.25       0.75
  pulpino_top_i/core_region_i/data_mem_axi_if/axi_mem_if_SP_i/READ_CTRL/RDATA_REG_reg[13]/CP (HS65_LL_SDFPRQX9)
                                                                     0.75 r
  library hold time                                      -0.04 *     0.71
  data required time                                                 0.71
  ------------------------------------------------------------------------------
  data required time                                                 0.71
  data arrival time                                                 -0.69
  ------------------------------------------------------------------------------
  slack (VIOLATED)                                                  -0.02


  Startpoint: pulpino_top_i/core_region_i/data_mem/bank1_byte1
               (rising edge-triggered flip-flop clocked by clk)
  Endpoint: pulpino_top_i/core_region_i/data_mem_axi_if/axi_mem_if_SP_i/READ_CTRL/RDATA_REG_reg[14]
               (rising edge-triggered flip-flop clocked by clk)
  Path Group: clk
  Path Type: min

  Point                                                   Incr       Path
  ------------------------------------------------------------------------------
  clock clk (rise edge)                                   0.00       0.00
  clock network delay (ideal)                             0.00       0.00
  pulpino_top_i/core_region_i/data_mem/bank1_byte1/CK (ST_SPHDL_2048x8m8_L)
                                                          0.00       0.00 r
  pulpino_top_i/core_region_i/data_mem/bank1_byte1/Q[6] (ST_SPHDL_2048x8m8_L)
                                                          0.51 &     0.51 r
  pulpino_top_i/core_region_i/data_mem/g5291/Z (HS65_LL_MX41X29)
                                                          0.10 *     0.61 r
  pulpino_top_i/core_region_i/FE_OFC5350_axi_mem_rdata_14/Z (HS65_LL_BFX106)
                                                          0.05 *     0.67 r
  pulpino_top_i/core_region_i/data_mem_axi_if/axi_mem_if_SP_i/READ_CTRL/RDATA_REG_reg[14]/D (HS65_LL_SDFPRQX9)
                                                          0.02 *     0.69 r
  data arrival time                                                  0.69

  clock clk (rise edge)                                   0.00       0.00
  clock network delay (ideal)                             0.50       0.50
  clock reconvergence pessimism                           0.00       0.50
  clock uncertainty                                       0.25       0.75
  pulpino_top_i/core_region_i/data_mem_axi_if/axi_mem_if_SP_i/READ_CTRL/RDATA_REG_reg[14]/CP (HS65_LL_SDFPRQX9)
                                                                     0.75 r
  library hold time                                      -0.04 *     0.71
  data required time                                                 0.71
  ------------------------------------------------------------------------------
  data required time                                                 0.71
  data arrival time                                                 -0.69
  ------------------------------------------------------------------------------
  slack (VIOLATED)                                                  -0.02


  Startpoint: pulpino_top_i/core_region_i/data_mem/bank1_byte2
               (rising edge-triggered flip-flop clocked by clk)
  Endpoint: pulpino_top_i/core_region_i/data_mem_axi_if/axi_mem_if_SP_i/READ_CTRL/RDATA_REG_reg[19]
               (rising edge-triggered flip-flop clocked by clk)
  Path Group: clk
  Path Type: min

  Point                                                   Incr       Path
  ------------------------------------------------------------------------------
  clock clk (rise edge)                                   0.00       0.00
  clock network delay (ideal)                             0.00       0.00
  pulpino_top_i/core_region_i/data_mem/bank1_byte2/CK (ST_SPHDL_2048x8m8_L)
                                                          0.00       0.00 r
  pulpino_top_i/core_region_i/data_mem/bank1_byte2/Q[3] (ST_SPHDL_2048x8m8_L)
                                                          0.51 &     0.51 r
  pulpino_top_i/core_region_i/data_mem/g5276/Z (HS65_LL_MX41X14)
                                                          0.10 *     0.62 r
  pulpino_top_i/core_region_i/FE_OFC4064_axi_mem_rdata_19/Z (HS65_LL_BFX44)
                                                          0.07 *     0.69 r
  pulpino_top_i/core_region_i/data_mem_axi_if/axi_mem_if_SP_i/READ_CTRL/RDATA_REG_reg[19]/D (HS65_LL_SDFPRQX9)
                                                          0.01 *     0.69 r
  data arrival time                                                  0.69

  clock clk (rise edge)                                   0.00       0.00
  clock network delay (ideal)                             0.50       0.50
  clock reconvergence pessimism                           0.00       0.50
  clock uncertainty                                       0.25       0.75
  pulpino_top_i/core_region_i/data_mem_axi_if/axi_mem_if_SP_i/READ_CTRL/RDATA_REG_reg[19]/CP (HS65_LL_SDFPRQX9)
                                                                     0.75 r
  library hold time                                      -0.04 *     0.71
  data required time                                                 0.71
  ------------------------------------------------------------------------------
  data required time                                                 0.71
  data arrival time                                                 -0.69
  ------------------------------------------------------------------------------
  slack (VIOLATED)                                                  -0.01

Warning: report_timing has satisfied the max_paths criteria. There are 4 further endpoints which have paths of interest with slack less than     0.00 that were not considered when generating this report. (UITE-502)

1
