\BOOKMARK [1][-]{section.1}{\376\377\230\171\166\356\133\232\117\115\060\001\135\345\117\134\217\271\165\114\116\016\145\164\117\123\147\266\147\204}{}% 1
\BOOKMARK [2][-]{subsection.1.1}{\376\377\147\054\172\340\211\343\121\263\166\204\225\356\230\230}{section.1}% 2
\BOOKMARK [2][-]{subsection.1.2}{\376\377\230\171\166\356\166\356\150\007\116\016\217\271\165\114}{section.1}% 3
\BOOKMARK [2][-]{subsection.1.3}{\376\377\145\164\117\123\143\247\122\066\116\016\145\160\143\156\155\101}{section.1}% 4
\BOOKMARK [2][-]{subsection.1.4}{\376\377\121\163\225\056\166\356\137\125\150\021}{section.1}% 5
\BOOKMARK [1][-]{section.2}{\376\377\123\167\171\357\122\240\220\037\126\150\000\040\000R\000T\000L\000\040\137\256\176\323\147\204}{}% 6
\BOOKMARK [2][-]{subsection.2.1}{\376\377\147\054\172\340\211\343\121\263\166\204\225\356\230\230}{section.2}% 7
\BOOKMARK [2][-]{subsection.2.2}{\376\377\121\163\225\056\145\207\116\366}{section.2}% 8
\BOOKMARK [2][-]{subsection.2.3}{\376\377\230\166\134\102\152\041\127\127\200\114\215\043\060\001\123\302\145\160\124\214\172\357\123\343}{section.2}% 9
\BOOKMARK [2][-]{subsection.2.4}{\376\377\145\057\143\001\166\204\123\167\171\357\176\364\136\246\060\001\117\115\133\275\124\214\145\160\120\074\173\126\165\145}{section.2}% 10
\BOOKMARK [2][-]{subsection.2.5}{\376\377\145\160\143\156\133\130\120\250\176\323\147\204}{section.2}% 11
\BOOKMARK [2][-]{subsection.2.6}{\376\377\127\060\127\100\165\037\142\020\124\214\175\042\137\025\211\304\122\031}{section.2}% 12
\BOOKMARK [2][-]{subsection.2.7}{\376\377\217\320\173\227\145\160\143\156\220\032\215\357}{section.2}% 13
\BOOKMARK [2][-]{subsection.2.8}{\376\377\143\247\122\066\215\357\137\204\116\016\131\015\117\115}{section.2}% 14
\BOOKMARK [2][-]{subsection.2.9}{\376\377\123\357\176\374\124\010\000\040\000R\000T\000L\000\040\230\316\150\074\124\214\121\163\225\056\215\357\137\204}{section.2}% 15
\BOOKMARK [2][-]{subsection.2.10}{\376\377\152\041\127\127\116\016\133\130\120\250\117\123\140\073\176\323\210\150}{section.2}% 16
\BOOKMARK [1][-]{section.3}{\376\377\000A\000P\000B\000\040\000W\000r\000a\000p\000p\000e\000r\000\040\116\016\000\040\000S\000o\000C\000\040\226\306\142\020\213\276\213\241}{}% 17
\BOOKMARK [2][-]{subsection.3.1}{\376\377\147\054\172\340\211\343\121\263\166\204\225\356\230\230}{section.3}% 18
\BOOKMARK [2][-]{subsection.3.2}{\376\377\121\163\225\056\145\207\116\366}{section.3}% 19
\BOOKMARK [2][-]{subsection.3.3}{\376\377\000W\000r\000a\000p\000p\000e\000r\000\040\166\204\200\114\215\043\116\016\134\102\153\041\121\163\174\373}{section.3}% 20
\BOOKMARK [2][-]{subsection.3.4}{\376\377\000A\000P\000B\000\040\123\117\213\256\117\341\123\367\211\343\221\312}{section.3}% 21
\BOOKMARK [2][-]{subsection.3.5}{\376\377\000W\000r\000a\000p\000p\000e\000r\000\040\121\231\117\177\200\375\060\001\213\373\117\177\200\375\116\016\127\060\127\100\000\040\000d\000e\000c\000o\000d\000e}{section.3}% 22
\BOOKMARK [2][-]{subsection.3.6}{\376\377\133\304\133\130\126\150\146\040\134\004\116\016\217\157\116\366\123\357\211\301\143\245\123\343}{section.3}% 23
\BOOKMARK [1][-]{section.4}{\376\377\116\316\000\040\000C\000P\000U\000\040\000C\000\040\172\013\136\217\122\060\170\154\116\366\142\147\210\114\166\204\133\214\145\164\155\101\172\013}{}% 24
\BOOKMARK [2][-]{subsection.4.1}{\376\377\147\054\172\340\211\343\121\263\166\204\225\356\230\230}{section.4}% 25
\BOOKMARK [2][-]{subsection.4.2}{\376\377\121\163\225\056\145\207\116\366}{section.4}% 26
\BOOKMARK [2][-]{subsection.4.3}{\376\377\217\157\116\366\122\035\131\313\123\026\116\016\127\060\127\100\133\232\116\111}{section.4}% 27
\BOOKMARK [2][-]{subsection.4.4}{\376\377\217\223\121\145\145\160\143\156\060\001\000k\000e\000r\000n\000e\000l\000\040\124\214\217\223\121\372\000\040\000b\000u\000f\000f\000e\000r}{section.4}% 28
\BOOKMARK [2][-]{subsection.4.5}{\376\377\124\057\122\250\060\001\122\240\217\175\060\001\217\156\213\342\124\214\213\373\126\336\230\172\136\217}{section.4}% 29
\BOOKMARK [2][-]{subsection.4.6}{\376\377\000P\000A\000S\000S\000/\000F\000A\000I\000L\000\040\116\016\000\040\000g\000o\000l\000d\000e\000n\000\040\000r\000e\000s\000u\000l\000t}{section.4}% 30
\BOOKMARK [2][-]{subsection.4.7}{\376\377\172\357\122\060\172\357\133\371\136\224\210\150}{section.4}% 31
\BOOKMARK [1][-]{section.5}{\376\377\000R\000T\000L\000\040\116\377\167\037\116\016\000\040\000F\000P\000G\000A\000\040\232\214\213\301\150\106\147\266}{}% 32
\BOOKMARK [2][-]{subsection.5.1}{\376\377\147\054\172\340\211\343\121\263\166\204\225\356\230\230}{section.5}% 33
\BOOKMARK [2][-]{subsection.5.2}{\376\377\150\070\137\303\176\247\000\040\000R\000T\000L\000\040\116\377\167\037}{section.5}% 34
\BOOKMARK [2][-]{subsection.5.3}{\376\377\000S\000o\000C\000\040\176\247\116\377\167\037}{section.5}% 35
\BOOKMARK [2][-]{subsection.5.4}{\376\377\124\016\176\374\124\010\124\214\124\016\136\003\134\100\116\377\167\037}{section.5}% 36
\BOOKMARK [2][-]{subsection.5.5}{\376\377\000F\000P\000G\000A\000\040\142\026\147\177\176\247\232\214\213\301\162\266\140\001}{section.5}% 37
\BOOKMARK [1][-]{section.6}{\376\377\176\374\124\010\377\010\000S\000y\000n\000t\000h\000e\000s\000i\000s\377\011\155\101\172\013\116\016\201\032\147\054\211\343\213\373}{}% 38
\BOOKMARK [2][-]{subsection.6.1}{\376\377\147\054\172\340\211\343\121\263\166\204\225\356\230\230}{section.6}% 39
\BOOKMARK [2][-]{subsection.6.2}{\376\377\121\163\225\056\145\207\116\366\124\214\135\345\121\167\176\277\175\042}{section.6}% 40
\BOOKMARK [2][-]{subsection.6.3}{\376\377\000R\000T\000L\000\040\000s\000o\000u\000r\000c\000e\060\001\000i\000n\000c\000l\000u\000d\000e\000\040\000p\000a\000t\000h\000\040\116\016\136\223}{section.6}% 41
\BOOKMARK [2][-]{subsection.6.4}{\376\377\145\366\224\237\116\016\000\040\000I\000/\000O\000\040\176\246\147\137}{section.6}% 42
\BOOKMARK [2][-]{subsection.6.5}{\376\377\176\374\124\010\116\073\155\101\172\013}{section.6}% 43
\BOOKMARK [2][-]{subsection.6.6}{\376\377\121\163\225\056\142\245\124\112\211\302\133\337}{section.6}% 44
\BOOKMARK [2][-]{subsection.6.7}{\376\377\201\032\147\054\215\357\137\204\040\023\116\073\211\201\124\175\116\344\040\023\117\134\165\050\040\023\116\247\162\151\040\023\116\013\116\000\226\066\153\265\121\163\174\373}{section.6}% 45
\BOOKMARK [1][-]{section.7}{\376\377\000P\000n\000R\377\010\000P\000l\000a\000c\000e\000\040\000a\000n\000d\000\040\000R\000o\000u\000t\000e\377\011\155\101\172\013\116\016\201\032\147\054\211\343\213\373}{}% 46
\BOOKMARK [2][-]{subsection.7.1}{\376\377\147\054\172\340\211\343\121\263\166\204\225\356\230\230}{section.7}% 47
\BOOKMARK [2][-]{subsection.7.2}{\376\377\121\163\225\056\145\207\116\366}{section.7}% 48
\BOOKMARK [2][-]{subsection.7.3}{\376\377\000D\000e\000s\000i\000g\000n\000\040\000i\000m\000p\000o\000r\000t\000\040\000/\000\040\000n\000e\000t\000l\000i\000s\000t\000\040\000i\000m\000p\000o\000r\000t}{section.7}% 49
\BOOKMARK [2][-]{subsection.7.4}{\376\377\000M\000M\000M\000C\000\040\213\276\177\156}{section.7}% 50
\BOOKMARK [2][-]{subsection.7.5}{\376\377\000F\000l\000o\000o\000r\000p\000l\000a\000n\000\040\116\016\133\217\145\076\177\156}{section.7}% 51
\BOOKMARK [2][-]{subsection.7.6}{\376\377\000H\000a\000l\000o\060\001\000c\000u\000t\000\040\000r\000o\000w\000s\000\040\124\214\000\040\000p\000o\000w\000e\000r\000\040\000p\000l\000a\000n\000n\000i\000n\000g}{section.7}% 52
\BOOKMARK [2][-]{subsection.7.7}{\376\377\000P\000l\000a\000c\000e\000m\000e\000n\000t\000\040\116\016\000\040\000p\000r\000e\000-\000C\000T\000S\000\040\000o\000p\000t\000i\000m\000i\000z\000a\000t\000i\000o\000n}{section.7}% 53
\BOOKMARK [2][-]{subsection.7.8}{\376\377\000C\000T\000S\000\040\116\016\000\040\000p\000o\000s\000t\000-\000C\000T\000S\000\040\000o\000p\000t\000i\000m\000i\000z\000a\000t\000i\000o\000n}{section.7}% 54
\BOOKMARK [2][-]{subsection.7.9}{\376\377\000R\000o\000u\000t\000i\000n\000g\060\001\000p\000o\000s\000t\000-\000r\000o\000u\000t\000e\000\040\000o\000p\000t\000i\000m\000i\000z\000a\000t\000i\000o\000n\000\040\124\214\150\300\147\345}{section.7}% 55
\BOOKMARK [2][-]{subsection.7.10}{\376\377\000F\000i\000l\000l\000e\000r\060\001\133\304\165\037\142\275\123\326\124\214\217\223\121\372}{section.7}% 56
\BOOKMARK [2][-]{subsection.7.11}{\376\377\116\016\123\167\171\357\122\240\220\037\126\150\166\370\121\163\166\204\162\151\164\006\133\236\163\260\121\163\154\350\160\271}{section.7}% 57
\BOOKMARK [1][-]{section.8}{\376\377\000P\000r\000i\000m\000e\000T\000i\000m\000e\000\040\000S\000T\000A\000\040\116\016\173\176\150\070\150\300\147\345}{}% 58
\BOOKMARK [2][-]{subsection.8.1}{\376\377\147\054\172\340\211\343\121\263\166\204\225\356\230\230}{section.8}% 59
\BOOKMARK [2][-]{subsection.8.2}{\376\377\121\163\225\056\145\207\116\366}{section.8}% 60
\BOOKMARK [2][-]{subsection.8.3}{\376\377\000P\000r\000i\000m\000e\000T\000i\000m\000e\000\040\217\223\121\145\116\016\201\032\147\054\155\101\172\013}{section.8}% 61
\BOOKMARK [2][-]{subsection.8.4}{\376\377\176\246\147\137\124\053\116\111}{section.8}% 62
\BOOKMARK [2][-]{subsection.8.5}{\376\377\000S\000e\000t\000u\000p\000\040\116\016\000\040\000h\000o\000l\000d\000\040\122\006\147\220\150\300\147\345\121\205\133\271}{section.8}% 63
\BOOKMARK [2][-]{subsection.8.6}{\376\377\137\123\122\115\123\357\170\156\213\244\142\245\124\112\162\266\140\001}{section.8}% 64
\BOOKMARK [2][-]{subsection.8.7}{\376\377\176\374\124\010\122\115\060\001\176\374\124\010\124\016\060\001\000P\000n\000R\000\040\124\016\000\040\000S\000T\000A\000\040\135\356\137\002}{section.8}% 65
\BOOKMARK [1][-]{section.9}{\376\377\230\171\166\356\121\163\225\056\213\276\213\241\220\011\142\351\060\001\135\345\172\013\143\021\142\030\116\016\123\357\165\050\116\216\227\142\213\325\166\204\211\201\160\271}{}% 66
\BOOKMARK [2][-]{subsection.9.1}{\376\377\147\054\172\340\211\343\121\263\166\204\225\356\230\230}{section.9}% 67
\BOOKMARK [2][-]{subsection.9.2}{\376\377\121\163\225\056\135\345\172\013\226\276\160\271}{section.9}% 68
\BOOKMARK [2][-]{subsection.9.3}{\376\377\123\357\165\050\116\216\230\171\166\356\173\124\217\251\142\026\000\040\000R\000T\000L\000/\000A\000S\000I\000C\000\040\227\142\213\325\166\204\211\201\160\271}{section.9}% 69
\BOOKMARK [2][-]{subsection.9.4}{\376\377\0001\0005\0000\040\023\0002\0005\0000\000\040\133\127\230\171\166\356\143\317\217\360}{section.9}% 70
