============================================================
  Generated by:           Genus(TM) Synthesis Solution 16.12-s027_1
  Generated on:           May 21 2025  01:43:26 pm
  Module:                 pulpino_padstop
  Technology libraries:   CLOCK65LPLVT 
                          CORE65LPLVT 
                          SPHDL100909 
                          PAD 
  Operating conditions:   typical (balanced_tree)
  Wireload mode:          enclosed
  Area mode:              timing library
============================================================

                               Instance                                                     Module                        Cells  Cell Area  Net Area   Total Area      Wireload        
---------------------------------------------------------------------------------------------------------------------------------------------------------------------------------------
pulpino_padstop                                                                                                          183143    1717662         0      1717662 area_780Kto1170K (S) 
  pulpino_top_i                                                       pulpino_top                                        183110    1605645         0      1605645 area_780Kto1170K (S) 
    peripherals_i                                                     peripherals_AXI_ADDR_WIDTH32_AXI_DATA_WIDTH32_AXI_ 155802     905253         0       905253 area_780Kto1170K (S) 
      apb_conv_i                                                      apb_conv                                           146779     841294         0       841294 area_780Kto1170K (S) 
        conv_init                                                     convolution_accelerator                            134593     698654         0       698654  area_390Kto780K (S) 
          inst_mac[21].inst_mac_i                                     mac_21                                               4532      23891         0        23891    area_18Kto24K (S) 
            csa_tree_add_69_27_I25_groupi                             csa_tree_add_69_27_I25_group_10981_4332_3            3241      18242         0        18242    area_18Kto24K (S) 
          inst_mac[20].inst_mac_i                                     mac_20                                               4532      23891         0        23891    area_18Kto24K (S) 
            csa_tree_add_69_27_I25_groupi                             csa_tree_add_69_27_I25_group_10981_4332_2            3241      18242         0        18242    area_18Kto24K (S) 
          inst_mac[19].inst_mac_i                                     mac_19                                               4532      23891         0        23891    area_18Kto24K (S) 
            csa_tree_add_69_27_I25_groupi                             csa_tree_add_69_27_I25_group_10981_4332_1            3241      18242         0        18242    area_18Kto24K (S) 
          inst_mac[17].inst_mac_i                                     mac_17                                               4532      23891         0        23891    area_18Kto24K (S) 
            csa_tree_add_69_27_I25_groupi                             csa_tree_add_69_27_I25_group_10981_4319_5            3241      18242         0        18242    area_18Kto24K (S) 
          inst_mac[2].inst_mac_i                                      mac_2                                                4532      23891         0        23891    area_18Kto24K (S) 
            csa_tree_add_69_27_I25_groupi                             csa_tree_add_69_27_I25_group_10981_2                 3241      18242         0        18242    area_18Kto24K (S) 
          inst_mac[1].inst_mac_i                                      mac_1                                                4532      23891         0        23891    area_18Kto24K (S) 
            csa_tree_add_69_27_I25_groupi                             csa_tree_add_69_27_I25_group_10981_1                 3241      18242         0        18242    area_18Kto24K (S) 
          inst_mac[0].inst_mac_i                                      mac                                                  4532      23891         0        23891    area_18Kto24K (S) 
            csa_tree_add_69_27_I25_groupi                             csa_tree_add_69_27_I25_group_10981                   3241      18242         0        18242    area_18Kto24K (S) 
          inst_mac[16].inst_mac_i                                     mac_16                                               4532      23891         0        23891    area_18Kto24K (S) 
            csa_tree_add_69_27_I25_groupi                             csa_tree_add_69_27_I25_group_10981_4319_4            3241      18242         0        18242    area_18Kto24K (S) 
          inst_mac[15].inst_mac_i                                     mac_15                                               4532      23891         0        23891    area_18Kto24K (S) 
            csa_tree_add_69_27_I25_groupi                             csa_tree_add_69_27_I25_group_10981_4319_3            3241      18242         0        18242    area_18Kto24K (S) 
          inst_mac[14].inst_mac_i                                     mac_14                                               4532      23891         0        23891    area_18Kto24K (S) 
            csa_tree_add_69_27_I25_groupi                             csa_tree_add_69_27_I25_group_10981_4319_2            3241      18242         0        18242    area_18Kto24K (S) 
          inst_mac[13].inst_mac_i                                     mac_13                                               4532      23891         0        23891    area_18Kto24K (S) 
            csa_tree_add_69_27_I25_groupi                             csa_tree_add_69_27_I25_group_10981_4319_1            3241      18242         0        18242    area_18Kto24K (S) 
          inst_mac[12].inst_mac_i                                     mac_12                                               4532      23891         0        23891    area_18Kto24K (S) 
            csa_tree_add_69_27_I25_groupi                             csa_tree_add_69_27_I25_group_10981_4319              3241      18242         0        18242    area_18Kto24K (S) 
          inst_mac[11].inst_mac_i                                     mac_11                                               4532      23891         0        23891    area_18Kto24K (S) 
            csa_tree_add_69_27_I25_groupi                             csa_tree_add_69_27_I25_group_10981_4306_5            3241      18242         0        18242    area_18Kto24K (S) 
          inst_mac[10].inst_mac_i                                     mac_10                                               4532      23891         0        23891    area_18Kto24K (S) 
            csa_tree_add_69_27_I25_groupi                             csa_tree_add_69_27_I25_group_10981_4306_4            3241      18242         0        18242    area_18Kto24K (S) 
          inst_mac[9].inst_mac_i                                      mac_9                                                4532      23891         0        23891    area_18Kto24K (S) 
            csa_tree_add_69_27_I25_groupi                             csa_tree_add_69_27_I25_group_10981_4306_3            3241      18242         0        18242    area_18Kto24K (S) 
          inst_mac[8].inst_mac_i                                      mac_8                                                4532      23891         0        23891    area_18Kto24K (S) 
            csa_tree_add_69_27_I25_groupi                             csa_tree_add_69_27_I25_group_10981_4306_2            3241      18242         0        18242    area_18Kto24K (S) 
          inst_mac[7].inst_mac_i                                      mac_7                                                4532      23891         0        23891    area_18Kto24K (S) 
            csa_tree_add_69_27_I25_groupi                             csa_tree_add_69_27_I25_group_10981_4306_1            3241      18242         0        18242    area_18Kto24K (S) 
          inst_mac[6].inst_mac_i                                      mac_6                                                4532      23891         0        23891    area_18Kto24K (S) 
            csa_tree_add_69_27_I25_groupi                             csa_tree_add_69_27_I25_group_10981_4306              3241      18242         0        18242    area_18Kto24K (S) 
          inst_mac[5].inst_mac_i                                      mac_5                                                4532      23891         0        23891    area_18Kto24K (S) 
            csa_tree_add_69_27_I25_groupi                             csa_tree_add_69_27_I25_group_10981_5                 3241      18242         0        18242    area_18Kto24K (S) 
          inst_mac[4].inst_mac_i                                      mac_4                                                4532      23891         0        23891    area_18Kto24K (S) 
            csa_tree_add_69_27_I25_groupi                             csa_tree_add_69_27_I25_group_10981_4                 3241      18242         0        18242    area_18Kto24K (S) 
          inst_mac[3].inst_mac_i                                      mac_3                                                4532      23891         0        23891    area_18Kto24K (S) 
            csa_tree_add_69_27_I25_groupi                             csa_tree_add_69_27_I25_group_10981_3                 3241      18242         0        18242    area_18Kto24K (S) 
          inst_mac[18].inst_mac_i                                     mac_18                                               4500      23779         0        23779    area_18Kto24K (S) 
            csa_tree_add_69_27_I25_groupi                             csa_tree_add_69_27_I25_group_10981_4332              3241      18242         0        18242    area_18Kto24K (S) 
          inst_mac[22].inst_mac_i                                     mac_22                                               4500      23779         0        23779    area_18Kto24K (S) 
            csa_tree_add_69_27_I25_groupi                             csa_tree_add_69_27_I25_group_10981_4332_4            3241      18242         0        18242    area_18Kto24K (S) 
          inst_mac[23].inst_mac_i                                     mac_23                                               4500      23779         0        23779    area_18Kto24K (S) 
            csa_tree_add_69_27_I25_groupi                             csa_tree_add_69_27_I25_group_10981_4332_5            3241      18242         0        18242    area_18Kto24K (S) 
          inst_parse_input_row                                        parse_input_row_PX_W8_IFM_W28                         485       2465         0         2465      area_2Kto3K (S) 
          inst_rom                                                    ROM                                                     1          3         0            3      area_0Kto1K (S) 
      apb_uart_i                                                      apb_uart                                             3216      23951         0        23951    area_18Kto24K (S) 
        UART_RXFF                                                     slib_fifo_WIDTH11_SIZE_E6                            1394      11544         0        11544     area_9Kto12K (S) 
        UART_TXFF                                                     slib_fifo_WIDTH8_SIZE_E6                             1084       8608         0         8608      area_8Kto9K (S) 
        UART_RX                                                       uart_receiver                                         165        736         0          736      area_0Kto1K (S) 
          RX_MVF                                                      slib_mv_filter_WIDTH4_THRESHOLD10                      21        102         0          102      area_0Kto1K (S) 
          RX_IFSB                                                     slib_input_filter_SIZE4                                20         90         0           90      area_0Kto1K (S) 
          RX_BRC                                                      slib_counter_WIDTH4                                    15         87         0           87      area_0Kto1K (S) 
        UART_BG16                                                     uart_baudgen                                           72        384         0          384      area_0Kto1K (S) 
        UART_TX                                                       uart_transmitter                                       73        280         0          280      area_0Kto1K (S) 
        UART_IIC                                                      uart_interrupt                                         16         77         0           77      area_0Kto1K (S) 
        UART_BG2                                                      slib_clock_div_RATIO8                                  10         64         0           64      area_0Kto1K (S) 
        UART_IF_RI                                                    slib_input_filter_SIZE2_3                              11         56         0           56      area_0Kto1K (S) 
        UART_IF_DCD                                                   slib_input_filter_SIZE2_2                              11         56         0           56      area_0Kto1K (S) 
        UART_IS_DCD                                                   slib_input_sync_3                                       4         24         0           24      area_0Kto1K (S) 
        UART_IS_RI                                                    slib_input_sync_4                                       3         22         0           22      area_0Kto1K (S) 
        UART_IS_SIN                                                   slib_input_sync                                         3         22         0           22      area_0Kto1K (S) 
        UART_ED_CTS                                                   slib_edge_detect_4                                      4         17         0           17      area_0Kto1K (S) 
        UART_ED_DCD                                                   slib_edge_detect_7                                      4         17         0           17      area_0Kto1K (S) 
        UART_ED_DSR                                                   slib_edge_detect_5                                      4         17         0           17      area_0Kto1K (S) 
        UART_IIC_THRE_ED                                              slib_edge_detect                                        3         15         0           15      area_0Kto1K (S) 
        UART_FEDET                                                    slib_edge_detect_2                                      3         15         0           15      area_0Kto1K (S) 
        UART_BIDET                                                    slib_edge_detect_3                                      3         15         0           15      area_0Kto1K (S) 
        UART_PEDET                                                    slib_edge_detect_1                                      3         15         0           15      area_0Kto1K (S) 
        UART_RCLK                                                     slib_edge_detect_8                                      3         15         0           15      area_0Kto1K (S) 
        UART_ED_RI                                                    slib_edge_detect_6                                      3         14         0           14      area_0Kto1K (S) 
      axi_spi_slave_i                                                 axi_spi_slave_wrap_AXI_ADDRESS_WIDTH32_AXI_DATA_WI   2087      14852         0        14852    area_12Kto18K (S) 
        axi_spi_slave_i                                               axi_spi_slave_AXI_ADDR_WIDTH32_AXI_DATA_WIDTH32_AX   2087      14852         0        14852    area_12Kto18K (S) 
          u_dcfifo_tx                                                 spi_slave_dc_fifo_DATA_WIDTH32_BUFFER_DEPTH8_1        596       4528         0         4528      area_4Kto5K (S) 
            u_din                                                     dc_token_ring_fifo_din_DATA_WIDTH32_BUFFER_DEPTH8_    544       4188         0         4188      area_4Kto5K (S) 
              buffer                                                  dc_data_buffer_DATA_WIDTH32_BUFFER_DEPTH8_1           508       3985         0         3985      area_3Kto4K (S) 
              write_tr                                                dc_token_ring_BUFFER_DEPTH8_RESET_VALUE32h0000000c      8        101         0          101      area_0Kto1K (S) 
              full                                                    dc_full_detector_BUFFER_DEPTH8_1                       18         77         0           77      area_0Kto1K (S) 
                full_synch                                            dc_synchronizer_WIDTH1_RESET_VALUE1h0_1                 2         21         0           21      area_0Kto1K (S) 
            u_dout                                                    dc_token_ring_fifo_dout_DATA_WIDTH32_BUFFER_DEPTH8     52        340         0          340      area_0Kto1K (S) 
              empty_synch                                             dc_synchronizer_WIDTH8_RESET_VALUE32h0000000c_1        18        172         0          172      area_0Kto1K (S) 
              read_tr                                                 dc_token_ring_BUFFER_DEPTH8_RESET_VALUE32h00000003     11        106         0          106      area_0Kto1K (S) 
          u_dcfifo_rx                                                 spi_slave_dc_fifo_DATA_WIDTH32_BUFFER_DEPTH8          599       4527         0         4527      area_4Kto5K (S) 
            u_din                                                     dc_token_ring_fifo_din_DATA_WIDTH32_BUFFER_DEPTH8     551       4197         0         4197      area_4Kto5K (S) 
              buffer                                                  dc_data_buffer_DATA_WIDTH32_BUFFER_DEPTH8             511       3988         0         3988      area_3Kto4K (S) 
              write_tr                                                dc_token_ring_BUFFER_DEPTH8_RESET_VALUE32h0000000c     11        106         0          106      area_0Kto1K (S) 
              full                                                    dc_full_detector_BUFFER_DEPTH8                         20         80         0           80      area_0Kto1K (S) 
                full_synch                                            dc_synchronizer_WIDTH1_RESET_VALUE1h0                   4         24         0           24      area_0Kto1K (S) 
            u_dout                                                    dc_token_ring_fifo_dout_DATA_WIDTH32_BUFFER_DEPTH8     48        330         0          330      area_0Kto1K (S) 
              empty_synch                                             dc_synchronizer_WIDTH8_RESET_VALUE32h0000000c          18        172         0          172      area_0Kto1K (S) 
              read_tr                                                 dc_token_ring_BUFFER_DEPTH8_RESET_VALUE32h00000003      8        101         0          101      area_0Kto1K (S) 
          u_axiplug                                                   spi_slave_axi_plug_AXI_ADDR_WIDTH32_AXI_DATA_WIDTH    323       2129         0         2129      area_2Kto3K (S) 
            add_154_29                                                add_unsigned_2                                         29        150         0          150      area_0Kto1K (S) 
          u_slave_sm                                                  spi_slave_controller_DUMMY_CYCLES32                   285       1868         0         1868      area_1Kto2K (S) 
            u_spiregs                                                 spi_slave_regs_REG_SIZE8                               51        487         0          487      area_0Kto1K (S) 
            u_cmd_parser                                              spi_slave_cmd_parser                                   20         58         0           58      area_0Kto1K (S) 
          u_rxreg                                                     spi_slave_rx                                          145        881         0          881      area_0Kto1K (S) 
          u_txreg                                                     spi_slave_tx                                          129        839         0          839      area_0Kto1K (S) 
          u_syncro                                                    spi_slave_syncro_AXI_ADDR_WIDTH32                       9         77         0           77      area_0Kto1K (S) 
      apb_gpio_i                                                      apb_gpio                                             1044       8137         0         8137      area_8Kto9K (S) 
      apb_event_unit_i                                                apb_event_unit                                       1034       5869         0         5869      area_5Kto6K (S) 
        i_interrupt_unit                                              generic_service_unit_APB_ADDR_WIDTH12                 439       2486         0         2486      area_2Kto3K (S) 
        i_event_unit                                                  generic_service_unit_APB_ADDR_WIDTH12_1               437       2485         0         2485      area_2Kto3K (S) 
        i_sleep_unit                                                  sleep_unit_APB_ADDR_WIDTH12                            89        576         0          576      area_0Kto1K (S) 
      axi2apb_i                                                       axi2apb_wrap_AXI_ADDR_WIDTH32_AXI_DATA_WIDTH32_AXI    680       5265         0         5265      area_5Kto6K (S) 
        genblk1.axi2apb_i                                             axi2apb32_AXI4_ADDRESS_WIDTH32_AXI4_RDATA_WIDTH32_    680       5265         0         5265      area_5Kto6K (S) 
          Slave_r_buffer                                              axi_r_buffer_ID_WIDTH4_DATA_WIDTH32_USER_WIDTH1_BU    139       1141         0         1141      area_1Kto2K (S) 
            buffer_i                                                  generic_fifo_DATA_WIDTH40_DATA_DEPTH2                 139       1141         0         1141      area_1Kto2K (S) 
              cg_cell                                                 cluster_clock_gating_18                                 2          9         0            9      area_0Kto1K (S) 
          Slave_ar_buffer                                             axi_ar_buffer_ID_WIDTH4_ADDR_WIDTH32_USER_WIDTH1_B    138       1116         0         1116      area_1Kto2K (S) 
            buffer_i                                                  generic_fifo_DATA_WIDTH66_DATA_DEPTH2_1               138       1116         0         1116      area_1Kto2K (S) 
              cg_cell                                                 cluster_clock_gating_17                                 2          9         0            9      area_0Kto1K (S) 
          Slave_aw_buffer                                             axi_aw_buffer_ID_WIDTH4_ADDR_WIDTH32_USER_WIDTH1_B    134       1109         0         1109      area_1Kto2K (S) 
            buffer_i                                                  generic_fifo_DATA_WIDTH66_DATA_DEPTH2                 134       1109         0         1109      area_1Kto2K (S) 
              cg_cell                                                 cluster_clock_gating_16                                 2          9         0            9      area_0Kto1K (S) 
          Slave_w_buffer                                              axi_w_buffer_DATA_WIDTH32_USER_WIDTH1_BUFFER_DEPTH    132       1058         0         1058      area_1Kto2K (S) 
            buffer_i                                                  generic_fifo_DATA_WIDTH38_DATA_DEPTH2_2               132       1058         0         1058      area_1Kto2K (S) 
              cg_cell                                                 cluster_clock_gating_20                                 2          9         0            9      area_0Kto1K (S) 
          Slave_b_buffer                                              axi_b_buffer_ID_WIDTH4_USER_WIDTH1_BUFFER_DEPTH2       32        168         0          168      area_0Kto1K (S) 
            buffer_i                                                  generic_fifo_DATA_WIDTH7_DATA_DEPTH2                   32        168         0          168      area_0Kto1K (S) 
              cg_cell                                                 cluster_clock_gating_19                                 2          9         0            9      area_0Kto1K (S) 
      apb_pulpino_i                                                   apb_pulpino_BOOT_ADDR32h00008000                      507       4462         0         4462      area_4Kto5K (S) 
      periph_bus_i                                                    periph_bus_wrap_APB_ADDR_WIDTH32_APB_DATA_WIDTH32_    435       1338         0         1338      area_1Kto2K (S) 
        apb_node_wrap_i                                               apb_node_wrap_NB_MASTER9_APB_DATA_WIDTH32_APB_ADDR    435       1338         0         1338      area_1Kto2K (S) 
          apb_node_i                                                  apb_node_NB_MASTER9_APB_DATA_WIDTH32_APB_ADDR_WIDT    435       1338         0         1338      area_1Kto2K (S) 
      apb2per_debug_i                                                 apb2per_PER_ADDR_WIDTH15_APB_ADDR_WIDTH32              10         37         0           37      area_0Kto1K (S) 
      genblk1[0].core_clock_gate                                      cluster_clock_gating_21                                 2          9         0            9      area_0Kto1K (S) 
      genblk1[2].core_clock_gate                                      cluster_clock_gating_23                                 2          9         0            9      area_0Kto1K (S) 
      genblk1[4].core_clock_gate                                      cluster_clock_gating_25                                 2          9         0            9      area_0Kto1K (S) 
      genblk1[5].core_clock_gate                                      cluster_clock_gating_26                                 2          9         0            9      area_0Kto1K (S) 
      genblk1[1].core_clock_gate                                      cluster_clock_gating_22                                 2          9         0            9      area_0Kto1K (S) 
    core_region_i                                                     core_region_AXI_ADDR_WIDTH32_AXI_DATA_WIDTH32_AXI_  24567     689211         0       689211  area_390Kto780K (S) 
      instr_mem                                                       instr_ram_wrap_RAM_SIZE32768_DATA_WIDTH32            2251     287859         0       287859  area_234Kto312K (S) 
        sp_ram_wrap_i                                                 sp_ram_wrap_RAM_SIZE32768_DATA_WIDTH32                226     281738         0       281738  area_234Kto312K (S) 
        boot_rom_wrap_i                                               boot_rom_wrap_DATA_WIDTH32                           1987       5968         0         5968      area_5Kto6K (S) 
          boot_code_i                                                 boot_code                                            1986       5966         0         5966      area_5Kto6K (S) 
      data_mem                                                        sp_ram_wrap_RAM_SIZE32768_DATA_WIDTH32_1              226     281739         0       281739  area_234Kto312K (S) 
      CORE.RISCV_CORE                                                 riscv_core_N_EXT_PERF_COUNTERS0_FPU0_SHARED_FP0_SH  17293      87019         0        87019   area_78Kto156K (S) 
        id_stage_i                                                    riscv_id_stage_N_HWLP2_PULP_SECURE0_FPU0_APU0_SHAR   6811      39272         0        39272    area_36Kto42K (S) 
          registers_i                                                 riscv_register_file_ADDR_WIDTH6_FPU0                 4070      24251         0        24251    area_24Kto30K (S) 
          hwloop_regs_i                                               riscv_hwloop_regs_N_REGS2                             442       3060         0         3060      area_3Kto4K (S) 
            dec_sub_103_50_I2_59                                      decrement_unsigned_2771_1                              76        185         0          185      area_0Kto1K (S) 
            dec_sub_103_50_I1_58                                      decrement_unsigned_2771                                76        185         0          185      area_0Kto1K (S) 
          decoder_i                                                   riscv_decoder_FPU0_PULP_SECURE0_SHARED_FP0_SHARED_    404       1135         0         1135      area_1Kto2K (S) 
          controller_i                                                riscv_controller_FPU0                                 219        666         0          666      area_0Kto1K (S) 
          add_584_49                                                  add_unsigned_1336_2                                    33        296         0          296      area_0Kto1K (S) 
          add_581_38                                                  add_unsigned_1336_1                                    31        284         0          284      area_0Kto1K (S) 
          add_580_38                                                  add_unsigned_1336                                      31        284         0          284      area_0Kto1K (S) 
          add_536_37                                                  add_unsigned_1336_3                                    31        206         0          206      area_0Kto1K (S) 
          dec_sub_468_53_60                                           decrement_unsigned_2771_2                              76        185         0          185      area_0Kto1K (S) 
          add_537_37                                                  add_unsigned_1336_4                                    31        177         0          177      area_0Kto1K (S) 
          int_controller_i                                            riscv_int_controller_PULP_SECURE0                      13        100         0          100      area_0Kto1K (S) 
        ex_stage_i                                                    riscv_ex_stage_FPU0_SHARED_FP0_SHARED_DSP_MULT0_SH   7663      33162         0        33162    area_30Kto36K (S) 
          mult_i                                                      riscv_mult_SHARED_DSP_MULT0                          4377      20568         0        20568    area_18Kto24K (S) 
            csa_tree_add_283_102_groupi                               csa_tree_add_283_102_group_3967                      1395       6205         0         6205      area_6Kto7K (S) 
            csa_tree_add_230_63_groupi                                csa_tree_add_230_63_group_3965                       1076       5320         0         5320      area_5Kto6K (S) 
            csa_tree_add_270_87_groupi                                csa_tree_add_270_87_group_3963                        775       4044         0         4044      area_4Kto5K (S) 
            csa_tree_add_114_70_groupi                                csa_tree_add_114_70_group_3969                        682       3400         0         3400      area_3Kto4K (S) 
            sra_117_128                                               arith_shift_right_vlog_unsigned_3264                  173        587         0          587      area_0Kto1K (S) 
          alu_i                                                       riscv_alu_SHARED_INT_DIV0_FPU0                       3232      12301         0        12301    area_12Kto18K (S) 
            int_div.div_i                                             riscv_alu_div                                         754       3599         0         3599      area_3Kto4K (S) 
              sub_107_68                                              sub_unsigned_1530                                      94        389         0          389      area_0Kto1K (S) 
              add_107_46                                              add_unsigned_1336_5                                    32        294         0          294      area_0Kto1K (S) 
              minus_100_38                                            sub_unsigned_1534                                      62        209         0          209      area_0Kto1K (S) 
              gt_103_58                                               gt_unsigned_1526                                       63        164         0          164      area_0Kto1K (S) 
            srl_283_46                                                shift_right_vlog_unsigned                             276        954         0          954      area_0Kto1K (S) 
            sll_882_39                                                shift_left_vlog_unsigned_2316                         162        539         0          539      area_0Kto1K (S) 
            add_168_54                                                add_signed                                             52        489         0          489      area_0Kto1K (S) 
            add_182_44                                                add_unsigned_1336_6                                    37        429         0          429      area_0Kto1K (S) 
            alu_popcnt_i                                              alu_popcnt                                             31        269         0          269      area_0Kto1K (S) 
              csa_tree_add_1154_39_groupi                             csa_tree_add_1154_39_group_4015                        31        269         0          269      area_0Kto1K (S) 
            sra_269_105                                               arith_shift_right_vlog_unsigned_1                      76        236         0          236      area_0Kto1K (S) 
            sra_270_105                                               arith_shift_right_vlog_unsigned                        75        231         0          231      area_0Kto1K (S) 
            alu_ff_i                                                  alu_ff                                                 61        163         0          163      area_0Kto1K (S) 
            csa_mux_a_mux_925_30                                      bmux_2768                                               6         17         0           17      area_0Kto1K (S) 
            csa_mux_b_mux_925_30                                      bmux_2768_1                                             1          2         0            2      area_0Kto1K (S) 
        if_stage_i                                                    riscv_if_stage_N_HWLP2_RDATA_WIDTH32_FPU0            1450       7911         0         7911      area_7Kto8K (S) 
          prefetch_32.prefetch_buffer_i                               riscv_prefetch_buffer                                 842       5207         0         5207      area_5Kto6K (S) 
            fifo_i                                                    riscv_fetch_fifo                                      627       4084         0         4084      area_4Kto5K (S) 
              add_182_49                                              add_unsigned                                           29        150         0          150      area_0Kto1K (S) 
            add_115_54                                                add_unsigned_1                                         29        150         0          150      area_0Kto1K (S) 
          compressed_decoder_i                                        riscv_compressed_decoder_FPU0                         257        704         0          704      area_0Kto1K (S) 
          hwloop_controller_i                                         riscv_hwloop_controller_N_REGS2                       154        597         0          597      area_0Kto1K (S) 
        cs_registers_i                                                riscv_cs_registers_N_EXT_CNT0_APU0_FPU0_PULP_SECUR    618       2955         0         2955      area_2Kto3K (S) 
          inc_ADD_UNS_OP_57                                           increment_unsigned_2770                                32        165         0          165      area_0Kto1K (S) 
        load_store_unit_i                                             riscv_load_store_unit                                 435       1991         0         1991      area_1Kto2K (S) 
          final_adder_mux_463_27                                      add_unsigned_2778                                      33        297         0          297      area_0Kto1K (S) 
        debug_unit_i                                                  riscv_debug_unit                                      251       1476         0         1476      area_1Kto2K (S) 
        core_clock_gate_i                                             cluster_clock_gating                                    2          9         0            9      area_0Kto1K (S) 
      instr_mem_axi_if                                                axi_mem_if_SP_wrap_AXI_ADDR_WIDTH32_AXI_DATA_WIDTH   1234       9257         0         9257     area_9Kto12K (S) 
        axi_mem_if_SP_i                                               axi_mem_if_SP_AXI4_ADDRESS_WIDTH32_AXI4_RDATA_WIDT   1232       9254         0         9254     area_9Kto12K (S) 
          Slave_w_buffer_LP                                           axi_w_buffer_DATA_WIDTH32_USER_WIDTH1_BUFFER_DEPTH    262       2364         0         2364      area_2Kto3K (S) 
            buffer_i                                                  generic_fifo_DATA_WIDTH38_DATA_DEPTH4                 262       2364         0         2364      area_2Kto3K (S) 
              cg_cell                                                 cluster_clock_gating_8                                  2          9         0            9      area_0Kto1K (S) 
          Slave_r_buffer_LP                                           axi_r_buffer_ID_WIDTH4_DATA_WIDTH32_USER_WIDTH1_BU    239       2229         0         2229      area_2Kto3K (S) 
            buffer_i                                                  generic_fifo_DATA_WIDTH40_DATA_DEPTH4                 239       2229         0         2229      area_2Kto3K (S) 
              cg_cell                                                 cluster_clock_gating_9                                  2          9         0            9      area_0Kto1K (S) 
          READ_CTRL                                                   axi_read_only_ctrl_AXI4_ADDRESS_WIDTH32_AXI4_RDATA    248       1309         0         1309      area_1Kto2K (S) 
          Slave_aw_buffer_LP                                          axi_aw_buffer_ID_WIDTH4_ADDR_WIDTH32_USER_WIDTH1_B    126       1100         0         1100      area_1Kto2K (S) 
            buffer_i                                                  generic_fifo_DATA_WIDTH66_DATA_DEPTH4                 126       1100         0         1100      area_1Kto2K (S) 
              cg_cell                                                 cluster_clock_gating_6                                  2          9         0            9      area_0Kto1K (S) 
          Slave_ar_buffer_LP                                          axi_ar_buffer_ID_WIDTH4_ADDR_WIDTH32_USER_WIDTH1_B    126       1099         0         1099      area_1Kto2K (S) 
            buffer_i                                                  generic_fifo_DATA_WIDTH66_DATA_DEPTH4_1               126       1099         0         1099      area_1Kto2K (S) 
              cg_cell                                                 cluster_clock_gating_7                                  2          9         0            9      area_0Kto1K (S) 
          WRITE_CTRL                                                  axi_write_only_ctrl_AXI4_ADDRESS_WIDTH32_AXI4_RDAT    118        680         0          680      area_0Kto1K (S) 
          Slave_b_buffer_LP                                           axi_b_buffer_ID_WIDTH4_USER_WIDTH1_BUFFER_DEPTH4       53        290         0          290      area_0Kto1K (S) 
            buffer_i                                                  generic_fifo_DATA_WIDTH7_DATA_DEPTH4                   53        290         0          290      area_0Kto1K (S) 
              cg_cell                                                 cluster_clock_gating_10                                 2          9         0            9      area_0Kto1K (S) 
      data_mem_axi_if                                                 axi_mem_if_SP_wrap_AXI_ADDR_WIDTH32_AXI_DATA_WIDTH   1220       9096         0         9096     area_9Kto12K (S) 
        axi_mem_if_SP_i                                               axi_mem_if_SP_AXI4_ADDRESS_WIDTH32_AXI4_RDATA_WIDT   1218       9093         0         9093     area_9Kto12K (S) 
          Slave_w_buffer_LP                                           axi_w_buffer_DATA_WIDTH32_USER_WIDTH1_BUFFER_DEPTH    262       2360         0         2360      area_2Kto3K (S) 
            buffer_i                                                  generic_fifo_DATA_WIDTH38_DATA_DEPTH4_1               262       2360         0         2360      area_2Kto3K (S) 
              cg_cell                                                 cluster_clock_gating_13                                 2          9         0            9      area_0Kto1K (S) 
          Slave_r_buffer_LP                                           axi_r_buffer_ID_WIDTH4_DATA_WIDTH32_USER_WIDTH1_BU    247       2245         0         2245      area_2Kto3K (S) 
            buffer_i                                                  generic_fifo_DATA_WIDTH40_DATA_DEPTH4_1               247       2245         0         2245      area_2Kto3K (S) 
              cg_cell                                                 cluster_clock_gating_14                                 2          9         0            9      area_0Kto1K (S) 
          READ_CTRL                                                   axi_read_only_ctrl_AXI4_ADDRESS_WIDTH32_AXI4_RDATA    235       1272         0         1272      area_1Kto2K (S) 
          Slave_ar_buffer_LP                                          axi_ar_buffer_ID_WIDTH4_ADDR_WIDTH32_USER_WIDTH1_B    126       1047         0         1047      area_1Kto2K (S) 
            buffer_i                                                  generic_fifo_DATA_WIDTH66_DATA_DEPTH4_3               126       1047         0         1047      area_1Kto2K (S) 
              cg_cell                                                 cluster_clock_gating_12                                 2          9         0            9      area_0Kto1K (S) 
          Slave_aw_buffer_LP                                          axi_aw_buffer_ID_WIDTH4_ADDR_WIDTH32_USER_WIDTH1_B    121       1043         0         1043      area_1Kto2K (S) 
            buffer_i                                                  generic_fifo_DATA_WIDTH66_DATA_DEPTH4_2               121       1043         0         1043      area_1Kto2K (S) 
              cg_cell                                                 cluster_clock_gating_11                                 2          9         0            9      area_0Kto1K (S) 
          WRITE_CTRL                                                  axi_write_only_ctrl_AXI4_ADDRESS_WIDTH32_AXI4_RDAT    115        658         0          658      area_0Kto1K (S) 
          Slave_b_buffer_LP                                           axi_b_buffer_ID_WIDTH4_USER_WIDTH1_BUFFER_DEPTH4_1     53        290         0          290      area_0Kto1K (S) 
            buffer_i                                                  generic_fifo_DATA_WIDTH7_DATA_DEPTH4_1                 53        290         0          290      area_0Kto1K (S) 
              cg_cell                                                 cluster_clock_gating_15                                 2          9         0            9      area_0Kto1K (S) 
      adv_dbg_if_i                                                    adv_dbg_if_NB_CORES1_AXI_ADDR_WIDTH32_AXI_DATA_WID   1508       8806         0         8806      area_8Kto9K (S) 
        dbg_module_i                                                  adbg_top_NB_CORES1_AXI_ADDR_WIDTH32_AXI_DATA_WIDTH   1356       7971         0         7971      area_7Kto8K (S) 
          i_dbg_axi                                                   adbg_axi_module_AXI_ADDR_WIDTH32_AXI_DATA_WIDTH32_    869       5321         0         5321      area_5Kto6K (S) 
            axi_biu_i                                                 adbg_axi_biu_AXI_ADDR_WIDTH32_AXI_DATA_WIDTH32_AXI    262       1870         0         1870      area_1Kto2K (S) 
            axi_crc_i                                                 adbg_crc32                                            105        576         0          576      area_0Kto1K (S) 
            add_383_50                                                add_unsigned_5727                                      32        178         0          178      area_0Kto1K (S) 
          i_dbg_cpu_or1k                                              adbg_or1k_module_NB_CORES1                            380       1795         0         1795      area_1Kto2K (S) 
            or1k_crc_i                                                adbg_crc32_1                                          102        572         0          572      area_0Kto1K (S) 
            or1k_biu_i                                                adbg_or1k_biu_NB_CORES1                                22        141         0          141      area_0Kto1K (S) 
            or1k_statusreg_i                                          adbg_or1k_status_reg_NB_CORES1                          1         12         0           12      area_0Kto1K (S) 
        cluster_tap_i                                                 adbg_tap_top                                          152        836         0          836      area_0Kto1K (S) 
      axi_slice_core2axi                                              axi_slice_wrap_AXI_ADDR_WIDTH32_AXI_DATA_WIDTH32_A    562       4483         0         4483      area_4Kto5K (S) 
        WITH_SLICE.axi_slice_i                                        axi_slice_AXI_ADDR_WIDTH32_AXI_DATA_WIDTH32_AXI_US    562       4483         0         4483      area_4Kto5K (S) 
          w_buffer_i                                                  axi_w_buffer_DATA_WIDTH32_USER_WIDTH1_BUFFER_DEPTH    150       1209         0         1209      area_1Kto2K (S) 
            buffer_i                                                  generic_fifo_DATA_WIDTH38_DATA_DEPTH2                 150       1209         0         1209      area_1Kto2K (S) 
              cg_cell                                                 cluster_clock_gating_3                                  2          9         0            9      area_0Kto1K (S) 
          ar_buffer_i                                                 axi_ar_buffer_ID_WIDTH2_ADDR_WIDTH32_USER_WIDTH1_B    130       1063         0         1063      area_1Kto2K (S) 
            buffer_i                                                  generic_fifo_DATA_WIDTH64_DATA_DEPTH2_1               130       1063         0         1063      area_1Kto2K (S) 
              cg_cell                                                 cluster_clock_gating_2                                  2          9         0            9      area_0Kto1K (S) 
          aw_buffer_i                                                 axi_aw_buffer_ID_WIDTH2_ADDR_WIDTH32_USER_WIDTH1_B    130       1062         0         1062      area_1Kto2K (S) 
            buffer_i                                                  generic_fifo_DATA_WIDTH64_DATA_DEPTH2                 130       1062         0         1062      area_1Kto2K (S) 
              cg_cell                                                 cluster_clock_gating_1                                  2          9         0            9      area_0Kto1K (S) 
          r_buffer_i                                                  axi_r_buffer_ID_WIDTH2_DATA_WIDTH32_USER_WIDTH1_BU    130       1054         0         1054      area_1Kto2K (S) 
            buffer_i                                                  generic_fifo_DATA_WIDTH38_DATA_DEPTH2_1               130       1054         0         1054      area_1Kto2K (S) 
              cg_cell                                                 cluster_clock_gating_4                                  2          9         0            9      area_0Kto1K (S) 
          b_buffer_i                                                  axi_b_buffer_ID_WIDTH2_USER_WIDTH1_BUFFER_DEPTH2       22         95         0           95      area_0Kto1K (S) 
            buffer_i                                                  generic_fifo_DATA_WIDTH5_DATA_DEPTH2                   22         95         0           95      area_0Kto1K (S) 
      data_ram_mux_i                                                  ram_mux_ADDR_WIDTH15_OUT_WIDTH32_IN0_WIDTH32_IN1_W     62        266         0          266      area_0Kto1K (S) 
      instr_ram_mux_i                                                 ram_mux_ADDR_WIDTH16_OUT_WIDTH32_IN0_WIDTH32_IN1_W     59        199         0          199      area_0Kto1K (S) 
      core2axi_i                                                      core2axi_wrap_AXI_ADDR_WIDTH32_AXI_DATA_WIDTH32_AX     43        136         0          136      area_0Kto1K (S) 
        core2axi_i                                                    core2axi_AXI4_ADDRESS_WIDTH32_AXI4_RDATA_WIDTH32_A     43        136         0          136      area_0Kto1K (S) 
    axi_interconnect_i                                                axi_node_intf_wrap_NB_MASTER3_NB_SLAVE3_AXI_ADDR_W   2734      11126         0        11126     area_9Kto12K (S) 
      axi_node_i                                                      axi_node_AXI_ADDRESS_W32_AXI_DATA_W32_AXI_USER_W1_   2734      11126         0        11126     area_9Kto12K (S) 
        _RESP_BLOCK_GEN[0].RESP_BLOCK                                 axi_response_block_AXI_ADDRESS_W32_AXI_DATA_W32_AX    550       2173         0         2173      area_2Kto3K (S) 
          BR_ALLOC                                                    axi_BR_allocator_AXI_USER_W1_N_INIT_PORT3_N_TARG_P    248        891         0          891      area_0Kto1K (S) 
            ARB_TREE.BR_ARB_TREE                                      axi_ArbitrationTree_AUX_WIDTH36_ID_WIDTH2_N_MASTER    124        438         0          438      area_0Kto1K (S) 
              BINARY_TREE.STAGE[0].INCR_VERT[0].LAST_NODE.FAN_IN_REQ  axi_FanInPrimitive_Req_AUX_WIDTH36_ID_WIDTH2           41        156         0          156      area_0Kto1K (S) 
              BINARY_TREE.STAGE[1].INCR_VERT[0].LEAF_NODES.FAN_IN_REQ axi_FanInPrimitive_Req_AUX_WIDTH36_ID_WIDTH2_1         40        155         0          155      area_0Kto1K (S) 
              BINARY_TREE.STAGE[1].INCR_VERT[1].LEAF_NODES.FAN_IN_REQ axi_FanInPrimitive_Req_AUX_WIDTH36_ID_WIDTH2_2         37         94         0           94      area_0Kto1K (S) 
              RR_REQ                                                  axi_RR_Flag_Req_MAX_COUNT3_WIDTH2_3                     6         33         0           33      area_0Kto1K (S) 
          DW_ADDR_DEC                                                 axi_address_decoder_DW_N_INIT_PORT3_FIFO_DEPTH8       127        659         0          659      area_0Kto1K (S) 
            MASTER_ID_FIFO                                            generic_fifo_DATA_WIDTH3_DATA_DEPTH8                  119        632         0          632      area_0Kto1K (S) 
              cg_cell                                                 cluster_clock_gating_30                                 2          9         0            9      area_0Kto1K (S) 
          BW_ALLOC                                                    axi_BW_allocator_AXI_USER_W1_N_INIT_PORT3_N_TARG_P    103        396         0          396      area_0Kto1K (S) 
            ARB_TREE.BW_ARB_TREE                                      axi_ArbitrationTree_AUX_WIDTH3_ID_WIDTH2_N_MASTER3     17         65         0           65      area_0Kto1K (S) 
              RR_REQ                                                  axi_RR_Flag_Req_MAX_COUNT3_WIDTH2_2                     6         33         0           33      area_0Kto1K (S) 
              BINARY_TREE.STAGE[1].INCR_VERT[0].LEAF_NODES.FAN_IN_REQ axi_FanInPrimitive_Req_AUX_WIDTH3_ID_WIDTH2_1           5         15         0           15      area_0Kto1K (S) 
              BINARY_TREE.STAGE[0].INCR_VERT[0].LAST_NODE.FAN_IN_REQ  axi_FanInPrimitive_Req_AUX_WIDTH3_ID_WIDTH2             5         15         0           15      area_0Kto1K (S) 
              BINARY_TREE.STAGE[1].INCR_VERT[1].LEAF_NODES.FAN_IN_REQ axi_FanInPrimitive_Req_AUX_WIDTH3_ID_WIDTH2_2           1          3         0            3      area_0Kto1K (S) 
          AW_ADDR_DEC                                                 axi_address_decoder_AW_ADDR_WIDTH32_N_INIT_PORT3_N     42        136         0          136      area_0Kto1K (S) 
          AR_ADDR_DEC                                                 axi_address_decoder_AR_ADDR_WIDTH32_N_INIT_PORT3_N     30         91         0           91      area_0Kto1K (S) 
        _RESP_BLOCK_GEN[2].RESP_BLOCK                                 axi_response_block_AXI_ADDRESS_W32_AXI_DATA_W32_AX    553       2161         0         2161      area_2Kto3K (S) 
          BR_ALLOC                                                    axi_BR_allocator_AXI_USER_W1_N_INIT_PORT3_N_TARG_P    251        887         0          887      area_0Kto1K (S) 
            ARB_TREE.BR_ARB_TREE                                      axi_ArbitrationTree_AUX_WIDTH36_ID_WIDTH2_N_MASTER    124        438         0          438      area_0Kto1K (S) 
              BINARY_TREE.STAGE[0].INCR_VERT[0].LAST_NODE.FAN_IN_REQ  axi_FanInPrimitive_Req_AUX_WIDTH36_ID_WIDTH2_6         41        156         0          156      area_0Kto1K (S) 
              BINARY_TREE.STAGE[1].INCR_VERT[0].LEAF_NODES.FAN_IN_REQ axi_FanInPrimitive_Req_AUX_WIDTH36_ID_WIDTH2_7         40        155         0          155      area_0Kto1K (S) 
              BINARY_TREE.STAGE[1].INCR_VERT[1].LEAF_NODES.FAN_IN_REQ axi_FanInPrimitive_Req_AUX_WIDTH36_ID_WIDTH2_8         37         94         0           94      area_0Kto1K (S) 
              RR_REQ                                                  axi_RR_Flag_Req_MAX_COUNT3_WIDTH2_11                    6         33         0           33      area_0Kto1K (S) 
          DW_ADDR_DEC                                                 axi_address_decoder_DW_N_INIT_PORT3_FIFO_DEPTH8_2     127        657         0          657      area_0Kto1K (S) 
            MASTER_ID_FIFO                                            generic_fifo_DATA_WIDTH3_DATA_DEPTH8_2                119        632         0          632      area_0Kto1K (S) 
              cg_cell                                                 cluster_clock_gating_34                                 2          9         0            9      area_0Kto1K (S) 
          BW_ALLOC                                                    axi_BW_allocator_AXI_USER_W1_N_INIT_PORT3_N_TARG_P    103        396         0          396      area_0Kto1K (S) 
            ARB_TREE.BW_ARB_TREE                                      axi_ArbitrationTree_AUX_WIDTH3_ID_WIDTH2_N_MASTER3     17         65         0           65      area_0Kto1K (S) 
              RR_REQ                                                  axi_RR_Flag_Req_MAX_COUNT3_WIDTH2_10                    6         33         0           33      area_0Kto1K (S) 
              BINARY_TREE.STAGE[1].INCR_VERT[0].LEAF_NODES.FAN_IN_REQ axi_FanInPrimitive_Req_AUX_WIDTH3_ID_WIDTH2_7           5         15         0           15      area_0Kto1K (S) 
              BINARY_TREE.STAGE[0].INCR_VERT[0].LAST_NODE.FAN_IN_REQ  axi_FanInPrimitive_Req_AUX_WIDTH3_ID_WIDTH2_6           5         15         0           15      area_0Kto1K (S) 
              BINARY_TREE.STAGE[1].INCR_VERT[1].LEAF_NODES.FAN_IN_REQ axi_FanInPrimitive_Req_AUX_WIDTH3_ID_WIDTH2_8           1          3         0            3      area_0Kto1K (S) 
          AW_ADDR_DEC                                                 axi_address_decoder_AW_ADDR_WIDTH32_N_INIT_PORT3_N     42        133         0          133      area_0Kto1K (S) 
          AR_ADDR_DEC                                                 axi_address_decoder_AR_ADDR_WIDTH32_N_INIT_PORT3_N     30         89         0           89      area_0Kto1K (S) 
        _RESP_BLOCK_GEN[1].RESP_BLOCK                                 axi_response_block_AXI_ADDRESS_W32_AXI_DATA_W32_AX    552       2159         0         2159      area_2Kto3K (S) 
          BR_ALLOC                                                    axi_BR_allocator_AXI_USER_W1_N_INIT_PORT3_N_TARG_P    250        888         0          888      area_0Kto1K (S) 
            ARB_TREE.BR_ARB_TREE                                      axi_ArbitrationTree_AUX_WIDTH36_ID_WIDTH2_N_MASTER    124        438         0          438      area_0Kto1K (S) 
              BINARY_TREE.STAGE[0].INCR_VERT[0].LAST_NODE.FAN_IN_REQ  axi_FanInPrimitive_Req_AUX_WIDTH36_ID_WIDTH2_3         41        156         0          156      area_0Kto1K (S) 
              BINARY_TREE.STAGE[1].INCR_VERT[0].LEAF_NODES.FAN_IN_REQ axi_FanInPrimitive_Req_AUX_WIDTH36_ID_WIDTH2_4         40        155         0          155      area_0Kto1K (S) 
              BINARY_TREE.STAGE[1].INCR_VERT[1].LEAF_NODES.FAN_IN_REQ axi_FanInPrimitive_Req_AUX_WIDTH36_ID_WIDTH2_5         37         94         0           94      area_0Kto1K (S) 
              RR_REQ                                                  axi_RR_Flag_Req_MAX_COUNT3_WIDTH2_9                     6         33         0           33      area_0Kto1K (S) 
          DW_ADDR_DEC                                                 axi_address_decoder_DW_N_INIT_PORT3_FIFO_DEPTH8_1     127        657         0          657      area_0Kto1K (S) 
            MASTER_ID_FIFO                                            generic_fifo_DATA_WIDTH3_DATA_DEPTH8_1                119        632         0          632      area_0Kto1K (S) 
              cg_cell                                                 cluster_clock_gating_33                                 2          9         0            9      area_0Kto1K (S) 
          BW_ALLOC                                                    axi_BW_allocator_AXI_USER_W1_N_INIT_PORT3_N_TARG_P    103        396         0          396      area_0Kto1K (S) 
            ARB_TREE.BW_ARB_TREE                                      axi_ArbitrationTree_AUX_WIDTH3_ID_WIDTH2_N_MASTER3     17         65         0           65      area_0Kto1K (S) 
              RR_REQ                                                  axi_RR_Flag_Req_MAX_COUNT3_WIDTH2_8                     6         33         0           33      area_0Kto1K (S) 
              BINARY_TREE.STAGE[1].INCR_VERT[0].LEAF_NODES.FAN_IN_REQ axi_FanInPrimitive_Req_AUX_WIDTH3_ID_WIDTH2_4           5         15         0           15      area_0Kto1K (S) 
              BINARY_TREE.STAGE[0].INCR_VERT[0].LAST_NODE.FAN_IN_REQ  axi_FanInPrimitive_Req_AUX_WIDTH3_ID_WIDTH2_3           5         15         0           15      area_0Kto1K (S) 
              BINARY_TREE.STAGE[1].INCR_VERT[1].LEAF_NODES.FAN_IN_REQ axi_FanInPrimitive_Req_AUX_WIDTH3_ID_WIDTH2_5           1          3         0            3      area_0Kto1K (S) 
          AW_ADDR_DEC                                                 axi_address_decoder_AW_ADDR_WIDTH32_N_INIT_PORT3_N     42        129         0          129      area_0Kto1K (S) 
          AR_ADDR_DEC                                                 axi_address_decoder_AR_ADDR_WIDTH32_N_INIT_PORT3_N     30         89         0           89      area_0Kto1K (S) 
        _REQ_BLOCK_GEN[2].REQ_BLOCK                                   axi_request_block_AXI_ADDRESS_W32_AXI_DATA_W32_AXI    441       1826         0         1826      area_1Kto2K (S) 
          DW_ALLOC                                                    axi_DW_allocator_AXI_USER_W1_N_TARG_PORT3_FIFO_DEP    169        878         0          878      area_0Kto1K (S) 
            MASTER_ID_FIFO                                            generic_fifo_DATA_WIDTH5_DATA_DEPTH8_2                115        630         0          630      area_0Kto1K (S) 
              cg_cell                                                 cluster_clock_gating_32                                 2          9         0            9      area_0Kto1K (S) 
            WRITE_DATA_MUX                                            axi_multiplexer_DATA_WIDTH38_N_IN3_2                   41        199         0          199      area_0Kto1K (S) 
          AW_ALLOCATOR                                                axi_AW_allocator_AXI_ADDRESS_W32_AXI_USER_W1_N_TAR    132        463         0          463      area_0Kto1K (S) 
            AW_ARB_TREE                                               axi_ArbitrationTree_AUX_WIDTH64_ID_WIDTH5_N_MASTER    127        450         0          450      area_0Kto1K (S) 
              BINARY_TREE.STAGE[0].INCR_VERT[0].LAST_NODE.FAN_IN_REQ  axi_FanInPrimitive_Req_AUX_WIDTH64_ID_WIDTH5_15        46        175         0          175      area_0Kto1K (S) 
              BINARY_TREE.STAGE[1].INCR_VERT[0].LEAF_NODES.FAN_IN_REQ axi_FanInPrimitive_Req_AUX_WIDTH64_ID_WIDTH5_16        39        151         0          151      area_0Kto1K (S) 
              BINARY_TREE.STAGE[1].INCR_VERT[1].LEAF_NODES.FAN_IN_REQ axi_FanInPrimitive_Req_AUX_WIDTH64_ID_WIDTH5_17        36         91         0           91      area_0Kto1K (S) 
              RR_REQ                                                  axi_RR_Flag_Req_MAX_COUNT3_WIDTH2_7                     6         33         0           33      area_0Kto1K (S) 
          AR_ALLOCATOR                                                axi_AR_allocator_AXI_ADDRESS_W32_AXI_USER_W1_N_TAR    121        433         0          433      area_0Kto1K (S) 
            AW_ARB_TREE                                               axi_ArbitrationTree_AUX_WIDTH64_ID_WIDTH5_N_MASTER    121        433         0          433      area_0Kto1K (S) 
              BINARY_TREE.STAGE[0].INCR_VERT[0].LAST_NODE.FAN_IN_REQ  axi_FanInPrimitive_Req_AUX_WIDTH64_ID_WIDTH5_12        41        156         0          156      area_0Kto1K (S) 
              BINARY_TREE.STAGE[1].INCR_VERT[0].LEAF_NODES.FAN_IN_REQ axi_FanInPrimitive_Req_AUX_WIDTH64_ID_WIDTH5_13        38        153         0          153      area_0Kto1K (S) 
              BINARY_TREE.STAGE[1].INCR_VERT[1].LEAF_NODES.FAN_IN_REQ axi_FanInPrimitive_Req_AUX_WIDTH64_ID_WIDTH5_14        36         90         0           90      area_0Kto1K (S) 
              RR_REQ                                                  axi_RR_Flag_Req_MAX_COUNT3_WIDTH2_6                     6         33         0           33      area_0Kto1K (S) 
          BW_DECODER                                                  axi_address_decoder_BW_N_TARG_PORT3_AXI_ID_IN2_2       10         27         0           27      area_0Kto1K (S) 
          BR_DECODER                                                  axi_address_decoder_BR_N_TARG_PORT3_AXI_ID_IN2_2        9         25         0           25      area_0Kto1K (S) 
        _REQ_BLOCK_GEN[0].REQ_BLOCK                                   axi_request_block_AXI_ADDRESS_W32_AXI_DATA_W32_AXI    324       1416         0         1416      area_1Kto2K (S) 
          DW_ALLOC                                                    axi_DW_allocator_AXI_USER_W1_N_TARG_PORT3_FIFO_DEP    178        905         0          905      area_0Kto1K (S) 
            MASTER_ID_FIFO                                            generic_fifo_DATA_WIDTH5_DATA_DEPTH8                  115        630         0          630      area_0Kto1K (S) 
              cg_cell                                                 cluster_clock_gating_29                                 2          9         0            9      area_0Kto1K (S) 
            WRITE_DATA_MUX                                            axi_multiplexer_DATA_WIDTH38_N_IN3                     46        220         0          220      area_0Kto1K (S) 
          AW_ALLOCATOR                                                axi_AW_allocator_AXI_ADDRESS_W32_AXI_USER_W1_N_TAR     68        239         0          239      area_0Kto1K (S) 
            AW_ARB_TREE                                               axi_ArbitrationTree_AUX_WIDTH64_ID_WIDTH5_N_MASTER     63        226         0          226      area_0Kto1K (S) 
              BINARY_TREE.STAGE[0].INCR_VERT[0].LAST_NODE.FAN_IN_REQ  axi_FanInPrimitive_Req_AUX_WIDTH64_ID_WIDTH5_3         23         81         0           81      area_0Kto1K (S) 
              BINARY_TREE.STAGE[1].INCR_VERT[0].LEAF_NODES.FAN_IN_REQ axi_FanInPrimitive_Req_AUX_WIDTH64_ID_WIDTH5_4         19         73         0           73      area_0Kto1K (S) 
              BINARY_TREE.STAGE[1].INCR_VERT[1].LEAF_NODES.FAN_IN_REQ axi_FanInPrimitive_Req_AUX_WIDTH64_ID_WIDTH5_5         15         39         0           39      area_0Kto1K (S) 
              RR_REQ                                                  axi_RR_Flag_Req_MAX_COUNT3_WIDTH2_1                     6         33         0           33      area_0Kto1K (S) 
          AR_ALLOCATOR                                                axi_AR_allocator_AXI_ADDRESS_W32_AXI_USER_W1_N_TAR     61        224         0          224      area_0Kto1K (S) 
            AW_ARB_TREE                                               axi_ArbitrationTree_AUX_WIDTH64_ID_WIDTH5_N_MASTER     61        224         0          224      area_0Kto1K (S) 
              BINARY_TREE.STAGE[0].INCR_VERT[0].LAST_NODE.FAN_IN_REQ  axi_FanInPrimitive_Req_AUX_WIDTH64_ID_WIDTH5           21         78         0           78      area_0Kto1K (S) 
              BINARY_TREE.STAGE[1].INCR_VERT[0].LEAF_NODES.FAN_IN_REQ axi_FanInPrimitive_Req_AUX_WIDTH64_ID_WIDTH5_1         19         73         0           73      area_0Kto1K (S) 
              BINARY_TREE.STAGE[1].INCR_VERT[1].LEAF_NODES.FAN_IN_REQ axi_FanInPrimitive_Req_AUX_WIDTH64_ID_WIDTH5_2         15         39         0           39      area_0Kto1K (S) 
              RR_REQ                                                  axi_RR_Flag_Req_MAX_COUNT3_WIDTH2                       6         33         0           33      area_0Kto1K (S) 
          BW_DECODER                                                  axi_address_decoder_BW_N_TARG_PORT3_AXI_ID_IN2         10         28         0           28      area_0Kto1K (S) 
          BR_DECODER                                                  axi_address_decoder_BR_N_TARG_PORT3_AXI_ID_IN2          7         21         0           21      area_0Kto1K (S) 
        _REQ_BLOCK_GEN[1].REQ_BLOCK                                   axi_request_block_AXI_ADDRESS_W32_AXI_DATA_W32_AXI    314       1392         0         1392      area_1Kto2K (S) 
          DW_ALLOC                                                    axi_DW_allocator_AXI_USER_W1_N_TARG_PORT3_FIFO_DEP    174        902         0          902      area_0Kto1K (S) 
            MASTER_ID_FIFO                                            generic_fifo_DATA_WIDTH5_DATA_DEPTH8_1                115        630         0          630      area_0Kto1K (S) 
              cg_cell                                                 cluster_clock_gating_31                                 2          9         0            9      area_0Kto1K (S) 
            WRITE_DATA_MUX                                            axi_multiplexer_DATA_WIDTH38_N_IN3_1                   46        220         0          220      area_0Kto1K (S) 
          AW_ALLOCATOR                                                axi_AW_allocator_AXI_ADDRESS_W32_AXI_USER_W1_N_TAR     65        228         0          228      area_0Kto1K (S) 
            AW_ARB_TREE                                               axi_ArbitrationTree_AUX_WIDTH64_ID_WIDTH5_N_MASTER     60        215         0          215      area_0Kto1K (S) 
              BINARY_TREE.STAGE[0].INCR_VERT[0].LAST_NODE.FAN_IN_REQ  axi_FanInPrimitive_Req_AUX_WIDTH64_ID_WIDTH5_9         22         76         0           76      area_0Kto1K (S) 
              BINARY_TREE.STAGE[1].INCR_VERT[0].LEAF_NODES.FAN_IN_REQ axi_FanInPrimitive_Req_AUX_WIDTH64_ID_WIDTH5_10        18         69         0           69      area_0Kto1K (S) 
              BINARY_TREE.STAGE[1].INCR_VERT[1].LEAF_NODES.FAN_IN_REQ axi_FanInPrimitive_Req_AUX_WIDTH64_ID_WIDTH5_11        14         36         0           36      area_0Kto1K (S) 
              RR_REQ                                                  axi_RR_Flag_Req_MAX_COUNT3_WIDTH2_5                     6         33         0           33      area_0Kto1K (S) 
          AR_ALLOCATOR                                                axi_AR_allocator_AXI_ADDRESS_W32_AXI_USER_W1_N_TAR     58        213         0          213      area_0Kto1K (S) 
            AW_ARB_TREE                                               axi_ArbitrationTree_AUX_WIDTH64_ID_WIDTH5_N_MASTER     58        213         0          213      area_0Kto1K (S) 
              BINARY_TREE.STAGE[0].INCR_VERT[0].LAST_NODE.FAN_IN_REQ  axi_FanInPrimitive_Req_AUX_WIDTH64_ID_WIDTH5_6         20         74         0           74      area_0Kto1K (S) 
              BINARY_TREE.STAGE[1].INCR_VERT[0].LEAF_NODES.FAN_IN_REQ axi_FanInPrimitive_Req_AUX_WIDTH64_ID_WIDTH5_7         18         69         0           69      area_0Kto1K (S) 
              BINARY_TREE.STAGE[1].INCR_VERT[1].LEAF_NODES.FAN_IN_REQ axi_FanInPrimitive_Req_AUX_WIDTH64_ID_WIDTH5_8         14         36         0           36      area_0Kto1K (S) 
              RR_REQ                                                  axi_RR_Flag_Req_MAX_COUNT3_WIDTH2_4                     6         33         0           33      area_0Kto1K (S) 
          BW_DECODER                                                  axi_address_decoder_BW_N_TARG_PORT3_AXI_ID_IN2_1       10         28         0           28      area_0Kto1K (S) 
          BR_DECODER                                                  axi_address_decoder_BR_N_TARG_PORT3_AXI_ID_IN2_1        7         21         0           21      area_0Kto1K (S) 
    clk_rst_gen_i                                                     clk_rst_gen                                             7         55         0           55      area_0Kto1K (S) 
      i_rst_gen_soc                                                   rstgen                                                  7         55         0           55      area_0Kto1K (S) 

 (S) = wireload was automatically selected
