============================================================
  Generated by:           Genus(TM) Synthesis Solution 16.12-s027_1
  Generated on:           May 21 2025  01:43:28 pm
  Module:                 pulpino_padstop
  Technology libraries:   CLOCK65LPLVT 
                          CORE65LPLVT 
                          SPHDL100909 
                          PAD 
  Operating conditions:   typical (balanced_tree)
  Wireload mode:          enclosed
  Area mode:              timing library
============================================================

                                            
        Gate         Instances     Area         Library     
------------------------------------------------------------
CPAD_S_74x50u_IN            14    62720.000    PAD          
CPAD_S_74x50u_OUT           11    49280.000    PAD          
HS65_LLS1_FA1X21             3       35.880    CORE65LPLVT  
HS65_LLS1_FA1X35            23      466.440    CORE65LPLVT  
HS65_LLS1_FA1X9              4       45.760    CORE65LPLVT  
HS65_LLS_XNOR2X6           573     2383.680    CORE65LPLVT  
HS65_LLS_XOR2X3              3       12.480    CORE65LPLVT  
HS65_LLS_XOR2X6            578     2404.480    CORE65LPLVT  
HS65_LLS_XOR3X2             49      382.200    CORE65LPLVT  
HS65_LL_AND2ABX9            11       40.040    CORE65LPLVT  
HS65_LL_AND2X18              3       10.920    CORE65LPLVT  
HS65_LL_AND2X4            2077     5400.200    CORE65LPLVT  
HS65_LL_AND2X9               7       21.840    CORE65LPLVT  
HS65_LL_AND3ABCX18           1        5.200    CORE65LPLVT  
HS65_LL_AND3X9              54      196.560    CORE65LPLVT  
HS65_LL_AND4X6               3       15.600    CORE65LPLVT  
HS65_LL_AO112X4             57      237.120    CORE65LPLVT  
HS65_LL_AO112X9             97      403.520    CORE65LPLVT  
HS65_LL_AO12X9             217      789.880    CORE65LPLVT  
HS65_LL_AO212X4            960     4492.800    CORE65LPLVT  
HS65_LL_AO222X18             1        6.760    CORE65LPLVT  
HS65_LL_AO222X4           2392    13682.240    CORE65LPLVT  
HS65_LL_AO222X9              1        6.240    CORE65LPLVT  
HS65_LL_AO22X18             24      137.280    CORE65LPLVT  
HS65_LL_AO22X9            6682    27797.120    CORE65LPLVT  
HS65_LL_AO311X4              4       18.720    CORE65LPLVT  
HS65_LL_AO311X9              4       18.720    CORE65LPLVT  
HS65_LL_AO312X9             10       57.200    CORE65LPLVT  
HS65_LL_AO31X9              11       45.760    CORE65LPLVT  
HS65_LL_AO32X4              75      351.000    CORE65LPLVT  
HS65_LL_AO33X18              1        6.240    CORE65LPLVT  
HS65_LL_AO33X9               2       11.440    CORE65LPLVT  
HS65_LL_AOI112X4             7       25.480    CORE65LPLVT  
HS65_LL_AOI12X2            148      384.800    CORE65LPLVT  
HS65_LL_AOI12X6              1        3.120    CORE65LPLVT  
HS65_LL_AOI13X5             51      185.640    CORE65LPLVT  
HS65_LL_AOI211X4           142      516.880    CORE65LPLVT  
HS65_LL_AOI212X4          1694     7047.040    CORE65LPLVT  
HS65_LL_AOI21X2            730     1898.000    CORE65LPLVT  
HS65_LL_AOI21X6              1        3.120    CORE65LPLVT  
HS65_LL_AOI222X2          1045     5434.000    CORE65LPLVT  
HS65_LL_AOI222X4             2       11.440    CORE65LPLVT  
HS65_LL_AOI22X4             20       72.800    CORE65LPLVT  
HS65_LL_AOI22X6           2378     8655.920    CORE65LPLVT  
HS65_LL_AOI311X4            24       99.840    CORE65LPLVT  
HS65_LL_AOI312X4            36      187.200    CORE65LPLVT  
HS65_LL_AOI31X5             14       50.960    CORE65LPLVT  
HS65_LL_AOI32X5             39      162.240    CORE65LPLVT  
HS65_LL_AOI33X5             15       78.000    CORE65LPLVT  
HS65_LL_BFX13               11       34.320    CORE65LPLVT  
HS65_LL_BFX18              249      776.880    CORE65LPLVT  
HS65_LL_BFX2                 1        2.080    CORE65LPLVT  
HS65_LL_BFX27                4       14.560    CORE65LPLVT  
HS65_LL_BFX284               4      120.640    CORE65LPLVT  
HS65_LL_BFX31              431     2241.200    CORE65LPLVT  
HS65_LL_BFX35               27      140.400    CORE65LPLVT  
HS65_LL_BFX4                 6       12.480    CORE65LPLVT  
HS65_LL_BFX44              327     1870.440    CORE65LPLVT  
HS65_LL_BFX53                2       12.480    CORE65LPLVT  
HS65_LL_BFX7                 2        4.160    CORE65LPLVT  
HS65_LL_BFX9               315      655.200    CORE65LPLVT  
HS65_LL_CB4I1X9             49      203.840    CORE65LPLVT  
HS65_LL_CB4I6X4              2        8.320    CORE65LPLVT  
HS65_LL_CB4I6X9             37      153.920    CORE65LPLVT  
HS65_LL_CBI4I1X5            97      353.080    CORE65LPLVT  
HS65_LL_CBI4I6X5           215      782.600    CORE65LPLVT  
HS65_LL_CNIVX14              1        2.080    CLOCK65LPLVT 
HS65_LL_CNIVX21              1        3.120    CLOCK65LPLVT 
HS65_LL_CNIVX3               1        1.560    CLOCK65LPLVT 
HS65_LL_CNIVX7             581      906.360    CLOCK65LPLVT 
HS65_LL_DFPQNX9              2       16.640    CORE65LPLVT  
HS65_LL_DFPQX4               3       23.400    CORE65LPLVT  
HS65_LL_DFPQX9           15747   122826.600    CORE65LPLVT  
HS65_LL_DFPRQNX4            61      634.400    CORE65LPLVT  
HS65_LL_DFPRQNX9            11      114.400    CORE65LPLVT  
HS65_LL_DFPRQX4             84      873.600    CORE65LPLVT  
HS65_LL_DFPRQX9           2642    27476.800    CORE65LPLVT  
HS65_LL_DFPSQNX4            34      371.280    CORE65LPLVT  
HS65_LL_DFPSQX4              6       65.520    CORE65LPLVT  
HS65_LL_DFPSQX9             69      753.480    CORE65LPLVT  
HS65_LL_DLYIC2X9            20       62.400    CLOCK65LPLVT 
HS65_LL_FA1X4            38948   364553.280    CORE65LPLVT  
HS65_LL_FA1X9               10      109.200    CORE65LPLVT  
HS65_LL_HA1X4              399     2074.800    CORE65LPLVT  
HS65_LL_HA1X9                1        6.240    CORE65LPLVT  
HS65_LL_IVX18              350      728.000    CORE65LPLVT  
HS65_LL_IVX2                12       18.720    CORE65LPLVT  
HS65_LL_IVX27              338     1054.560    CORE65LPLVT  
HS65_LL_IVX35               25       91.000    CORE65LPLVT  
HS65_LL_IVX4                43       67.080    CORE65LPLVT  
HS65_LL_IVX7               523      815.880    CORE65LPLVT  
HS65_LL_IVX9              8179    12759.240    CORE65LPLVT  
HS65_LL_LDLQX4               2       13.520    CORE65LPLVT  
HS65_LL_LDLQX9              29      196.040    CORE65LPLVT  
HS65_LL_MUX21I1X6          306     1272.960    CORE65LPLVT  
HS65_LL_MUX21X18             1        6.240    CORE65LPLVT  
HS65_LL_MUX21X4           1722     7163.520    CORE65LPLVT  
HS65_LL_MUX21X9              2        9.360    CORE65LPLVT  
HS65_LL_MUX41X9              6       62.400    CORE65LPLVT  
HS65_LL_MUXI21X2         10476    38132.640    CORE65LPLVT  
HS65_LL_MUXI21X5             4       18.720    CORE65LPLVT  
HS65_LL_MUXI31X2             1        7.280    CORE65LPLVT  
HS65_LL_MX41X7            3156    24616.800    CORE65LPLVT  
HS65_LL_NAND2AX14           15       62.400    CORE65LPLVT  
HS65_LL_NAND2AX7           393     1226.160    CORE65LPLVT  
HS65_LL_NAND2X11             1        3.640    CORE65LPLVT  
HS65_LL_NAND2X14             2        7.280    CORE65LPLVT  
HS65_LL_NAND2X2              1        2.080    CORE65LPLVT  
HS65_LL_NAND2X29             1        6.240    CORE65LPLVT  
HS65_LL_NAND2X4              1        2.080    CORE65LPLVT  
HS65_LL_NAND2X5            108      224.640    CORE65LPLVT  
HS65_LL_NAND2X7          41572    86469.760    CORE65LPLVT  
HS65_LL_NAND3AX3             3       10.920    CORE65LPLVT  
HS65_LL_NAND3AX6           126      458.640    CORE65LPLVT  
HS65_LL_NAND3X2              4       10.400    CORE65LPLVT  
HS65_LL_NAND3X3             21       54.600    CORE65LPLVT  
HS65_LL_NAND3X5            818     2126.800    CORE65LPLVT  
HS65_LL_NAND3X6              1        3.120    CORE65LPLVT  
HS65_LL_NAND4ABX3          617     2245.880    CORE65LPLVT  
HS65_LL_NOR2AX3           1148     2984.800    CORE65LPLVT  
HS65_LL_NOR2AX6             11       34.320    CORE65LPLVT  
HS65_LL_NOR2X13              1        3.640    CORE65LPLVT  
HS65_LL_NOR2X19              1        5.200    CORE65LPLVT  
HS65_LL_NOR2X2               5       10.400    CORE65LPLVT  
HS65_LL_NOR2X3               2        4.160    CORE65LPLVT  
HS65_LL_NOR2X5            8473    17623.840    CORE65LPLVT  
HS65_LL_NOR2X6            3891     8093.280    CORE65LPLVT  
HS65_LL_NOR3AX2            187      583.440    CORE65LPLVT  
HS65_LL_NOR3AX4              6       21.840    CORE65LPLVT  
HS65_LL_NOR3AX9              1        5.720    CORE65LPLVT  
HS65_LL_NOR3X1               5       13.000    CORE65LPLVT  
HS65_LL_NOR3X3               1        2.600    CORE65LPLVT  
HS65_LL_NOR3X4             212      551.200    CORE65LPLVT  
HS65_LL_NOR4ABX2           306     1113.840    CORE65LPLVT  
HS65_LL_NOR4ABX4             1        4.160    CORE65LPLVT  
HS65_LL_NOR4X4              32      166.400    CORE65LPLVT  
HS65_LL_OA112X9             42      174.720    CORE65LPLVT  
HS65_LL_OA12X9             102      371.280    CORE65LPLVT  
HS65_LL_OA212X4             15       78.000    CORE65LPLVT  
HS65_LL_OA222X4            106      606.320    CORE65LPLVT  
HS65_LL_OA22X9              63      294.840    CORE65LPLVT  
HS65_LL_OA311X9              3       14.040    CORE65LPLVT  
HS65_LL_OA31X9              13       54.080    CORE65LPLVT  
HS65_LL_OA32X4              23      107.640    CORE65LPLVT  
HS65_LL_OA33X9               1        5.720    CORE65LPLVT  
HS65_LL_OAI112X4             2        7.280    CORE65LPLVT  
HS65_LL_OAI112X5            14       50.960    CORE65LPLVT  
HS65_LL_OAI12X3           1172     3047.200    CORE65LPLVT  
HS65_LL_OAI12X6              1        3.120    CORE65LPLVT  
HS65_LL_OAI13X5             31      112.840    CORE65LPLVT  
HS65_LL_OAI211X5            88      320.320    CORE65LPLVT  
HS65_LL_OAI212X5          1288     5358.080    CORE65LPLVT  
HS65_LL_OAI21X3            557     1448.200    CORE65LPLVT  
HS65_LL_OAI222X2           114      592.800    CORE65LPLVT  
HS65_LL_OAI22X11             3       18.720    CORE65LPLVT  
HS65_LL_OAI22X4              6       21.840    CORE65LPLVT  
HS65_LL_OAI22X6           1301     4735.640    CORE65LPLVT  
HS65_LL_OAI311X5            39      162.240    CORE65LPLVT  
HS65_LL_OAI31X5             32      116.480    CORE65LPLVT  
HS65_LL_OAI32X5             49      203.840    CORE65LPLVT  
HS65_LL_OAI33X3              6       31.200    CORE65LPLVT  
HS65_LL_OR2ABX9              9       32.760    CORE65LPLVT  
HS65_LL_OR2X18               1        3.640    CORE65LPLVT  
HS65_LL_OR2X9              470     1466.400    CORE65LPLVT  
HS65_LL_OR3ABCX18            1        5.200    CORE65LPLVT  
HS65_LL_OR3X4                4       14.560    CORE65LPLVT  
HS65_LL_OR3X9               42      152.880    CORE65LPLVT  
HS65_LL_OR4X4               20      104.000    CORE65LPLVT  
HS65_LL_PAO2X9              46      215.280    CORE65LPLVT  
HS65_LL_PAOI2X1            378     1375.920    CORE65LPLVT  
HS65_LL_PAOI2X6              1        4.160    CORE65LPLVT  
HS65_LL_SDFPQX9           7393    73042.840    CORE65LPLVT  
HS65_LL_SDFPRQNX9           64      798.720    CORE65LPLVT  
HS65_LL_SDFPRQTX4            1       13.000    CORE65LPLVT  
HS65_LL_SDFPRQX4            67      836.160    CORE65LPLVT  
HS65_LL_SDFPRQX9          5618    70112.640    CORE65LPLVT  
HS65_LL_SDFPSQNTX9           1       13.000    CORE65LPLVT  
HS65_LL_SDFPSQNX9            1       13.000    CORE65LPLVT  
HS65_LL_SDFPSQTX9           76      988.000    CORE65LPLVT  
HS65_LL_SDFPSQX9             3       39.000    CORE65LPLVT  
ST_SPHDL_2048x8m8_L         35   614760.986    SPHDL100909  
------------------------------------------------------------
total                   183143  1717661.546                 


   Library   Instances    Area    Instances % 
----------------------------------------------
CLOCK65LPLVT       604    975.520         0.3 
CORE65LPLVT     182479 989925.040        99.6 
PAD                 25 112000.000         0.0 
SPHDL100909         35 614760.986         0.0 

                                            
     Type      Instances     Area    Area % 
--------------------------------------------
timing_model          60  726760.986   42.3 
sequential         31914  299222.040   17.4 
inverter           10054   16447.600    1.0 
buffer              1399    5947.240    0.3 
logic             139716  669283.680   39.0 
physical_cells         0       0.000    0.0 
--------------------------------------------
total             183143 1717661.546  100.0 

