
  =================
   Message Summary
  =================

Num   Sev        Id                        Message Text                    
---------------------------------------------------------------------------
383   Info  CDFG-250    Processing multi-dimensional arrays.               
  6   Info  CDFG-361    Signal is not referenced within the process or     
                        block, but is in the sensitivity list.             
                        Asynchronous logic, such as a latch or             
                        combinational logic, is inferred for this process  
                        or block. Signals that are not referenced can be   
                        removed from the sensitivity list. If the intent   
                        is to infer a flip-flop, ensure that the process   
                        or block is sensitive to the signal edge by        
                        adding 'posedge' or 'negedge' for Verilog designs  
                        or 'event' for VHDL designs.                       
  5   Info  CDFG-362    Assuming that the full range of indexed or sliced  
                        sensitivity signal is in the sensitivity list.     
  4 Warning CDFG-368    Generated logic differs from the expected logic.   
                        The logic generated for an always_comb,            
                        always_latch or always_ff process may not match    
                        the specified behavior.                            
 31 Warning CDFG-472    Unreachable statements for case item.              
  6   Info  CDFG-479    Constant relational expression.                    
                        A relational expression can evaluate to a          
                        constant when a variable is compared to a value    
                        which is outside the bounds of the variable.       
105   Info  CDFG-500    Unused module input port.                          
                        The value of the input port is not used within     
                        the design.                                        
 42   Info  CDFG-501    Unused module inout port.                          
                        The value of the inout port is not used within     
                        the design.                                        
  8 Warning CDFG-508    Removing unused register.                          
                        A flip-flop or latch that was inferred for an      
                        unused signal or variable was removed. Use         
                        '::legacy::set_attribute                           
                        hdl_preserve_unused_registers true /' to preserve  
                        the flip-flop or latch.                            
  1 Warning CDFG-818    Using default parameter value for module           
                        elaboration.                                       
  1   Info  CDFG2G-616  Latch inferred.                                    
                        Use 'set_attribute hdl_error_on_latch true' to     
                        issue an error when a latch is inferred. Use       
                        'set_attribute hdl_latch_keep_feedback true' to    
                        infer combinational logic rather than a latch      
                        when a variable is explicitly assigned to itself.  
  1   Info  ELAB-1      Elaborating Design.                                
154   Info  ELAB-2      Elaborating Subdesign.                             
  1   Info  ELAB-3      Done Elaborating Design.                           
 14   Info  ELAB-5      Binding to architecture.                           
  1 Warning ELABUTL-123 Undriven module output port.                       
                        Use the 'hdl_undriven_output_port_value'           
                        attribute to control treatment of undriven output  
                        port during elaboration.                           
  3 Warning ELABUTL-124 Unconnected instance input port detected.          
                        Use the 'hdl_unconnected_input_port_value'         
                        attribute to control treatment of unconnected      
                        input port during elaboration.                     
  5 Warning ELABUTL-125 Undriven signal detected.                          
                        Use the 'hdl_undriven_signal_value' attribute to   
                        control treatment of undriven net during           
                        elaboration.                                       
 11 Warning ELABUTL-127 Undriven module input port.                        
                        Use the 'hdl_undriven_signal_value' attribute to   
                        control treatment of undriven input port during    
                        elaboration.                                       
122   Info  ELABUTL-132 Unused instance port.                              
666   Info  GLO-12      Replacing a flip-flop with a logic constant 0.     
                        To prevent this optimization, set the              
                        'optimize_constant_0_flops' root attribute to      
                        'false' or 'optimize_constant_0_seq' instance      
                        attribute to 'false'.                              
  4   Info  GLO-13      Replacing a flip-flop with a logic constant 1.     
                        To prevent this optimization, set the              
                        'optimize_constant_1_flops' root attribute to      
                        'false' or 'optimize_constant_1_seq' instance      
                        attribute to 'false'.                              
  2   Info  GLO-32      Deleting sequential instances not driving any      
                        primary outputs.                                   
                        Optimizations such as constant propagation or      
                        redundancy removal could change the connections    
                        so an instance does not drive any primary outputs  
                        anymore. To see the list of deleted sequential,    
                        set the 'information_level' attribute to 2 or      
                        above. If message is truncated set message         
                        attribute 'truncate' to false to see the complete  
                        list.                                              
  1   Info  GLO-34      Deleting instances not driving any primary         
                        outputs.                                           
                        Optimizations such as constant propagation or      
                        redundancy removal could change the connections    
                        so a hierarchical instance does not drive any      
                        primary outputs anymore. To see the list of        
                        deleted hierarchical instances, set the            
                        'information_level' attribute to 2 or above. If    
                        message is truncated set message attribute         
                        'truncate' to false to see the complete list. To   
                        prevent this optimization, set the                 
                        'delete_unloaded_insts' root/subdesign attribute   
                        to 'false' or 'preserve' instance attribute to     
                        'true'.                                            
  6 Warning HPT-76      Replacing previously read Verilog module or VHDL   
                        entity.                                            
                        A newly read VHDL entity replaces any previously   
                        read Verilog module or VHDL entity in the same     
                        library if its name matches (case-insensitively)   
                        the existing module or entity.
    For instance:
  
                               VHDL 'foo'                  replaces  VHDL  
                        {'FOO' or 'foo' or 'Foo' or ...} in the same       
                        library
        VHDL 'foo' (in any library)        
                        replaces  Verilog {'FOO' or 'foo' or 'Foo' or      
                        ...} in the same library
 
A newly read Verilog    
                        module replaces any previously read Verilog        
                        module if its name matches (case-sensitively)      
                        that module.  Further, it replaces any previously  
                        read VHDL entity in the same library if its name   
                        matches (case -insensitively) that entity.
        
                        For instance:
        Verilog 'foo' replaces       
                        VHDL {'FOO' or 'foo' or 'Foo' or ...} in the same  
                        library
        Verilog 'foo' replaces    Verilog  
                        'foo' only
    In addition:
        Verilog 'foo'  
                        does not replace Verilog 'FOO' and the two remain  
                        as distinct modules.                               
 14 Warning LBR-101     Unusable clock gating integrated cell.             
                        To use the cell in clock gating, Set cell          
                        attribute 'dont_use' false in the library.         
 20   Info  LBR-162     Both 'pos_unate' and 'neg_unate' timing_sense      
                        arcs have been processed.                          
                        Setting the 'timing_sense' to non_unate.           
  4   Info  LBR-412     Created nominal operating condition.               
                        The nominal operating condition represents either  
                        the nominal PVT values if specified in the         
                        library source, or the default PVT values (1.0,    
                        1.0, 1.0).                                         
  1 Warning LBR-525     Missing clock pin in the sequential cell.          
  1 Warning LBR-526     Missing sequential block in the sequential cell.   
  8 Warning LBR-9       Library cell has no output pins defined.           
                        Add the missing output pin(s), then reload the     
                        library. Otherwise, the library cell will be       
                        marked as unusable and as timing model.            
  3 Warning MESG-6      Message truncated because it exceeds the maximum   
                        length of 4096 characters.                         
                        By default messages are limited to 4096            
                        characters. All characters after the 4096          
                        character limit are truncated. To remove this      
                        limit, set the message attribute 'truncate' to     
                        'false'. However, this may dramatically increase   
                        the size of the log file.                          
  2   Info  PBS-1       Enabling Partition Based Synthesis.                
  6 Warning PBS-2       Genus synthesis should be run with a minimum of 8  
                        threads.                                           
  1 Warning RPT_DP-100  The filename, column and line number information   
                        will not be available in the report.               
                        You must set the 'hdl_track_filename_row_col'      
                        attribute to 'true' (before elaborate) to enable   
                        filename, column, and line number tracking in the  
                        datapath report.                                   
 16   Info  ST-110      Connection established with super-threading        
                        server.                                            
                        The tool is entering super-threading mode and has  
                        established a connection with a CPU server         
                        process.  This is enabled by the root attributes   
                        'super_thread_servers' or 'auto_super_thread'.     
 10   Info  ST-112      A super-threading server has been shut down        
                        normally.                                          
                        A super-threaded optimization is complete and a    
                        CPU server was successfully shut down.             
  1   Info  ST-120      Attempting to launch a super-threading server.     
                        The tool is entering super-threading mode and is   
                        launching a CPU server process.  This is enabled   
                        by the root attribute 'super_thread_servers' or    
                        'auto_super_thread'.                               
  3   Info  ST-128      Super thread servers are launched successfully.    
  1   Info  SYNTH-1     Synthesizing.                                      
  1   Info  SYNTH-2     Done synthesizing.                                 
  1   Info  SYNTH-4     Mapping.                                           
  1   Info  SYNTH-5     Done mapping.                                      
  1   Info  SYNTH-7     Incrementally optimizing.                          
  1   Info  SYNTH-8     Done incrementally optimizing.                     
 61   Info  TIM-92      Changing wireload model of a design/subdesign.     
                        The change of wireload model will likely change    
                        the design's timing slightly.                      
  1   Info  TUI-296     The given (sub)design is already uniquified.       
                        Try running the 'edit_netlist uniquify' command    
                        on the parent hierarchy of this (sub)design, if    
                        there exists any.                                  
  1 Warning VHDL-639    Initial values are ignored for synthesis.          
                        The specified construct has no effect on           
                        synthesis. In some cases (such as 'after' clauses  
                        in signal assignments) may cause a mismatch        
                        between and simulation.                            
  1 Warning VLOGPT-37   Ignoring unsynthesizable construct.                
                        The following constructs will be ignored:
    -    
                        initial block
    - final block
    - program      
                        block
    - property block
    - sequence block
   
                          - covergroup
    - checker block
    - gate      
                        drive strength
    - system task enable
    - reg  
                        declaration with initial value
    - specify       
                        block.                                             
  6 Warning VLOGPT-6    Replacing previously read Verilog description.     
                        A Verilog description is replaced when a new       
                        description of the same name and same library is   
                        read again.
    Verilog descriptions are:
         
                        module
       macromodule
    SystemVerilog adds   
                        the following descriptions:
       interface
      
                          program
       package.                          
  2 Warning VLOGPT-647  Redefinition of macro.                             
                        The latest definition of the macro will be used.   
 10 Warning VLOGPT-670  Ignoring unexpected semicolon.                     
  2 Warning WSDF-104    Default value for an option has changed in this    
                        release.                                           
                        Specify the option explicitly.                     

