============================================================
  Generated by:           Genus(TM) Synthesis Solution 16.12-s027_1
  Generated on:           May 21 2025  01:43:20 pm
  Module:                 pulpino_padstop
  Technology libraries:   CLOCK65LPLVT 
                          CORE65LPLVT 
                          SPHDL100909 
                          PAD 
  Operating conditions:   typical (balanced_tree)
  Wireload mode:          enclosed
  Area mode:              timing library
============================================================

Timing
--------

 Clock   Period 
----------------
clk      5000.0 
spi_clk 50000.0 
tck_i   50000.0 


  Cost    Critical       Violating 
 Group   Path Slack TNS    Paths   
-----------------------------------
default         0.0   0          0 
-----------------------------------
Total                 0          0 

Instance Count
--------------
Leaf Instance Count             183143 
Sequential Instance Count        31949 
Combinational Instance Count    151194 
Hierarchical Instance Count        384 

Area
----
Cell Area                          1717661.546
Physical Cell Area                 0.000
Total Cell Area (Cell+Physical)    1717661.546
Net Area                           0.000
Total Area (Cell+Physical+Net)     1717661.546

Max Fanout                         23681 (pulpino_top_i/peripherals_i/apb_conv_i/conv_init/inst_mac[3].inst_mac_i/i_clk)
Min Fanout                         0 (clk)
Average Fanout                     2.2
Terms to net ratio                 3.2475
Terms to instance ratio            4.0485
Runtime                            1316.0058450000001 seconds
Elapsed Runtime                    1349 seconds
Genus peak memory usage            2365.64 
Innovus peak memory usage          no_value 
Hostname                           ylva.fransg.eit.lth.se
