============================================================
  Generated by:           Genus(TM) Synthesis Solution 16.12-s027_1
  Generated on:           May 21 2025  01:43:28 pm
  Module:                 pulpino_padstop
  Technology libraries:   CLOCK65LPLVT 
                          CORE65LPLVT 
                          SPHDL100909 
                          PAD 
  Operating conditions:   typical (balanced_tree)
  Wireload mode:          enclosed
  Area mode:              timing library
============================================================

                Pin                            Type          Fanout Load Slew Delay Arrival   
                                                                    (fF) (ps)  (ps)   (ps)    
----------------------------------------------------------------------------------------------
(clock clk)                               launch                                          0 R 
                                          latency                              +500     500 R 
pulpino_top_i
  core_region_i
    CORE.RISCV_CORE
      id_stage_i
        alu_operand_a_ex_o_reg[0]/CP                                      100           500 R 
        alu_operand_a_ex_o_reg[0]/Q       HS65_LL_SDFPRQX4       19 58.0  214  +239     739 F 
      id_stage_i/alu_operand_a_ex_o[0] 
      load_store_unit_i/operand_a_ex_i[0] 
        final_adder_mux_463_27/A[0] 
          g777/A0                                                                +0     739   
          g777/CO                         HS65_LL_HA1X9           1  4.9   24  +113     851 F 
          g776/CI                                                                +0     851   
          g776/CO                         HS65_LL_FA1X9           1  3.7   22   +62     914 F 
          g775/CI                                                                +0     914   
          g775/CO                         HS65_LL_FA1X4           1  3.7   37   +80     993 F 
          g774/CI                                                                +0     993   
          g774/CO                         HS65_LL_FA1X4           1  3.7   37   +86    1080 F 
          g773/CI                                                                +0    1080   
          g773/CO                         HS65_LL_FA1X4           1  3.7   34   +86    1166 F 
          g772/CI                                                                +0    1166   
          g772/CO                         HS65_LL_FA1X4           1  3.7   37   +85    1251 F 
          g771/CI                                                                +0    1251   
          g771/CO                         HS65_LL_FA1X4           1  3.7   37   +86    1337 F 
          g770/CI                                                                +0    1337   
          g770/CO                         HS65_LL_FA1X4           1  3.7   34   +86    1424 F 
          g769/CI                                                                +0    1424   
          g769/CO                         HS65_LL_FA1X4           1  3.7   37   +85    1508 F 
          g768/CI                                                                +0    1508   
          g768/CO                         HS65_LL_FA1X4           1  3.7   37   +86    1594 F 
          g767/CI                                                                +0    1594   
          g767/CO                         HS65_LL_FA1X4           1  3.7   37   +86    1680 F 
          g766/CI                                                                +0    1680   
          g766/CO                         HS65_LL_FA1X4           1  3.7   37   +86    1767 F 
          g765/CI                                                                +0    1767   
          g765/CO                         HS65_LL_FA1X4           1  3.7   37   +86    1853 F 
          g764/CI                                                                +0    1853   
          g764/CO                         HS65_LL_FA1X4           1  3.7   37   +86    1939 F 
          g763/CI                                                                +0    1939   
          g763/CO                         HS65_LL_FA1X4           1  3.7   37   +86    2026 F 
          g762/CI                                                                +0    2026   
          g762/CO                         HS65_LL_FA1X4           1  3.7   37   +86    2112 F 
          g761/CI                                                                +0    2112   
          g761/CO                         HS65_LL_FA1X4           1  3.7   34   +86    2198 F 
          g760/CI                                                                +0    2198   
          g760/CO                         HS65_LL_FA1X4           1  3.7   34   +85    2283 F 
          g759/CI                                                                +0    2283   
          g759/CO                         HS65_LL_FA1X4           1  3.7   34   +85    2368 F 
          g758/CI                                                                +0    2368   
          g758/CO                         HS65_LL_FA1X4           1  3.7   37   +85    2452 F 
          g757/CI                                                                +0    2452   
          g757/CO                         HS65_LL_FA1X4           1  3.7   34   +86    2539 F 
          g756/CI                                                                +0    2539   
          g756/CO                         HS65_LL_FA1X4           1  3.7   34   +85    2624 F 
          g755/CI                                                                +0    2624   
          g755/CO                         HS65_LL_FA1X4           1  3.7   34   +85    2708 F 
          g754/CI                                                                +0    2708   
          g754/CO                         HS65_LL_FA1X4           1  3.7   37   +85    2793 F 
          g753/CI                                                                +0    2793   
          g753/CO                         HS65_LL_FA1X4           1  3.7   33   +86    2879 F 
          g752/CI                                                                +0    2879   
          g752/CO                         HS65_LL_FA1X4           1  3.7   34   +85    2964 F 
          g751/CI                                                                +0    2964   
          g751/CO                         HS65_LL_FA1X4           1  3.7   34   +85    3049 F 
          g750/CI                                                                +0    3049   
          g750/CO                         HS65_LL_FA1X4           1  3.7   34   +85    3133 F 
          g749/CI                                                                +0    3133   
          g749/CO                         HS65_LL_FA1X4           1  3.7   33   +85    3218 F 
          g748/CI                                                                +0    3218   
          g748/CO                         HS65_LL_FA1X4           1  3.7   34   +85    3303 F 
          g747/CI                                                                +0    3303   
          g747/S0                         HS65_LL_FA1X4           5 14.6   83  +157    3459 R 
        final_adder_mux_463_27/Z[30] 
      load_store_unit_i/data_addr_o[30] 
    CORE.RISCV_CORE/data_addr_o[30] 
    g119/A                                                                       +0    3459   
    g119/Z                                HS65_LL_NOR2X6          1  3.0   27   +32    3492 F 
    g116/D                                                                       +0    3492   
    g116/Z                                HS65_LL_NAND4ABX3       1  2.5   28   +25    3516 R 
    g115/B                                                                       +0    3516   
    g115/Z                                HS65_LL_NAND4ABX3       2  6.7   57   +54    3570 R 
    g123/B                                                                       +0    3570   
    g123/Z                                HS65_LL_AND2X18         6 20.5   33   +57    3628 R 
    core2axi_i/data_req_i 
      core2axi_i/data_req_i 
        g807/B                                                                   +0    3628   
        g807/Z                            HS65_LL_NAND2X7         3  7.1   35   +28    3656 F 
        g804/B                                                                   +0    3656   
        g804/Z                            HS65_LL_OR2X9           2  6.7   22   +54    3710 F 
        g780/B                                                                   +0    3710   
        g780/Z                            HS65_LL_NAND2X7         3  8.3   40   +25    3736 R 
      core2axi_i/aw_valid_o 
    core2axi_i/master_aw_valid 
    axi_slice_core2axi/axi_slave_aw_valid 
      WITH_SLICE.axi_slice_i/axi_slave_aw_valid_i 
        aw_buffer_i/slave_valid_i 
          buffer_i/valid_i 
            g1306/A                                                              +0    3736   
            g1306/Z                       HS65_LL_AND2X4          4 12.1   68   +78    3814 R 
            cg_cell/en_i 
              clk_en_reg/D           <<<  HS65_LL_LDLQX9                         +0    3814   
- - - - - - - - - - - - - - - - - - - - - - - - - - - - - - - - - - - - - - - - - - - - - - - 
(clock clk)                               open                                         2500 F 
                                          latency                              +500    3000 F 
                                          uncertainty                          -250    2750 F 
              clk_en_reg/GN               borrowed                            +1064    3814   
----------------------------------------------------------------------------------------------
Timing slack :       0ps 
Start-point  : pulpino_top_i/core_region_i/CORE.RISCV_CORE/id_stage_i/alu_operand_a_ex_o_reg[0]/CP
End-point    : pulpino_top_i/core_region_i/axi_slice_core2axi/WITH_SLICE.axi_slice_i/aw_buffer_i/buffer_i/cg_cell/clk_en_reg/D
