****************************************
Report : timing
	-path_type full
	-delay_type max
	-slack_lesser_than 0.00
	-max_paths 10
	-sort_by slack
Design : pulpino_padstop
Version: O-2018.06-SP5
Date   : Sat May 24 17:07:13 2025
****************************************


  Startpoint: pulpino_top_i/core_region_i/adv_dbg_if_i/dbg_module_i/i_dbg_axi/operation_reg[0]
               (rising edge-triggered flip-flop clocked by tck_i)
  Endpoint: pulpino_top_i/core_region_i/adv_dbg_if_i/cluster_tap_i/tdo_pad_o_reg
               (rising edge-triggered flip-flop clocked by tck_i')
  Path Group: tck_i
  Path Type: max

  Point                                                   Incr       Path
  ------------------------------------------------------------------------------
  clock tck_i (rise edge)                                 0.00       0.00
  clock network delay (ideal)                             5.00       5.00
  pulpino_top_i/core_region_i/adv_dbg_if_i/dbg_module_i/i_dbg_axi/operation_reg[0]/CP (HS65_LL_SDFPRQNX9)
                                                          0.00       5.00 r
  pulpino_top_i/core_region_i/adv_dbg_if_i/dbg_module_i/i_dbg_axi/operation_reg[0]/QN (HS65_LL_SDFPRQNX9)
                                                          0.29 *     5.29 r
  pulpino_top_i/core_region_i/adv_dbg_if_i/dbg_module_i/i_dbg_axi/FE_PHC24723_n_188/Z (HS65_LL_BFX284)
                                                          0.08 *     5.37 r
  pulpino_top_i/core_region_i/adv_dbg_if_i/dbg_module_i/i_dbg_axi/FE_PHC72585_n_188/Z (HS65_LL_BFX2)
                                                          0.24 *     5.61 r
  pulpino_top_i/core_region_i/adv_dbg_if_i/dbg_module_i/i_dbg_axi/FE_PHC74436_n_188/Z (HS65_LL_BFX213)
                                                          0.14 *     5.75 r
  pulpino_top_i/core_region_i/adv_dbg_if_i/dbg_module_i/i_dbg_axi/FE_PHC76607_n_188/Z (HS65_LL_BFX2)
                                                          0.29 *     6.04 r
  pulpino_top_i/core_region_i/adv_dbg_if_i/dbg_module_i/i_dbg_axi/FE_PHC77279_n_188/Z (HS65_LL_BFX213)
                                                          0.16 *     6.20 r
  pulpino_top_i/core_region_i/adv_dbg_if_i/dbg_module_i/i_dbg_axi/FE_PHC80383_n_188/Z (HS65_LL_BFX2)
                                                          0.31 *     6.50 r
  pulpino_top_i/core_region_i/adv_dbg_if_i/dbg_module_i/i_dbg_axi/FE_PHC81062_n_188/Z (HS65_LL_BFX284)
                                                          0.17 *     6.67 r
  pulpino_top_i/core_region_i/adv_dbg_if_i/dbg_module_i/i_dbg_axi/FE_PHC89475_n_188/Z (HS65_LL_BFX2)
                                                          0.36 *     7.03 r
  pulpino_top_i/core_region_i/adv_dbg_if_i/dbg_module_i/i_dbg_axi/FE_PHC90384_n_188/Z (HS65_LL_BFX213)
                                                          0.17 *     7.19 r
  pulpino_top_i/core_region_i/adv_dbg_if_i/dbg_module_i/i_dbg_axi/FE_PHC95277_n_188/Z (HS65_LL_BFX2)
                                                          0.30 *     7.49 r
  pulpino_top_i/core_region_i/adv_dbg_if_i/dbg_module_i/i_dbg_axi/FE_PHC96203_n_188/Z (HS65_LL_BFX284)
                                                          0.16 *     7.66 r
  pulpino_top_i/core_region_i/adv_dbg_if_i/dbg_module_i/i_dbg_axi/FE_PHC98075_n_188/Z (HS65_LL_BFX2)
                                                          0.30 *     7.95 r
  pulpino_top_i/core_region_i/adv_dbg_if_i/dbg_module_i/i_dbg_axi/FE_PHC98963_n_188/Z (HS65_LL_BFX284)
                                                          0.16 *     8.12 r
  pulpino_top_i/core_region_i/adv_dbg_if_i/dbg_module_i/i_dbg_axi/FE_PHC100780_n_188/Z (HS65_LL_BFX2)
                                                          0.30 *     8.42 r
  pulpino_top_i/core_region_i/adv_dbg_if_i/dbg_module_i/i_dbg_axi/FE_PHC101647_n_188/Z (HS65_LL_BFX284)
                                                          0.16 *     8.58 r
  pulpino_top_i/core_region_i/adv_dbg_if_i/dbg_module_i/i_dbg_axi/FE_PHC103433_n_188/Z (HS65_LL_BFX2)
                                                          0.28 *     8.86 r
  pulpino_top_i/core_region_i/adv_dbg_if_i/dbg_module_i/i_dbg_axi/FE_PHC104298_n_188/Z (HS65_LL_BFX284)
                                                          0.16 *     9.02 r
  pulpino_top_i/core_region_i/adv_dbg_if_i/dbg_module_i/i_dbg_axi/FE_PHC106023_n_188/Z (HS65_LL_BFX2)
                                                          0.28 *     9.30 r
  pulpino_top_i/core_region_i/adv_dbg_if_i/dbg_module_i/i_dbg_axi/FE_PHC106832_n_188/Z (HS65_LL_BFX284)
                                                          0.15 *     9.45 r
  pulpino_top_i/core_region_i/adv_dbg_if_i/dbg_module_i/i_dbg_axi/FE_PHC108403_n_188/Z (HS65_LL_BFX2)
                                                          0.27 *     9.72 r
  pulpino_top_i/core_region_i/adv_dbg_if_i/dbg_module_i/i_dbg_axi/FE_PHC109134_n_188/Z (HS65_LL_BFX284)
                                                          0.15 *     9.87 r
  pulpino_top_i/core_region_i/adv_dbg_if_i/dbg_module_i/i_dbg_axi/FE_PHC111269_n_188/Z (HS65_LL_BFX2)
                                                          0.06 *     9.94 r
  pulpino_top_i/core_region_i/adv_dbg_if_i/dbg_module_i/i_dbg_axi/FE_PHC111929_n_188/Z (HS65_LL_BFX2)
                                                          0.07 *    10.00 r
  pulpino_top_i/core_region_i/adv_dbg_if_i/dbg_module_i/i_dbg_axi/FE_PHC112562_n_188/Z (HS65_LL_BFX9)
                                                          0.06 *    10.06 r
  pulpino_top_i/core_region_i/adv_dbg_if_i/dbg_module_i/i_dbg_axi/FE_PHC123069_n_188/Z (HS65_LL_BFX9)
                                                          0.05 *    10.11 r
  pulpino_top_i/core_region_i/adv_dbg_if_i/dbg_module_i/i_dbg_axi/FE_PHC122665_n_188/Z (HS65_LL_BFX2)
                                                          0.06 *    10.16 r
  pulpino_top_i/core_region_i/adv_dbg_if_i/dbg_module_i/i_dbg_axi/FE_PHC109872_n_188/Z (HS65_LL_BFX2)
                                                          0.28 *    10.44 r
  pulpino_top_i/core_region_i/adv_dbg_if_i/dbg_module_i/i_dbg_axi/FE_PHC110558_n_188/Z (HS65_LL_BFX284)
                                                          0.15 *    10.59 r
  pulpino_top_i/core_region_i/adv_dbg_if_i/dbg_module_i/i_dbg_axi/FE_PHC107632_n_188/Z (HS65_LL_BFX2)
                                                          0.08 *    10.68 r
  pulpino_top_i/core_region_i/adv_dbg_if_i/dbg_module_i/i_dbg_axi/FE_PHC105166_n_188/Z (HS65_LL_BFX2)
                                                          0.09 *    10.77 r
  pulpino_top_i/core_region_i/adv_dbg_if_i/dbg_module_i/i_dbg_axi/FE_PHC102541_n_188/Z (HS65_LL_BFX2)
                                                          0.09 *    10.87 r
  pulpino_top_i/core_region_i/adv_dbg_if_i/dbg_module_i/i_dbg_axi/FE_PHC99879_n_188/Z (HS65_LL_BFX2)
                                                          0.10 *    10.97 r
  pulpino_top_i/core_region_i/adv_dbg_if_i/dbg_module_i/i_dbg_axi/FE_PHC97142_n_188/Z (HS65_LL_BFX2)
                                                          0.13 *    11.09 r
  pulpino_top_i/core_region_i/adv_dbg_if_i/dbg_module_i/i_dbg_axi/FE_PHC94325_n_188/Z (HS65_LL_BFX2)
                                                          0.10 *    11.20 r
  pulpino_top_i/core_region_i/adv_dbg_if_i/dbg_module_i/i_dbg_axi/FE_PHC93359_n_188/Z (HS65_LL_BFX2)
                                                          0.09 *    11.28 r
  pulpino_top_i/core_region_i/adv_dbg_if_i/dbg_module_i/i_dbg_axi/FE_PHC92395_n_188/Z (HS65_LL_BFX2)
                                                          0.09 *    11.37 r
  pulpino_top_i/core_region_i/adv_dbg_if_i/dbg_module_i/i_dbg_axi/FE_PHC91397_n_188/Z (HS65_LL_BFX2)
                                                          0.13 *    11.51 r
  pulpino_top_i/core_region_i/adv_dbg_if_i/dbg_module_i/i_dbg_axi/FE_PHC88491_n_188/Z (HS65_LL_BFX2)
                                                          0.13 *    11.64 r
  pulpino_top_i/core_region_i/adv_dbg_if_i/dbg_module_i/i_dbg_axi/FE_PHC86477_n_188/Z (HS65_LL_CNBFX21)
                                                          0.11 *    11.75 r
  pulpino_top_i/core_region_i/adv_dbg_if_i/dbg_module_i/i_dbg_axi/FE_PHC87087_n_188/Z (HS65_LL_BFX284)
                                                          0.06 *    11.81 r
  pulpino_top_i/core_region_i/adv_dbg_if_i/dbg_module_i/i_dbg_axi/FE_PHC85122_n_188/Z (HS65_LL_BFX2)
                                                          0.08 *    11.89 r
  pulpino_top_i/core_region_i/adv_dbg_if_i/dbg_module_i/i_dbg_axi/FE_PHC84165_n_188/Z (HS65_LL_BFX2)
                                                          0.10 *    11.98 r
  pulpino_top_i/core_region_i/adv_dbg_if_i/dbg_module_i/i_dbg_axi/FE_PHC83111_n_188/Z (HS65_LL_BFX2)
                                                          0.14 *    12.13 r
  pulpino_top_i/core_region_i/adv_dbg_if_i/dbg_module_i/i_dbg_axi/FE_PHC82273_n_188/Z (HS65_LL_BFX2)
                                                          0.10 *    12.22 r
  pulpino_top_i/core_region_i/adv_dbg_if_i/dbg_module_i/i_dbg_axi/FE_PHC79169_n_188/Z (HS65_LL_BFX2)
                                                          0.16 *    12.39 r
  pulpino_top_i/core_region_i/adv_dbg_if_i/dbg_module_i/i_dbg_axi/FE_PHC78470_n_188/Z (HS65_LL_BFX2)
                                                          0.12 *    12.51 r
  pulpino_top_i/core_region_i/adv_dbg_if_i/dbg_module_i/i_dbg_axi/FE_PHC75524_n_188/Z (HS65_LL_BFX2)
                                                          0.07 *    12.58 r
  pulpino_top_i/core_region_i/adv_dbg_if_i/dbg_module_i/i_dbg_axi/FE_PHC59559_n_188/Z (HS65_LL_BFX2)
                                                          0.28 *    12.86 r
  pulpino_top_i/core_region_i/adv_dbg_if_i/dbg_module_i/i_dbg_axi/FE_PHC64347_n_188/Z (HS65_LL_BFX284)
                                                          0.15 *    13.01 r
  pulpino_top_i/core_region_i/adv_dbg_if_i/dbg_module_i/i_dbg_axi/FE_PHC70051_n_188/Z (HS65_LL_BFX18)
                                                          0.09 *    13.10 r
  pulpino_top_i/core_region_i/adv_dbg_if_i/dbg_module_i/i_dbg_axi/FE_PHC71142_n_188/Z (HS65_LL_BFX284)
                                                          0.07 *    13.17 r
  pulpino_top_i/core_region_i/adv_dbg_if_i/dbg_module_i/i_dbg_axi/FE_PHC67852_n_188/Z (HS65_LL_BFX2)
                                                          0.06 *    13.23 r
  pulpino_top_i/core_region_i/adv_dbg_if_i/dbg_module_i/i_dbg_axi/FE_PHC52191_n_188/Z (HS65_LL_BFX2)
                                                          0.07 *    13.31 r
  pulpino_top_i/core_region_i/adv_dbg_if_i/dbg_module_i/i_dbg_axi/FE_PHC34524_n_188/Z (HS65_LL_BFX2)
                                                          0.30 *    13.61 r
  pulpino_top_i/core_region_i/adv_dbg_if_i/dbg_module_i/i_dbg_axi/FE_PHC43417_n_188/Z (HS65_LL_BFX284)
                                                          0.16 *    13.77 r
  pulpino_top_i/core_region_i/adv_dbg_if_i/dbg_module_i/i_dbg_axi/FE_PHC14934_n_188/Z (HS65_LL_BFX2)
                                                          0.07 *    13.84 r
  pulpino_top_i/core_region_i/adv_dbg_if_i/dbg_module_i/i_dbg_axi/g7560/Z (HS65_LL_IVX9)
                                                          0.07 *    13.91 f
  pulpino_top_i/core_region_i/adv_dbg_if_i/dbg_module_i/i_dbg_axi/g6937/Z (HS65_LL_NOR2X6)
                                                          0.09 *    14.00 r
  pulpino_top_i/core_region_i/adv_dbg_if_i/dbg_module_i/i_dbg_axi/g6903/Z (HS65_LL_NOR2AX3)
                                                          0.28 *    14.28 r
  pulpino_top_i/core_region_i/adv_dbg_if_i/dbg_module_i/i_dbg_axi/g6848/Z (HS65_LL_NAND2AX7)
                                                          0.21 *    14.49 r
  pulpino_top_i/core_region_i/adv_dbg_if_i/dbg_module_i/i_dbg_axi/g6832/Z (HS65_LL_NOR3X4)
                                                          0.07 *    14.55 f
  pulpino_top_i/core_region_i/adv_dbg_if_i/dbg_module_i/i_dbg_axi/g6828/Z (HS65_LL_AOI31X5)
                                                          0.06 *    14.62 r
  pulpino_top_i/core_region_i/adv_dbg_if_i/dbg_module_i/i_dbg_axi/g6819/Z (HS65_LL_AOI212X4)
                                                          0.06 *    14.68 f
  pulpino_top_i/core_region_i/adv_dbg_if_i/dbg_module_i/i_dbg_axi/g6816/Z (HS65_LL_NAND3X5)
                                                          0.20 *    14.88 r
  pulpino_top_i/core_region_i/adv_dbg_if_i/dbg_module_i/i_dbg_axi/FE_PHC81647_n_303/Z (HS65_LL_BFX284)
                                                          0.13 *    15.01 r
  pulpino_top_i/core_region_i/adv_dbg_if_i/dbg_module_i/i_dbg_axi/FE_PHC99128_n_303/Z (HS65_LL_BFX2)
                                                          0.21 *    15.21 r
  pulpino_top_i/core_region_i/adv_dbg_if_i/dbg_module_i/i_dbg_axi/FE_PHC99991_n_303/Z (HS65_LL_BFX142)
                                                          0.13 *    15.34 r
  pulpino_top_i/core_region_i/adv_dbg_if_i/dbg_module_i/i_dbg_axi/FE_PHC98149_n_303/Z (HS65_LL_BFX2)
                                                          0.16 *    15.50 r
  pulpino_top_i/core_region_i/adv_dbg_if_i/dbg_module_i/i_dbg_axi/FE_PHC97295_n_303/Z (HS65_LL_BFX2)
                                                          0.12 *    15.62 r
  pulpino_top_i/core_region_i/adv_dbg_if_i/dbg_module_i/i_dbg_axi/FE_PHC95411_n_303/Z (HS65_LL_BFX2)
                                                          0.07 *    15.69 r
  pulpino_top_i/core_region_i/adv_dbg_if_i/dbg_module_i/i_dbg_axi/FE_PHC86606_n_303/Z (HS65_LL_BFX2)
                                                          0.07 *    15.76 r
  pulpino_top_i/core_region_i/adv_dbg_if_i/dbg_module_i/i_dbg_axi/FE_PHC84618_n_303/Z (HS65_LL_BFX2)
                                                          0.07 *    15.83 r
  pulpino_top_i/core_region_i/adv_dbg_if_i/dbg_module_i/i_dbg_axi/FE_PHC82631_n_303/Z (HS65_LL_BFX2)
                                                          0.20 *    16.03 r
  pulpino_top_i/core_region_i/adv_dbg_if_i/dbg_module_i/i_dbg_axi/FE_PHC87565_n_303/Z (HS65_LL_BFX142)
                                                          0.12 *    16.15 r
  pulpino_top_i/core_region_i/adv_dbg_if_i/dbg_module_i/i_dbg_axi/FE_PHC90514_n_303/Z (HS65_LL_BFX2)
                                                          0.07 *    16.21 r
  pulpino_top_i/core_region_i/adv_dbg_if_i/dbg_module_i/i_dbg_axi/FE_PHC89543_n_303/Z (HS65_LL_BFX2)
                                                          0.22 *    16.43 r
  pulpino_top_i/core_region_i/adv_dbg_if_i/dbg_module_i/i_dbg_axi/FE_PHC91466_n_303/Z (HS65_LL_BFX142)
                                                          0.13 *    16.56 r
  pulpino_top_i/core_region_i/adv_dbg_if_i/dbg_module_i/i_dbg_axi/FE_PHC92447_n_303/Z (HS65_LL_BFX2)
                                                          0.08 *    16.64 r
  pulpino_top_i/core_region_i/adv_dbg_if_i/dbg_module_i/i_dbg_axi/FE_PHC88560_n_303/Z (HS65_LL_BFX2)
                                                          0.24 *    16.88 r
  pulpino_top_i/core_region_i/adv_dbg_if_i/dbg_module_i/i_dbg_axi/FE_PHC93403_n_303/Z (HS65_LL_BFX142)
                                                          0.13 *    17.01 r
  pulpino_top_i/core_region_i/adv_dbg_if_i/dbg_module_i/i_dbg_axi/FE_PHC94424_n_303/Z (HS65_LL_BFX2)
                                                          0.06 *    17.07 r
  pulpino_top_i/core_region_i/adv_dbg_if_i/dbg_module_i/i_dbg_axi/FE_PHC80676_n_303/Z (HS65_LL_BFX2)
                                                          0.28 *    17.35 r
  pulpino_top_i/core_region_i/adv_dbg_if_i/dbg_module_i/i_dbg_axi/FE_PHC96370_n_303/Z (HS65_LL_BFX142)
                                                          0.14 *    17.50 r
  pulpino_top_i/core_region_i/adv_dbg_if_i/dbg_module_i/i_dbg_axi/g6812/Z (HS65_LL_NOR2AX3)
                                                          0.16 *    17.66 f
  pulpino_top_i/core_region_i/adv_dbg_if_i/dbg_module_i/i_dbg_axi/FE_PHC83631_n_350/Z (HS65_LL_BFX213)
                                                          0.14 *    17.80 f
  pulpino_top_i/core_region_i/adv_dbg_if_i/dbg_module_i/i_dbg_axi/g6808/Z (HS65_LL_AND2X4)
                                                          0.07 *    17.87 f
  pulpino_top_i/core_region_i/adv_dbg_if_i/dbg_module_i/i_dbg_axi/g6802/Z (HS65_LL_CBI4I6X5)
                                                          0.11 *    17.98 r
  pulpino_top_i/core_region_i/adv_dbg_if_i/dbg_module_i/i_dbg_axi/g6801/Z (HS65_LL_NOR4ABX2)
                                                          0.21 *    18.19 r
  pulpino_top_i/core_region_i/adv_dbg_if_i/dbg_module_i/i_dbg_axi/g6797/Z (HS65_LL_NAND4ABX3)
                                                          0.43 *    18.62 f
  pulpino_top_i/core_region_i/adv_dbg_if_i/dbg_module_i/i_dbg_axi/g6795/Z (HS65_LL_OAI12X3)
                                                          0.26 *    18.88 r
  pulpino_top_i/core_region_i/adv_dbg_if_i/dbg_module_i/i_dbg_axi/g6793/Z (HS65_LL_NOR3X4)
                                                          0.11 *    19.00 f
  pulpino_top_i/core_region_i/adv_dbg_if_i/dbg_module_i/i_dbg_axi/g6792/Z (HS65_LL_NOR3AX2)
                                                          0.11 *    19.10 r
  pulpino_top_i/core_region_i/adv_dbg_if_i/dbg_module_i/i_dbg_axi/g6791/Z (HS65_LL_AO212X4)
                                                          0.16 *    19.27 r
  pulpino_top_i/core_region_i/adv_dbg_if_i/dbg_module_i/g190/Z (HS65_LL_AO32X4)
                                                          0.22 *    19.49 r
  pulpino_top_i/core_region_i/adv_dbg_if_i/cluster_tap_i/g1382/Z (HS65_LL_AOI32X5)
                                                          0.07 *    19.56 f
  pulpino_top_i/core_region_i/adv_dbg_if_i/cluster_tap_i/g1381/Z (HS65_LL_OAI12X3)
                                                          0.33 *    19.90 r
  pulpino_top_i/core_region_i/adv_dbg_if_i/cluster_tap_i/FE_PHC16888_n_98/Z (HS65_LL_BFX284)
                                                          0.17 *    20.06 r
  pulpino_top_i/core_region_i/adv_dbg_if_i/cluster_tap_i/FE_PHC70520_n_98/Z (HS65_LL_BFX2)
                                                          0.30 *    20.36 r
  pulpino_top_i/core_region_i/adv_dbg_if_i/cluster_tap_i/FE_PHC71872_n_98/Z (HS65_LL_BFX284)
                                                          0.16 *    20.52 r
  pulpino_top_i/core_region_i/adv_dbg_if_i/cluster_tap_i/FE_PHC65180_n_98/Z (HS65_LL_BFX2)
                                                          0.29 *    20.82 r
  pulpino_top_i/core_region_i/adv_dbg_if_i/cluster_tap_i/FE_PHC68407_n_98/Z (HS65_LL_BFX284)
                                                          0.16 *    20.97 r
  pulpino_top_i/core_region_i/adv_dbg_if_i/cluster_tap_i/FE_PHC53220_n_98/Z (HS65_LL_BFX2)
                                                          0.28 *    21.26 r
  pulpino_top_i/core_region_i/adv_dbg_if_i/cluster_tap_i/FE_PHC60202_n_98/Z (HS65_LL_BFX284)
                                                          0.16 *    21.42 r
  pulpino_top_i/core_region_i/adv_dbg_if_i/cluster_tap_i/FE_PHC88630_n_98/Z (HS65_LL_BFX2)
                                                          0.08 *    21.50 r
  pulpino_top_i/core_region_i/adv_dbg_if_i/cluster_tap_i/FE_PHC35762_n_98/Z (HS65_LL_BFX2)
                                                          0.30 *    21.80 r
  pulpino_top_i/core_region_i/adv_dbg_if_i/cluster_tap_i/FE_PHC45105_n_98/Z (HS65_LL_BFX284)
                                                          0.16 *    21.96 r
  pulpino_top_i/core_region_i/adv_dbg_if_i/cluster_tap_i/FE_PHC91602_n_98/Z (HS65_LL_CNBFX21)
                                                          0.08 *    22.04 r
  pulpino_top_i/core_region_i/adv_dbg_if_i/cluster_tap_i/FE_PHC92523_n_98/Z (HS65_LL_BFX284)
                                                          0.06 *    22.10 r
  pulpino_top_i/core_region_i/adv_dbg_if_i/cluster_tap_i/FE_PHC89649_n_98/Z (HS65_LL_BFX2)
                                                          0.33 *    22.43 r
  pulpino_top_i/core_region_i/adv_dbg_if_i/cluster_tap_i/FE_PHC90574_n_98/Z (HS65_LL_BFX284)
                                                          0.17 *    22.60 r
  pulpino_top_i/core_region_i/adv_dbg_if_i/cluster_tap_i/FE_PHC87695_n_98/Z (HS65_LL_BFX2)
                                                          0.08 *    22.68 r
  pulpino_top_i/core_region_i/adv_dbg_if_i/cluster_tap_i/FE_PHC86770_n_98/Z (HS65_LL_BFX2)
                                                          0.32 *    23.00 r
  pulpino_top_i/core_region_i/adv_dbg_if_i/cluster_tap_i/FE_PHC94454_n_98/Z (HS65_LL_BFX213)
                                                          0.16 *    23.16 r
  pulpino_top_i/core_region_i/adv_dbg_if_i/cluster_tap_i/FE_PHC85704_n_98/Z (HS65_LL_BFX2)
                                                          0.07 *    23.23 r
  pulpino_top_i/core_region_i/adv_dbg_if_i/cluster_tap_i/FE_PHC84726_n_98/Z (HS65_LL_BFX2)
                                                          0.08 *    23.31 r
  pulpino_top_i/core_region_i/adv_dbg_if_i/cluster_tap_i/FE_PHC83742_n_98/Z (HS65_LL_BFX2)
                                                          0.07 *    23.38 r
  pulpino_top_i/core_region_i/adv_dbg_if_i/cluster_tap_i/FE_PHC82740_n_98/Z (HS65_LL_BFX2)
                                                          0.07 *    23.45 r
  pulpino_top_i/core_region_i/adv_dbg_if_i/cluster_tap_i/FE_PHC81747_n_98/Z (HS65_LL_BFX2)
                                                          0.09 *    23.54 r
  pulpino_top_i/core_region_i/adv_dbg_if_i/cluster_tap_i/FE_PHC80794_n_98/Z (HS65_LL_BFX2)
                                                          0.08 *    23.62 r
  pulpino_top_i/core_region_i/adv_dbg_if_i/cluster_tap_i/FE_PHC79880_n_98/Z (HS65_LL_BFX2)
                                                          0.37 *    23.99 r
  pulpino_top_i/core_region_i/adv_dbg_if_i/cluster_tap_i/FE_PHC95435_n_98/Z (HS65_LL_BFX213)
                                                          0.17 *    24.16 r
  pulpino_top_i/core_region_i/adv_dbg_if_i/cluster_tap_i/FE_PHC111414_n_98/Z (HS65_LL_BFX2)
                                                          0.07 *    24.23 r
  pulpino_top_i/core_region_i/adv_dbg_if_i/cluster_tap_i/FE_PHC110681_n_98/Z (HS65_LL_BFX2)
                                                          0.07 *    24.30 r
  pulpino_top_i/core_region_i/adv_dbg_if_i/cluster_tap_i/FE_PHC109976_n_98/Z (HS65_LL_BFX2)
                                                          0.07 *    24.37 r
  pulpino_top_i/core_region_i/adv_dbg_if_i/cluster_tap_i/FE_PHC109235_n_98/Z (HS65_LL_BFX2)
                                                          0.08 *    24.45 r
  pulpino_top_i/core_region_i/adv_dbg_if_i/cluster_tap_i/FE_PHC108506_n_98/Z (HS65_LL_BFX2)
                                                          0.08 *    24.53 r
  pulpino_top_i/core_region_i/adv_dbg_if_i/cluster_tap_i/FE_PHC107738_n_98/Z (HS65_LL_BFX2)
                                                          0.07 *    24.60 r
  pulpino_top_i/core_region_i/adv_dbg_if_i/cluster_tap_i/FE_PHC107031_n_98/Z (HS65_LL_BFX2)
                                                          0.07 *    24.67 r
  pulpino_top_i/core_region_i/adv_dbg_if_i/cluster_tap_i/FE_PHC106133_n_98/Z (HS65_LL_BFX2)
                                                          0.06 *    24.73 r
  pulpino_top_i/core_region_i/adv_dbg_if_i/cluster_tap_i/FE_PHC105410_n_98/Z (HS65_LL_BFX2)
                                                          0.07 *    24.80 r
  pulpino_top_i/core_region_i/adv_dbg_if_i/cluster_tap_i/FE_PHC104562_n_98/Z (HS65_LL_BFX2)
                                                          0.07 *    24.86 r
  pulpino_top_i/core_region_i/adv_dbg_if_i/cluster_tap_i/FE_PHC103697_n_98/Z (HS65_LL_BFX2)
                                                          0.07 *    24.93 r
  pulpino_top_i/core_region_i/adv_dbg_if_i/cluster_tap_i/FE_PHC102817_n_98/Z (HS65_LL_BFX2)
                                                          0.07 *    24.99 r
  pulpino_top_i/core_region_i/adv_dbg_if_i/cluster_tap_i/FE_PHC101765_n_98/Z (HS65_LL_BFX2)
                                                          0.07 *    25.06 r
  pulpino_top_i/core_region_i/adv_dbg_if_i/cluster_tap_i/FE_PHC100876_n_98/Z (HS65_LL_BFX2)
                                                          0.06 *    25.12 r
  pulpino_top_i/core_region_i/adv_dbg_if_i/cluster_tap_i/FE_PHC100099_n_98/Z (HS65_LL_BFX2)
                                                          0.06 *    25.19 r
  pulpino_top_i/core_region_i/adv_dbg_if_i/cluster_tap_i/FE_PHC99197_n_98/Z (HS65_LL_BFX2)
                                                          0.07 *    25.26 r
  pulpino_top_i/core_region_i/adv_dbg_if_i/cluster_tap_i/FE_PHC98291_n_98/Z (HS65_LL_BFX2)
                                                          0.07 *    25.32 r
  pulpino_top_i/core_region_i/adv_dbg_if_i/cluster_tap_i/FE_PHC97358_n_98/Z (HS65_LL_BFX2)
                                                          0.07 *    25.39 r
  pulpino_top_i/core_region_i/adv_dbg_if_i/cluster_tap_i/FE_PHC96481_n_98/Z (HS65_LL_BFX2)
                                                          0.09 *    25.48 r
  pulpino_top_i/core_region_i/adv_dbg_if_i/cluster_tap_i/FE_PHC78999_n_98/Z (HS65_LL_BFX2)
                                                          0.08 *    25.56 r
  pulpino_top_i/core_region_i/adv_dbg_if_i/cluster_tap_i/FE_PHC77998_n_98/Z (HS65_LL_BFX2)
                                                          0.07 *    25.63 r
  pulpino_top_i/core_region_i/adv_dbg_if_i/cluster_tap_i/FE_PHC75978_n_98/Z (HS65_LL_BFX2)
                                                          0.31 *    25.94 r
  pulpino_top_i/core_region_i/adv_dbg_if_i/cluster_tap_i/FE_PHC76983_n_98/Z (HS65_LL_BFX284)
                                                          0.17 *    26.11 r
  pulpino_top_i/core_region_i/adv_dbg_if_i/cluster_tap_i/FE_PHC74152_n_98/Z (HS65_LL_BFX2)
                                                          0.30 *    26.41 r
  pulpino_top_i/core_region_i/adv_dbg_if_i/cluster_tap_i/FE_PHC75054_n_98/Z (HS65_LL_BFX284)
                                                          0.17 *    26.58 r
  pulpino_top_i/core_region_i/adv_dbg_if_i/cluster_tap_i/FE_PHC27031_n_98/Z (HS65_LL_BFX2)
                                                          0.30 *    26.88 r
  pulpino_top_i/core_region_i/adv_dbg_if_i/cluster_tap_i/FE_PHC73018_n_98/Z (HS65_LL_BFX284)
                                                          0.16 *    27.04 r
  pulpino_top_i/core_region_i/adv_dbg_if_i/cluster_tap_i/tdo_pad_o_reg/D (HS65_LL_DFPRQX4)
                                                          0.00 *    27.04 r
  data arrival time                                                 27.04

  clock tck_i' (rise edge)                               25.00      25.00
  clock network delay (ideal)                             0.00      25.00
  clock reconvergence pessimism                           0.00      25.00
  clock uncertainty                                      -2.50      22.50
  pulpino_top_i/core_region_i/adv_dbg_if_i/cluster_tap_i/tdo_pad_o_reg/CP (HS65_LL_DFPRQX4)
                                                                    22.50 r
  library setup time                                     -0.06 *    22.44
  data required time                                                22.44
  ------------------------------------------------------------------------------
  data required time                                                22.44
  data arrival time                                                -27.04
  ------------------------------------------------------------------------------
  slack (VIOLATED)                                                  -4.60


  Startpoint: pulpino_top_i/core_region_i/CORE.RISCV_CORE/id_stage_i/hwloop_regs_i/hwlp_counter_q_reg[0][23]
               (rising edge-triggered flip-flop clocked by clk)
  Endpoint: pulpino_top_i/core_region_i/instr_mem/sp_ram_wrap_i/bank2_byte0
               (rising edge-triggered flip-flop clocked by clk)
  Path Group: clk
  Path Type: max

  Point                                                   Incr       Path
  ------------------------------------------------------------------------------
  clock clk (rise edge)                                   0.00       0.00
  clock network delay (ideal)                             0.50       0.50
  pulpino_top_i/core_region_i/CORE.RISCV_CORE/id_stage_i/hwloop_regs_i/hwlp_counter_q_reg[0][23]/CP (HS65_LL_DFPRQX9)
                                                          0.00       0.50 r
  pulpino_top_i/core_region_i/CORE.RISCV_CORE/id_stage_i/hwloop_regs_i/hwlp_counter_q_reg[0][23]/Q (HS65_LL_DFPRQX9)
                                                          0.18 *     0.68 f
  pulpino_top_i/core_region_i/CORE.RISCV_CORE/id_stage_i/hwloop_regs_i/FE_PHC25587_FE_RN_211/Z (HS65_LL_BFX18)
                                                          0.06 *     0.74 f
  pulpino_top_i/core_region_i/CORE.RISCV_CORE/id_stage_i/hwloop_regs_i/FE_PHC14968_hwlp_cnt_0_23/Z (HS65_LL_BFX7)
                                                          0.09 *     0.83 f
  pulpino_top_i/core_region_i/CORE.RISCV_CORE/if_stage_i/hwloop_controller_i/g3796/Z (HS65_LL_NOR4X4)
                                                          0.21 *     1.03 r
  pulpino_top_i/core_region_i/CORE.RISCV_CORE/if_stage_i/hwloop_controller_i/g3790/Z (HS65_LL_NOR4ABX4)
                                                          0.20 *     1.23 r
  pulpino_top_i/core_region_i/CORE.RISCV_CORE/if_stage_i/hwloop_controller_i/g3772/Z (HS65_LL_NAND4ABX3)
                                                          0.31 *     1.54 f
  pulpino_top_i/core_region_i/CORE.RISCV_CORE/if_stage_i/hwloop_controller_i/g3766/Z (HS65_LL_NOR3X4)
                                                          0.31 *     1.85 r
  pulpino_top_i/core_region_i/CORE.RISCV_CORE/if_stage_i/hwloop_controller_i/g3761/Z (HS65_LL_NAND3X5)
                                                          0.21 *     2.06 f
  pulpino_top_i/core_region_i/CORE.RISCV_CORE/if_stage_i/hwloop_controller_i/g3759/Z (HS65_LL_NOR3X9)
                                                          0.13 *     2.19 r
  pulpino_top_i/core_region_i/CORE.RISCV_CORE/if_stage_i/hwloop_controller_i/g3757/Z (HS65_LL_NAND2X14)
                                                          0.05 *     2.24 f
  pulpino_top_i/core_region_i/CORE.RISCV_CORE/if_stage_i/hwloop_controller_i/g3756/Z (HS65_LL_OAI21X3)
                                                          0.07 *     2.31 r
  pulpino_top_i/core_region_i/CORE.RISCV_CORE/if_stage_i/hwloop_controller_i/g3754/Z (HS65_LL_OAI22X11)
                                                          0.10 *     2.41 f
  pulpino_top_i/core_region_i/CORE.RISCV_CORE/if_stage_i/hwloop_controller_i/g3744/Z (HS65_LL_NOR2AX3)
                                                          0.06 *     2.48 r
  pulpino_top_i/core_region_i/CORE.RISCV_CORE/if_stage_i/hwloop_controller_i/FE_OFC4231_hwlp_dec_cnt_1/Z (HS65_LL_BFX9)
                                                          0.29 *     2.76 r
  pulpino_top_i/core_region_i/CORE.RISCV_CORE/if_stage_i/hwloop_controller_i/g3724/Z (HS65_LL_AO22X9)
                                                          0.25 *     3.01 r
  pulpino_top_i/core_region_i/CORE.RISCV_CORE/if_stage_i/FE_PHC17200_hwlp_target_9/Z (HS65_LL_BFX2)
                                                          0.19 *     3.21 r
  pulpino_top_i/core_region_i/CORE.RISCV_CORE/if_stage_i/FE_PHC26893_hwlp_target_9/Z (HS65_LL_BFX142)
                                                          0.11 *     3.32 r
  pulpino_top_i/core_region_i/CORE.RISCV_CORE/if_stage_i/prefetch_32.prefetch_buffer_i/g5393/Z (HS65_LL_MX41X7)
                                                          0.22 *     3.54 r
  pulpino_top_i/core_region_i/instr_ram_mux_i/g271/Z (HS65_LL_AO22X35)
                                                          0.24 *     3.78 r
  pulpino_top_i/core_region_i/instr_mem/FE_PHC27701_instr_mem_addr_9/Z (HS65_LL_BFX27)
                                                          0.08 *     3.86 r
  pulpino_top_i/core_region_i/instr_mem/FE_PHC17757_instr_mem_addr_9/Z (HS65_LL_BFX27)
                                                          0.12 *     3.98 r
  pulpino_top_i/core_region_i/instr_mem/sp_ram_wrap_i/FE_OFC7212_instr_mem_addr_9/Z (HS65_LL_BFX53)
                                                          0.17 *     4.15 r
  pulpino_top_i/core_region_i/instr_mem/sp_ram_wrap_i/FE_PDC121894_FE_OFN9166_n/Z (HS65_LL_BFX27)
                                                          0.32 *     4.47 r
  pulpino_top_i/core_region_i/instr_mem/sp_ram_wrap_i/bank2_byte0/A[7] (ST_SPHDL_2048x8m8_L)
                                                          0.28 *     4.75 r
  data arrival time                                                  4.75

  clock clk (rise edge)                                   5.00       5.00
  clock network delay (ideal)                             0.00       5.00
  clock reconvergence pessimism                           0.00       5.00
  clock uncertainty                                      -0.25       4.75
  pulpino_top_i/core_region_i/instr_mem/sp_ram_wrap_i/bank2_byte0/CK (ST_SPHDL_2048x8m8_L)
                                                                     4.75 r
  library setup time                                     -0.72 *     4.03
  data required time                                                 4.03
  ------------------------------------------------------------------------------
  data required time                                                 4.03
  data arrival time                                                 -4.75
  ------------------------------------------------------------------------------
  slack (VIOLATED)                                                  -0.73


  Startpoint: pulpino_top_i/core_region_i/CORE.RISCV_CORE/id_stage_i/hwloop_regs_i/hwlp_counter_q_reg[0][23]
               (rising edge-triggered flip-flop clocked by clk)
  Endpoint: pulpino_top_i/core_region_i/instr_mem/sp_ram_wrap_i/bank2_byte1
               (rising edge-triggered flip-flop clocked by clk)
  Path Group: clk
  Path Type: max

  Point                                                   Incr       Path
  ------------------------------------------------------------------------------
  clock clk (rise edge)                                   0.00       0.00
  clock network delay (ideal)                             0.50       0.50
  pulpino_top_i/core_region_i/CORE.RISCV_CORE/id_stage_i/hwloop_regs_i/hwlp_counter_q_reg[0][23]/CP (HS65_LL_DFPRQX9)
                                                          0.00       0.50 r
  pulpino_top_i/core_region_i/CORE.RISCV_CORE/id_stage_i/hwloop_regs_i/hwlp_counter_q_reg[0][23]/Q (HS65_LL_DFPRQX9)
                                                          0.18 *     0.68 f
  pulpino_top_i/core_region_i/CORE.RISCV_CORE/id_stage_i/hwloop_regs_i/FE_PHC25587_FE_RN_211/Z (HS65_LL_BFX18)
                                                          0.06 *     0.74 f
  pulpino_top_i/core_region_i/CORE.RISCV_CORE/id_stage_i/hwloop_regs_i/FE_PHC14968_hwlp_cnt_0_23/Z (HS65_LL_BFX7)
                                                          0.09 *     0.83 f
  pulpino_top_i/core_region_i/CORE.RISCV_CORE/if_stage_i/hwloop_controller_i/g3796/Z (HS65_LL_NOR4X4)
                                                          0.21 *     1.03 r
  pulpino_top_i/core_region_i/CORE.RISCV_CORE/if_stage_i/hwloop_controller_i/g3790/Z (HS65_LL_NOR4ABX4)
                                                          0.20 *     1.23 r
  pulpino_top_i/core_region_i/CORE.RISCV_CORE/if_stage_i/hwloop_controller_i/g3772/Z (HS65_LL_NAND4ABX3)
                                                          0.31 *     1.54 f
  pulpino_top_i/core_region_i/CORE.RISCV_CORE/if_stage_i/hwloop_controller_i/g3766/Z (HS65_LL_NOR3X4)
                                                          0.31 *     1.85 r
  pulpino_top_i/core_region_i/CORE.RISCV_CORE/if_stage_i/hwloop_controller_i/g3761/Z (HS65_LL_NAND3X5)
                                                          0.21 *     2.06 f
  pulpino_top_i/core_region_i/CORE.RISCV_CORE/if_stage_i/hwloop_controller_i/g3759/Z (HS65_LL_NOR3X9)
                                                          0.13 *     2.19 r
  pulpino_top_i/core_region_i/CORE.RISCV_CORE/if_stage_i/hwloop_controller_i/g3757/Z (HS65_LL_NAND2X14)
                                                          0.05 *     2.24 f
  pulpino_top_i/core_region_i/CORE.RISCV_CORE/if_stage_i/hwloop_controller_i/g3756/Z (HS65_LL_OAI21X3)
                                                          0.07 *     2.31 r
  pulpino_top_i/core_region_i/CORE.RISCV_CORE/if_stage_i/hwloop_controller_i/g3754/Z (HS65_LL_OAI22X11)
                                                          0.10 *     2.41 f
  pulpino_top_i/core_region_i/CORE.RISCV_CORE/if_stage_i/hwloop_controller_i/g3744/Z (HS65_LL_NOR2AX3)
                                                          0.06 *     2.48 r
  pulpino_top_i/core_region_i/CORE.RISCV_CORE/if_stage_i/hwloop_controller_i/FE_OFC4231_hwlp_dec_cnt_1/Z (HS65_LL_BFX9)
                                                          0.29 *     2.76 r
  pulpino_top_i/core_region_i/CORE.RISCV_CORE/if_stage_i/hwloop_controller_i/g3724/Z (HS65_LL_AO22X9)
                                                          0.25 *     3.01 r
  pulpino_top_i/core_region_i/CORE.RISCV_CORE/if_stage_i/FE_PHC17200_hwlp_target_9/Z (HS65_LL_BFX2)
                                                          0.19 *     3.21 r
  pulpino_top_i/core_region_i/CORE.RISCV_CORE/if_stage_i/FE_PHC26893_hwlp_target_9/Z (HS65_LL_BFX142)
                                                          0.11 *     3.32 r
  pulpino_top_i/core_region_i/CORE.RISCV_CORE/if_stage_i/prefetch_32.prefetch_buffer_i/g5393/Z (HS65_LL_MX41X7)
                                                          0.22 *     3.54 r
  pulpino_top_i/core_region_i/instr_ram_mux_i/g271/Z (HS65_LL_AO22X35)
                                                          0.24 *     3.78 r
  pulpino_top_i/core_region_i/instr_mem/FE_PHC27701_instr_mem_addr_9/Z (HS65_LL_BFX27)
                                                          0.08 *     3.86 r
  pulpino_top_i/core_region_i/instr_mem/FE_PHC17757_instr_mem_addr_9/Z (HS65_LL_BFX27)
                                                          0.12 *     3.98 r
  pulpino_top_i/core_region_i/instr_mem/sp_ram_wrap_i/FE_OFC7212_instr_mem_addr_9/Z (HS65_LL_BFX53)
                                                          0.17 *     4.15 r
  pulpino_top_i/core_region_i/instr_mem/sp_ram_wrap_i/FE_PDC121894_FE_OFN9166_n/Z (HS65_LL_BFX27)
                                                          0.32 *     4.47 r
  pulpino_top_i/core_region_i/instr_mem/sp_ram_wrap_i/bank2_byte1/A[7] (ST_SPHDL_2048x8m8_L)
                                                          0.27 *     4.75 r
  data arrival time                                                  4.75

  clock clk (rise edge)                                   5.00       5.00
  clock network delay (ideal)                             0.00       5.00
  clock reconvergence pessimism                           0.00       5.00
  clock uncertainty                                      -0.25       4.75
  pulpino_top_i/core_region_i/instr_mem/sp_ram_wrap_i/bank2_byte1/CK (ST_SPHDL_2048x8m8_L)
                                                                     4.75 r
  library setup time                                     -0.72 *     4.03
  data required time                                                 4.03
  ------------------------------------------------------------------------------
  data required time                                                 4.03
  data arrival time                                                 -4.75
  ------------------------------------------------------------------------------
  slack (VIOLATED)                                                  -0.72


  Startpoint: pulpino_top_i/core_region_i/CORE.RISCV_CORE/id_stage_i/hwloop_regs_i/hwlp_counter_q_reg[0][23]
               (rising edge-triggered flip-flop clocked by clk)
  Endpoint: pulpino_top_i/core_region_i/instr_mem/sp_ram_wrap_i/bank2_byte2
               (rising edge-triggered flip-flop clocked by clk)
  Path Group: clk
  Path Type: max

  Point                                                   Incr       Path
  ------------------------------------------------------------------------------
  clock clk (rise edge)                                   0.00       0.00
  clock network delay (ideal)                             0.50       0.50
  pulpino_top_i/core_region_i/CORE.RISCV_CORE/id_stage_i/hwloop_regs_i/hwlp_counter_q_reg[0][23]/CP (HS65_LL_DFPRQX9)
                                                          0.00       0.50 r
  pulpino_top_i/core_region_i/CORE.RISCV_CORE/id_stage_i/hwloop_regs_i/hwlp_counter_q_reg[0][23]/Q (HS65_LL_DFPRQX9)
                                                          0.18 *     0.68 f
  pulpino_top_i/core_region_i/CORE.RISCV_CORE/id_stage_i/hwloop_regs_i/FE_PHC25587_FE_RN_211/Z (HS65_LL_BFX18)
                                                          0.06 *     0.74 f
  pulpino_top_i/core_region_i/CORE.RISCV_CORE/id_stage_i/hwloop_regs_i/FE_PHC14968_hwlp_cnt_0_23/Z (HS65_LL_BFX7)
                                                          0.09 *     0.83 f
  pulpino_top_i/core_region_i/CORE.RISCV_CORE/if_stage_i/hwloop_controller_i/g3796/Z (HS65_LL_NOR4X4)
                                                          0.21 *     1.03 r
  pulpino_top_i/core_region_i/CORE.RISCV_CORE/if_stage_i/hwloop_controller_i/g3790/Z (HS65_LL_NOR4ABX4)
                                                          0.20 *     1.23 r
  pulpino_top_i/core_region_i/CORE.RISCV_CORE/if_stage_i/hwloop_controller_i/g3772/Z (HS65_LL_NAND4ABX3)
                                                          0.31 *     1.54 f
  pulpino_top_i/core_region_i/CORE.RISCV_CORE/if_stage_i/hwloop_controller_i/g3766/Z (HS65_LL_NOR3X4)
                                                          0.31 *     1.85 r
  pulpino_top_i/core_region_i/CORE.RISCV_CORE/if_stage_i/hwloop_controller_i/g3761/Z (HS65_LL_NAND3X5)
                                                          0.21 *     2.06 f
  pulpino_top_i/core_region_i/CORE.RISCV_CORE/if_stage_i/hwloop_controller_i/g3759/Z (HS65_LL_NOR3X9)
                                                          0.13 *     2.19 r
  pulpino_top_i/core_region_i/CORE.RISCV_CORE/if_stage_i/hwloop_controller_i/g3757/Z (HS65_LL_NAND2X14)
                                                          0.05 *     2.24 f
  pulpino_top_i/core_region_i/CORE.RISCV_CORE/if_stage_i/hwloop_controller_i/g3756/Z (HS65_LL_OAI21X3)
                                                          0.07 *     2.31 r
  pulpino_top_i/core_region_i/CORE.RISCV_CORE/if_stage_i/hwloop_controller_i/g3754/Z (HS65_LL_OAI22X11)
                                                          0.10 *     2.41 f
  pulpino_top_i/core_region_i/CORE.RISCV_CORE/if_stage_i/hwloop_controller_i/g3744/Z (HS65_LL_NOR2AX3)
                                                          0.06 *     2.48 r
  pulpino_top_i/core_region_i/CORE.RISCV_CORE/if_stage_i/hwloop_controller_i/FE_OFC4231_hwlp_dec_cnt_1/Z (HS65_LL_BFX9)
                                                          0.29 *     2.76 r
  pulpino_top_i/core_region_i/CORE.RISCV_CORE/if_stage_i/hwloop_controller_i/g3724/Z (HS65_LL_AO22X9)
                                                          0.25 *     3.01 r
  pulpino_top_i/core_region_i/CORE.RISCV_CORE/if_stage_i/FE_PHC17200_hwlp_target_9/Z (HS65_LL_BFX2)
                                                          0.19 *     3.21 r
  pulpino_top_i/core_region_i/CORE.RISCV_CORE/if_stage_i/FE_PHC26893_hwlp_target_9/Z (HS65_LL_BFX142)
                                                          0.11 *     3.32 r
  pulpino_top_i/core_region_i/CORE.RISCV_CORE/if_stage_i/prefetch_32.prefetch_buffer_i/g5393/Z (HS65_LL_MX41X7)
                                                          0.22 *     3.54 r
  pulpino_top_i/core_region_i/instr_ram_mux_i/g271/Z (HS65_LL_AO22X35)
                                                          0.24 *     3.78 r
  pulpino_top_i/core_region_i/instr_mem/FE_PHC27701_instr_mem_addr_9/Z (HS65_LL_BFX27)
                                                          0.08 *     3.86 r
  pulpino_top_i/core_region_i/instr_mem/FE_PHC17757_instr_mem_addr_9/Z (HS65_LL_BFX27)
                                                          0.12 *     3.98 r
  pulpino_top_i/core_region_i/instr_mem/sp_ram_wrap_i/FE_OFC7212_instr_mem_addr_9/Z (HS65_LL_BFX53)
                                                          0.17 *     4.15 r
  pulpino_top_i/core_region_i/instr_mem/sp_ram_wrap_i/FE_PDC121894_FE_OFN9166_n/Z (HS65_LL_BFX27)
                                                          0.32 *     4.47 r
  pulpino_top_i/core_region_i/instr_mem/sp_ram_wrap_i/bank2_byte2/A[7] (ST_SPHDL_2048x8m8_L)
                                                          0.25 *     4.73 r
  data arrival time                                                  4.73

  clock clk (rise edge)                                   5.00       5.00
  clock network delay (ideal)                             0.00       5.00
  clock reconvergence pessimism                           0.00       5.00
  clock uncertainty                                      -0.25       4.75
  pulpino_top_i/core_region_i/instr_mem/sp_ram_wrap_i/bank2_byte2/CK (ST_SPHDL_2048x8m8_L)
                                                                     4.75 r
  library setup time                                     -0.72 *     4.03
  data required time                                                 4.03
  ------------------------------------------------------------------------------
  data required time                                                 4.03
  data arrival time                                                 -4.73
  ------------------------------------------------------------------------------
  slack (VIOLATED)                                                  -0.70


  Startpoint: pulpino_top_i/core_region_i/instr_mem_axi_if/axi_mem_if_SP_i/Slave_aw_buffer_LP/buffer_i/CS_reg[1]
               (rising edge-triggered flip-flop clocked by clk)
  Endpoint: pulpino_top_i/core_region_i/instr_mem/sp_ram_wrap_i/bank2_byte0
               (rising edge-triggered flip-flop clocked by clk)
  Path Group: clk
  Path Type: max

  Point                                                   Incr       Path
  ------------------------------------------------------------------------------
  clock clk (rise edge)                                   0.00       0.00
  clock network delay (ideal)                             0.50       0.50
  pulpino_top_i/core_region_i/instr_mem_axi_if/axi_mem_if_SP_i/Slave_aw_buffer_LP/buffer_i/CS_reg[1]/CP (HS65_LL_DFPRQX9)
                                                          0.00       0.50 r
  pulpino_top_i/core_region_i/instr_mem_axi_if/axi_mem_if_SP_i/Slave_aw_buffer_LP/buffer_i/CS_reg[1]/Q (HS65_LL_DFPRQX9)
                                                          0.16 *     0.66 r
  pulpino_top_i/core_region_i/instr_mem_axi_if/axi_mem_if_SP_i/Slave_aw_buffer_LP/buffer_i/FE_PHC15583_CS_1/Z (HS65_LL_BFX7)
                                                          0.08 *     0.74 r
  pulpino_top_i/core_region_i/instr_mem_axi_if/axi_mem_if_SP_i/Slave_aw_buffer_LP/buffer_i/g1796/Z (HS65_LLS_XOR2X6)
                                                          0.23 *     0.97 r
  pulpino_top_i/core_region_i/instr_mem_axi_if/axi_mem_if_SP_i/WRITE_CTRL/FE_OFC3013_AWVALID/Z (HS65_LL_IVX9)
                                                          0.13 *     1.09 f
  pulpino_top_i/core_region_i/instr_mem_axi_if/axi_mem_if_SP_i/WRITE_CTRL/g1145/Z (HS65_LL_AO212X4)
                                                          0.32 *     1.42 f
  pulpino_top_i/core_region_i/instr_mem_axi_if/axi_mem_if_SP_i/WRITE_CTRL/g1144/Z (HS65_LL_NOR2AX3)
                                                          0.15 *     1.57 r
  pulpino_top_i/core_region_i/instr_mem_axi_if/axi_mem_if_SP_i/g138/Z (HS65_LL_MUX21I1X6)
                                                          0.06 *     1.64 f
  pulpino_top_i/core_region_i/instr_mem_axi_if/axi_mem_if_SP_i/FE_OFC2805_grant_R/Z (HS65_LL_IVX9)
                                                          0.07 *     1.71 r
  pulpino_top_i/core_region_i/instr_mem_axi_if/axi_mem_if_SP_i/WRITE_CTRL/g2180/Z (HS65_LL_NAND2X7)
                                                          0.14 *     1.84 f
  pulpino_top_i/core_region_i/instr_mem_axi_if/axi_mem_if_SP_i/WRITE_CTRL/g2160/Z (HS65_LL_AOI12X6)
                                                          0.25 *     2.09 r
  pulpino_top_i/core_region_i/instr_mem_axi_if/axi_mem_if_SP_i/WRITE_CTRL/g2156/Z (HS65_LL_NAND2X7)
                                                          0.09 *     2.18 f
  pulpino_top_i/core_region_i/instr_mem_axi_if/axi_mem_if_SP_i/g147/Z (HS65_LL_NOR2AX3)
                                                          0.14 *     2.32 f
  pulpino_top_i/core_region_i/instr_mem_axi_if/g4/Z (HS65_LL_IVX9)
                                                          0.24 *     2.56 r
  pulpino_top_i/core_region_i/instr_ram_mux_i/FE_OFC2525_axi_instr_req/Z (HS65_LL_BFX27)
                                                          0.25 *     2.81 r
  pulpino_top_i/core_region_i/instr_ram_mux_i/FE_OFC2526_axi_instr_req/Z (HS65_LL_BFX27)
                                                          0.23 *     3.03 r
  pulpino_top_i/core_region_i/instr_ram_mux_i/g350/Z (HS65_LL_AND2X18)
                                                          0.22 *     3.25 r
  pulpino_top_i/core_region_i/instr_mem/sp_ram_wrap_i/FE_OFC2299_instr_mem_wdata_1/Z (HS65_LL_IVX9)
                                                          0.41 *     3.67 f
  pulpino_top_i/core_region_i/instr_mem/sp_ram_wrap_i/FE_OFC2300_instr_mem_wdata_1/Z (HS65_LL_CNIVX21)
                                                          0.36 *     4.02 r
  pulpino_top_i/core_region_i/instr_mem/sp_ram_wrap_i/g5452/Z (HS65_LL_NOR2AX19)
                                                          0.52 *     4.55 r
  pulpino_top_i/core_region_i/instr_mem/sp_ram_wrap_i/bank2_byte0/D[1] (ST_SPHDL_2048x8m8_L)
                                                          0.07 *     4.61 r
  data arrival time                                                  4.61

  clock clk (rise edge)                                   5.00       5.00
  clock network delay (ideal)                             0.00       5.00
  clock reconvergence pessimism                           0.00       5.00
  clock uncertainty                                      -0.25       4.75
  pulpino_top_i/core_region_i/instr_mem/sp_ram_wrap_i/bank2_byte0/CK (ST_SPHDL_2048x8m8_L)
                                                                     4.75 r
  library setup time                                     -0.83 *     3.92
  data required time                                                 3.92
  ------------------------------------------------------------------------------
  data required time                                                 3.92
  data arrival time                                                 -4.61
  ------------------------------------------------------------------------------
  slack (VIOLATED)                                                  -0.70


  Startpoint: pulpino_top_i/core_region_i/instr_mem_axi_if/axi_mem_if_SP_i/READ_CTRL/CS_reg[2]
               (rising edge-triggered flip-flop clocked by clk)
  Endpoint: pulpino_top_i/core_region_i/instr_mem/sp_ram_wrap_i/bank2_byte3
               (rising edge-triggered flip-flop clocked by clk)
  Path Group: clk
  Path Type: max

  Point                                                   Incr       Path
  ------------------------------------------------------------------------------
  clock clk (rise edge)                                   0.00       0.00
  clock network delay (ideal)                             0.50       0.50
  pulpino_top_i/core_region_i/instr_mem_axi_if/axi_mem_if_SP_i/READ_CTRL/CS_reg[2]/CP (HS65_LL_DFPRQX9)
                                                          0.00       0.50 r
  pulpino_top_i/core_region_i/instr_mem_axi_if/axi_mem_if_SP_i/READ_CTRL/CS_reg[2]/Q (HS65_LL_DFPRQX9)
                                                          0.18 *     0.68 f
  pulpino_top_i/core_region_i/instr_mem_axi_if/axi_mem_if_SP_i/READ_CTRL/FE_PHC15561_CS_2/Z (HS65_LL_BFX7)
                                                          0.09 *     0.77 f
  pulpino_top_i/core_region_i/instr_mem_axi_if/axi_mem_if_SP_i/READ_CTRL/FE_PHC35208_CS_2/Z (HS65_LL_BFX2)
                                                          0.08 *     0.85 f
  pulpino_top_i/core_region_i/instr_mem_axi_if/axi_mem_if_SP_i/READ_CTRL/g1600/Z (HS65_LL_NOR2AX3)
                                                          0.08 *     0.93 f
  pulpino_top_i/core_region_i/instr_mem_axi_if/axi_mem_if_SP_i/READ_CTRL/FE_RC_5246_0/Z (HS65_LL_NOR2AX6)
                                                          0.13 *     1.06 f
  pulpino_top_i/core_region_i/instr_mem_axi_if/axi_mem_if_SP_i/READ_CTRL/g1597/Z (HS65_LL_NAND2AX7)
                                                          0.15 *     1.21 f
  pulpino_top_i/core_region_i/instr_mem_axi_if/axi_mem_if_SP_i/READ_CTRL/g1595/Z (HS65_LL_AOI12X2)
                                                          0.20 *     1.42 r
  pulpino_top_i/core_region_i/instr_mem_axi_if/axi_mem_if_SP_i/READ_CTRL/g1593/Z (HS65_LL_AO12X9)
                                                          0.15 *     1.57 r
  pulpino_top_i/core_region_i/instr_mem_axi_if/axi_mem_if_SP_i/g138/Z (HS65_LL_MUX21I1X6)
                                                          0.09 *     1.65 r
  pulpino_top_i/core_region_i/instr_mem_axi_if/axi_mem_if_SP_i/FE_OFC2805_grant_R/Z (HS65_LL_IVX9)
                                                          0.06 *     1.71 f
  pulpino_top_i/core_region_i/instr_mem_axi_if/axi_mem_if_SP_i/WRITE_CTRL/g2180/Z (HS65_LL_NAND2X7)
                                                          0.11 *     1.83 r
  pulpino_top_i/core_region_i/instr_mem_axi_if/axi_mem_if_SP_i/WRITE_CTRL/g2160/Z (HS65_LL_AOI12X6)
                                                          0.17 *     1.99 f
  pulpino_top_i/core_region_i/instr_mem_axi_if/axi_mem_if_SP_i/WRITE_CTRL/g2156/Z (HS65_LL_NAND2X7)
                                                          0.08 *     2.07 r
  pulpino_top_i/core_region_i/instr_mem_axi_if/axi_mem_if_SP_i/g147/Z (HS65_LL_NOR2AX3)
                                                          0.20 *     2.27 r
  pulpino_top_i/core_region_i/instr_mem_axi_if/g4/Z (HS65_LL_IVX9)
                                                          0.23 *     2.50 f
  pulpino_top_i/core_region_i/instr_ram_mux_i/FE_OFC2525_axi_instr_req/Z (HS65_LL_BFX27)
                                                          0.22 *     2.72 f
  pulpino_top_i/core_region_i/instr_ram_mux_i/FE_OFC2527_axi_instr_req/Z (HS65_LL_IVX9)
                                                          0.33 *     3.04 r
  pulpino_top_i/core_region_i/instr_ram_mux_i/g326/Z (HS65_LL_OR2X18)
                                                          0.36 *     3.40 r
  pulpino_top_i/core_region_i/instr_mem/sp_ram_wrap_i/FE_OFC1611_instr_mem_be_3/Z (HS65_LL_BFX27)
                                                          0.35 *     3.75 r
  pulpino_top_i/core_region_i/instr_mem/sp_ram_wrap_i/g5580/Z (HS65_LL_OR2ABX35)
                                                          0.37 *     4.12 f
  pulpino_top_i/core_region_i/instr_mem/sp_ram_wrap_i/g5499/Z (HS65_LL_NOR2AX13)
                                                          0.41 *     4.53 r
  pulpino_top_i/core_region_i/instr_mem/sp_ram_wrap_i/bank2_byte3/D[1] (ST_SPHDL_2048x8m8_L)
                                                          0.03 *     4.57 r
  data arrival time                                                  4.57

  clock clk (rise edge)                                   5.00       5.00
  clock network delay (ideal)                             0.00       5.00
  clock reconvergence pessimism                           0.00       5.00
  clock uncertainty                                      -0.25       4.75
  pulpino_top_i/core_region_i/instr_mem/sp_ram_wrap_i/bank2_byte3/CK (ST_SPHDL_2048x8m8_L)
                                                                     4.75 r
  library setup time                                     -0.85 *     3.90
  data required time                                                 3.90
  ------------------------------------------------------------------------------
  data required time                                                 3.90
  data arrival time                                                 -4.57
  ------------------------------------------------------------------------------
  slack (VIOLATED)                                                  -0.67


  Startpoint: pulpino_top_i/core_region_i/CORE.RISCV_CORE/id_stage_i/hwloop_regs_i/hwlp_counter_q_reg[0][23]
               (rising edge-triggered flip-flop clocked by clk)
  Endpoint: pulpino_top_i/core_region_i/instr_mem/sp_ram_wrap_i/bank2_byte3
               (rising edge-triggered flip-flop clocked by clk)
  Path Group: clk
  Path Type: max

  Point                                                   Incr       Path
  ------------------------------------------------------------------------------
  clock clk (rise edge)                                   0.00       0.00
  clock network delay (ideal)                             0.50       0.50
  pulpino_top_i/core_region_i/CORE.RISCV_CORE/id_stage_i/hwloop_regs_i/hwlp_counter_q_reg[0][23]/CP (HS65_LL_DFPRQX9)
                                                          0.00       0.50 r
  pulpino_top_i/core_region_i/CORE.RISCV_CORE/id_stage_i/hwloop_regs_i/hwlp_counter_q_reg[0][23]/Q (HS65_LL_DFPRQX9)
                                                          0.18 *     0.68 f
  pulpino_top_i/core_region_i/CORE.RISCV_CORE/id_stage_i/hwloop_regs_i/FE_PHC25587_FE_RN_211/Z (HS65_LL_BFX18)
                                                          0.06 *     0.74 f
  pulpino_top_i/core_region_i/CORE.RISCV_CORE/id_stage_i/hwloop_regs_i/FE_PHC14968_hwlp_cnt_0_23/Z (HS65_LL_BFX7)
                                                          0.09 *     0.83 f
  pulpino_top_i/core_region_i/CORE.RISCV_CORE/if_stage_i/hwloop_controller_i/g3796/Z (HS65_LL_NOR4X4)
                                                          0.21 *     1.03 r
  pulpino_top_i/core_region_i/CORE.RISCV_CORE/if_stage_i/hwloop_controller_i/g3790/Z (HS65_LL_NOR4ABX4)
                                                          0.20 *     1.23 r
  pulpino_top_i/core_region_i/CORE.RISCV_CORE/if_stage_i/hwloop_controller_i/g3772/Z (HS65_LL_NAND4ABX3)
                                                          0.31 *     1.54 f
  pulpino_top_i/core_region_i/CORE.RISCV_CORE/if_stage_i/hwloop_controller_i/g3766/Z (HS65_LL_NOR3X4)
                                                          0.31 *     1.85 r
  pulpino_top_i/core_region_i/CORE.RISCV_CORE/if_stage_i/hwloop_controller_i/g3761/Z (HS65_LL_NAND3X5)
                                                          0.21 *     2.06 f
  pulpino_top_i/core_region_i/CORE.RISCV_CORE/if_stage_i/hwloop_controller_i/g3759/Z (HS65_LL_NOR3X9)
                                                          0.13 *     2.19 r
  pulpino_top_i/core_region_i/CORE.RISCV_CORE/if_stage_i/hwloop_controller_i/g3757/Z (HS65_LL_NAND2X14)
                                                          0.05 *     2.24 f
  pulpino_top_i/core_region_i/CORE.RISCV_CORE/if_stage_i/hwloop_controller_i/g3756/Z (HS65_LL_OAI21X3)
                                                          0.07 *     2.31 r
  pulpino_top_i/core_region_i/CORE.RISCV_CORE/if_stage_i/hwloop_controller_i/g3754/Z (HS65_LL_OAI22X11)
                                                          0.10 *     2.41 f
  pulpino_top_i/core_region_i/CORE.RISCV_CORE/if_stage_i/hwloop_controller_i/g3744/Z (HS65_LL_NOR2AX3)
                                                          0.06 *     2.48 r
  pulpino_top_i/core_region_i/CORE.RISCV_CORE/if_stage_i/hwloop_controller_i/FE_OFC4231_hwlp_dec_cnt_1/Z (HS65_LL_BFX9)
                                                          0.29 *     2.76 r
  pulpino_top_i/core_region_i/CORE.RISCV_CORE/if_stage_i/hwloop_controller_i/g3724/Z (HS65_LL_AO22X9)
                                                          0.25 *     3.01 r
  pulpino_top_i/core_region_i/CORE.RISCV_CORE/if_stage_i/FE_PHC17200_hwlp_target_9/Z (HS65_LL_BFX2)
                                                          0.19 *     3.21 r
  pulpino_top_i/core_region_i/CORE.RISCV_CORE/if_stage_i/FE_PHC26893_hwlp_target_9/Z (HS65_LL_BFX142)
                                                          0.11 *     3.32 r
  pulpino_top_i/core_region_i/CORE.RISCV_CORE/if_stage_i/prefetch_32.prefetch_buffer_i/g5393/Z (HS65_LL_MX41X7)
                                                          0.22 *     3.54 r
  pulpino_top_i/core_region_i/instr_ram_mux_i/g271/Z (HS65_LL_AO22X35)
                                                          0.24 *     3.78 r
  pulpino_top_i/core_region_i/instr_mem/FE_PHC27701_instr_mem_addr_9/Z (HS65_LL_BFX27)
                                                          0.08 *     3.86 r
  pulpino_top_i/core_region_i/instr_mem/FE_PHC17757_instr_mem_addr_9/Z (HS65_LL_BFX27)
                                                          0.12 *     3.98 r
  pulpino_top_i/core_region_i/instr_mem/sp_ram_wrap_i/FE_OFC7212_instr_mem_addr_9/Z (HS65_LL_BFX53)
                                                          0.17 *     4.15 r
  pulpino_top_i/core_region_i/instr_mem/sp_ram_wrap_i/FE_PDC121894_FE_OFN9166_n/Z (HS65_LL_BFX27)
                                                          0.32 *     4.47 r
  pulpino_top_i/core_region_i/instr_mem/sp_ram_wrap_i/bank2_byte3/A[7] (ST_SPHDL_2048x8m8_L)
                                                          0.22 *     4.69 r
  data arrival time                                                  4.69

  clock clk (rise edge)                                   5.00       5.00
  clock network delay (ideal)                             0.00       5.00
  clock reconvergence pessimism                           0.00       5.00
  clock uncertainty                                      -0.25       4.75
  pulpino_top_i/core_region_i/instr_mem/sp_ram_wrap_i/bank2_byte3/CK (ST_SPHDL_2048x8m8_L)
                                                                     4.75 r
  library setup time                                     -0.72 *     4.03
  data required time                                                 4.03
  ------------------------------------------------------------------------------
  data required time                                                 4.03
  data arrival time                                                 -4.69
  ------------------------------------------------------------------------------
  slack (VIOLATED)                                                  -0.66


  Startpoint: pulpino_top_i/core_region_i/data_mem_axi_if/axi_mem_if_SP_i/READ_CTRL/CS_reg[0]
               (rising edge-triggered flip-flop clocked by clk)
  Endpoint: pulpino_top_i/core_region_i/data_mem/bank3_byte2
               (rising edge-triggered flip-flop clocked by clk)
  Path Group: clk
  Path Type: max

  Point                                                   Incr       Path
  ------------------------------------------------------------------------------
  clock clk (rise edge)                                   0.00       0.00
  clock network delay (ideal)                             0.50       0.50
  pulpino_top_i/core_region_i/data_mem_axi_if/axi_mem_if_SP_i/READ_CTRL/CS_reg[0]/CP (HS65_LL_DFPRQX9)
                                                          0.00       0.50 r
  pulpino_top_i/core_region_i/data_mem_axi_if/axi_mem_if_SP_i/READ_CTRL/CS_reg[0]/Q (HS65_LL_DFPRQX9)
                                                          0.16 *     0.66 r
  pulpino_top_i/core_region_i/data_mem_axi_if/axi_mem_if_SP_i/READ_CTRL/FE_PHC15395_CS_0/Z (HS65_LL_BFX2)
                                                          0.21 *     0.87 r
  pulpino_top_i/core_region_i/data_mem_axi_if/axi_mem_if_SP_i/READ_CTRL/g1593/Z (HS65_LL_NAND2AX7)
                                                          0.20 *     1.07 r
  pulpino_top_i/core_region_i/data_mem_axi_if/axi_mem_if_SP_i/READ_CTRL/g1589/Z (HS65_LL_NAND2AX7)
                                                          0.20 *     1.27 f
  pulpino_top_i/core_region_i/data_mem_axi_if/axi_mem_if_SP_i/READ_CTRL/g1587/Z (HS65_LL_AOI12X2)
                                                          0.22 *     1.49 r
  pulpino_top_i/core_region_i/data_mem_axi_if/axi_mem_if_SP_i/READ_CTRL/g1585/Z (HS65_LL_AO12X9)
                                                          0.14 *     1.64 r
  pulpino_top_i/core_region_i/data_mem_axi_if/axi_mem_if_SP_i/g138/Z (HS65_LL_MUX21I1X6)
                                                          0.09 *     1.73 r
  pulpino_top_i/core_region_i/data_mem_axi_if/axi_mem_if_SP_i/FE_OFC3004_grant_R/Z (HS65_LL_IVX9)
                                                          0.07 *     1.79 f
  pulpino_top_i/core_region_i/data_mem_axi_if/axi_mem_if_SP_i/WRITE_CTRL/g2002/Z (HS65_LL_AND2X4)
                                                          0.18 *     1.97 f
  pulpino_top_i/core_region_i/data_mem_axi_if/axi_mem_if_SP_i/WRITE_CTRL/g1994/Z (HS65_LL_NAND2AX7)
                                                          0.19 *     2.16 f
  pulpino_top_i/core_region_i/data_mem_axi_if/axi_mem_if_SP_i/WRITE_CTRL/g1980/Z (HS65_LL_NAND3X5)
                                                          0.08 *     2.24 r
  pulpino_top_i/core_region_i/data_mem_axi_if/axi_mem_if_SP_i/g438/Z (HS65_LL_AND2X4)
                                                          0.09 *     2.33 r
  pulpino_top_i/core_region_i/data_mem_axi_if/axi_mem_if_SP_i/FE_PHC16427_cen/Z (HS65_LL_BFX4)
                                                          0.09 *     2.42 r
  pulpino_top_i/core_region_i/data_mem_axi_if/g3/Z (HS65_LL_IVX18)
                                                          0.10 *     2.52 f
  pulpino_top_i/core_region_i/data_ram_mux_i/FE_OFC4780_axi_mem_req/Z (HS65_LL_CNIVX48)
                                                          0.12 *     2.64 r
  pulpino_top_i/core_region_i/data_ram_mux_i/FE_OFC2524_axi_mem_req/Z (HS65_LL_BFX9)
                                                          0.25 *     2.89 r
  pulpino_top_i/core_region_i/data_ram_mux_i/FE_OFC1604_FE_DBTN11_axi_mem_req/Z (HS65_LL_BFX9)
                                                          0.31 *     3.20 r
  pulpino_top_i/core_region_i/data_ram_mux_i/g684/Z (HS65_LL_AO22X9)
                                                          0.37 *     3.57 r
  pulpino_top_i/core_region_i/data_mem/FE_OFC1853_data_mem_wdata_20/Z (HS65_LL_BFX27)
                                                          0.33 *     3.90 r
  pulpino_top_i/core_region_i/data_mem/g5449/Z (HS65_LL_NOR2AX19)
                                                          0.64 *     4.54 r
  pulpino_top_i/core_region_i/data_mem/bank3_byte2/D[4] (ST_SPHDL_2048x8m8_L)
                                                          0.04 *     4.57 r
  data arrival time                                                  4.57

  clock clk (rise edge)                                   5.00       5.00
  clock network delay (ideal)                             0.00       5.00
  clock reconvergence pessimism                           0.00       5.00
  clock uncertainty                                      -0.25       4.75
  pulpino_top_i/core_region_i/data_mem/bank3_byte2/CK (ST_SPHDL_2048x8m8_L)
                                                                     4.75 r
  library setup time                                     -0.79 *     3.96
  data required time                                                 3.96
  ------------------------------------------------------------------------------
  data required time                                                 3.96
  data arrival time                                                 -4.57
  ------------------------------------------------------------------------------
  slack (VIOLATED)                                                  -0.61


  Startpoint: pulpino_top_i/core_region_i/data_mem_axi_if/axi_mem_if_SP_i/READ_CTRL/CS_reg[0]
               (rising edge-triggered flip-flop clocked by clk)
  Endpoint: pulpino_top_i/core_region_i/data_mem/bank3_byte2
               (rising edge-triggered flip-flop clocked by clk)
  Path Group: clk
  Path Type: max

  Point                                                   Incr       Path
  ------------------------------------------------------------------------------
  clock clk (rise edge)                                   0.00       0.00
  clock network delay (ideal)                             0.50       0.50
  pulpino_top_i/core_region_i/data_mem_axi_if/axi_mem_if_SP_i/READ_CTRL/CS_reg[0]/CP (HS65_LL_DFPRQX9)
                                                          0.00       0.50 r
  pulpino_top_i/core_region_i/data_mem_axi_if/axi_mem_if_SP_i/READ_CTRL/CS_reg[0]/Q (HS65_LL_DFPRQX9)
                                                          0.16 *     0.66 r
  pulpino_top_i/core_region_i/data_mem_axi_if/axi_mem_if_SP_i/READ_CTRL/FE_PHC15395_CS_0/Z (HS65_LL_BFX2)
                                                          0.21 *     0.87 r
  pulpino_top_i/core_region_i/data_mem_axi_if/axi_mem_if_SP_i/READ_CTRL/g1593/Z (HS65_LL_NAND2AX7)
                                                          0.20 *     1.07 r
  pulpino_top_i/core_region_i/data_mem_axi_if/axi_mem_if_SP_i/READ_CTRL/g1589/Z (HS65_LL_NAND2AX7)
                                                          0.20 *     1.27 f
  pulpino_top_i/core_region_i/data_mem_axi_if/axi_mem_if_SP_i/READ_CTRL/g1587/Z (HS65_LL_AOI12X2)
                                                          0.22 *     1.49 r
  pulpino_top_i/core_region_i/data_mem_axi_if/axi_mem_if_SP_i/READ_CTRL/g1585/Z (HS65_LL_AO12X9)
                                                          0.14 *     1.64 r
  pulpino_top_i/core_region_i/data_mem_axi_if/axi_mem_if_SP_i/g138/Z (HS65_LL_MUX21I1X6)
                                                          0.09 *     1.73 r
  pulpino_top_i/core_region_i/data_mem_axi_if/axi_mem_if_SP_i/FE_OFC3004_grant_R/Z (HS65_LL_IVX9)
                                                          0.07 *     1.79 f
  pulpino_top_i/core_region_i/data_mem_axi_if/axi_mem_if_SP_i/WRITE_CTRL/g2002/Z (HS65_LL_AND2X4)
                                                          0.18 *     1.97 f
  pulpino_top_i/core_region_i/data_mem_axi_if/axi_mem_if_SP_i/WRITE_CTRL/g1994/Z (HS65_LL_NAND2AX7)
                                                          0.19 *     2.16 f
  pulpino_top_i/core_region_i/data_mem_axi_if/axi_mem_if_SP_i/WRITE_CTRL/g1980/Z (HS65_LL_NAND3X5)
                                                          0.08 *     2.24 r
  pulpino_top_i/core_region_i/data_mem_axi_if/axi_mem_if_SP_i/g438/Z (HS65_LL_AND2X4)
                                                          0.09 *     2.33 r
  pulpino_top_i/core_region_i/data_mem_axi_if/axi_mem_if_SP_i/FE_PHC16427_cen/Z (HS65_LL_BFX4)
                                                          0.09 *     2.42 r
  pulpino_top_i/core_region_i/data_mem_axi_if/g3/Z (HS65_LL_IVX18)
                                                          0.10 *     2.52 f
  pulpino_top_i/core_region_i/data_ram_mux_i/FE_OFC4780_axi_mem_req/Z (HS65_LL_CNIVX48)
                                                          0.12 *     2.64 r
  pulpino_top_i/core_region_i/data_ram_mux_i/FE_OFC2524_axi_mem_req/Z (HS65_LL_BFX9)
                                                          0.25 *     2.89 r
  pulpino_top_i/core_region_i/data_ram_mux_i/g688/Z (HS65_LL_AO22X9)
                                                          0.32 *     3.21 r
  pulpino_top_i/core_region_i/data_mem/FE_OFC2267_data_mem_be_2/Z (HS65_LL_BFX35)
                                                          0.18 *     3.39 r
  pulpino_top_i/core_region_i/data_mem/g5607/Z (HS65_LL_OR2ABX18)
                                                          0.62 *     4.01 f
  pulpino_top_i/core_region_i/data_mem/g5525/Z (HS65_LL_NOR2AX13)
                                                          0.47 *     4.48 r
  pulpino_top_i/core_region_i/data_mem/bank3_byte2/D[2] (ST_SPHDL_2048x8m8_L)
                                                          0.03 *     4.51 r
  data arrival time                                                  4.51

  clock clk (rise edge)                                   5.00       5.00
  clock network delay (ideal)                             0.00       5.00
  clock reconvergence pessimism                           0.00       5.00
  clock uncertainty                                      -0.25       4.75
  pulpino_top_i/core_region_i/data_mem/bank3_byte2/CK (ST_SPHDL_2048x8m8_L)
                                                                     4.75 r
  library setup time                                     -0.84 *     3.91
  data required time                                                 3.91
  ------------------------------------------------------------------------------
  data required time                                                 3.91
  data arrival time                                                 -4.51
  ------------------------------------------------------------------------------
  slack (VIOLATED)                                                  -0.61


  Startpoint: pulpino_top_i/core_region_i/CORE.RISCV_CORE/id_stage_i/hwloop_regs_i/hwlp_counter_q_reg[0][23]
               (rising edge-triggered flip-flop clocked by clk)
  Endpoint: pulpino_top_i/core_region_i/instr_mem/sp_ram_wrap_i/bank3_byte0
               (rising edge-triggered flip-flop clocked by clk)
  Path Group: clk
  Path Type: max

  Point                                                   Incr       Path
  ------------------------------------------------------------------------------
  clock clk (rise edge)                                   0.00       0.00
  clock network delay (ideal)                             0.50       0.50
  pulpino_top_i/core_region_i/CORE.RISCV_CORE/id_stage_i/hwloop_regs_i/hwlp_counter_q_reg[0][23]/CP (HS65_LL_DFPRQX9)
                                                          0.00       0.50 r
  pulpino_top_i/core_region_i/CORE.RISCV_CORE/id_stage_i/hwloop_regs_i/hwlp_counter_q_reg[0][23]/Q (HS65_LL_DFPRQX9)
                                                          0.18 *     0.68 f
  pulpino_top_i/core_region_i/CORE.RISCV_CORE/id_stage_i/hwloop_regs_i/FE_PHC25587_FE_RN_211/Z (HS65_LL_BFX18)
                                                          0.06 *     0.74 f
  pulpino_top_i/core_region_i/CORE.RISCV_CORE/id_stage_i/hwloop_regs_i/FE_PHC14968_hwlp_cnt_0_23/Z (HS65_LL_BFX7)
                                                          0.09 *     0.83 f
  pulpino_top_i/core_region_i/CORE.RISCV_CORE/if_stage_i/hwloop_controller_i/g3796/Z (HS65_LL_NOR4X4)
                                                          0.21 *     1.03 r
  pulpino_top_i/core_region_i/CORE.RISCV_CORE/if_stage_i/hwloop_controller_i/g3790/Z (HS65_LL_NOR4ABX4)
                                                          0.20 *     1.23 r
  pulpino_top_i/core_region_i/CORE.RISCV_CORE/if_stage_i/hwloop_controller_i/g3772/Z (HS65_LL_NAND4ABX3)
                                                          0.31 *     1.54 f
  pulpino_top_i/core_region_i/CORE.RISCV_CORE/if_stage_i/hwloop_controller_i/g3766/Z (HS65_LL_NOR3X4)
                                                          0.31 *     1.85 r
  pulpino_top_i/core_region_i/CORE.RISCV_CORE/if_stage_i/hwloop_controller_i/g3761/Z (HS65_LL_NAND3X5)
                                                          0.21 *     2.06 f
  pulpino_top_i/core_region_i/CORE.RISCV_CORE/if_stage_i/hwloop_controller_i/g3759/Z (HS65_LL_NOR3X9)
                                                          0.13 *     2.19 r
  pulpino_top_i/core_region_i/CORE.RISCV_CORE/if_stage_i/hwloop_controller_i/g3757/Z (HS65_LL_NAND2X14)
                                                          0.05 *     2.24 f
  pulpino_top_i/core_region_i/CORE.RISCV_CORE/if_stage_i/hwloop_controller_i/g3756/Z (HS65_LL_OAI21X3)
                                                          0.07 *     2.31 r
  pulpino_top_i/core_region_i/CORE.RISCV_CORE/if_stage_i/hwloop_controller_i/g3754/Z (HS65_LL_OAI22X11)
                                                          0.10 *     2.41 f
  pulpino_top_i/core_region_i/CORE.RISCV_CORE/if_stage_i/hwloop_controller_i/g3744/Z (HS65_LL_NOR2AX3)
                                                          0.06 *     2.48 r
  pulpino_top_i/core_region_i/CORE.RISCV_CORE/if_stage_i/hwloop_controller_i/FE_OFC4231_hwlp_dec_cnt_1/Z (HS65_LL_BFX9)
                                                          0.29 *     2.76 r
  pulpino_top_i/core_region_i/CORE.RISCV_CORE/if_stage_i/hwloop_controller_i/g3724/Z (HS65_LL_AO22X9)
                                                          0.25 *     3.01 r
  pulpino_top_i/core_region_i/CORE.RISCV_CORE/if_stage_i/FE_PHC17200_hwlp_target_9/Z (HS65_LL_BFX2)
                                                          0.19 *     3.21 r
  pulpino_top_i/core_region_i/CORE.RISCV_CORE/if_stage_i/FE_PHC26893_hwlp_target_9/Z (HS65_LL_BFX142)
                                                          0.11 *     3.32 r
  pulpino_top_i/core_region_i/CORE.RISCV_CORE/if_stage_i/prefetch_32.prefetch_buffer_i/g5393/Z (HS65_LL_MX41X7)
                                                          0.22 *     3.54 r
  pulpino_top_i/core_region_i/instr_ram_mux_i/g271/Z (HS65_LL_AO22X35)
                                                          0.24 *     3.78 r
  pulpino_top_i/core_region_i/instr_mem/FE_PHC27701_instr_mem_addr_9/Z (HS65_LL_BFX27)
                                                          0.08 *     3.86 r
  pulpino_top_i/core_region_i/instr_mem/FE_PHC17757_instr_mem_addr_9/Z (HS65_LL_BFX27)
                                                          0.12 *     3.98 r
  pulpino_top_i/core_region_i/instr_mem/sp_ram_wrap_i/FE_OFC7212_instr_mem_addr_9/Z (HS65_LL_BFX53)
                                                          0.17 *     4.15 r
  pulpino_top_i/core_region_i/instr_mem/sp_ram_wrap_i/FE_PDC121894_FE_OFN9166_n/Z (HS65_LL_BFX27)
                                                          0.32 *     4.47 r
  pulpino_top_i/core_region_i/instr_mem/sp_ram_wrap_i/bank3_byte0/A[7] (ST_SPHDL_2048x8m8_L)
                                                          0.18 *     4.65 r
  data arrival time                                                  4.65

  clock clk (rise edge)                                   5.00       5.00
  clock network delay (ideal)                             0.00       5.00
  clock reconvergence pessimism                           0.00       5.00
  clock uncertainty                                      -0.25       4.75
  pulpino_top_i/core_region_i/instr_mem/sp_ram_wrap_i/bank3_byte0/CK (ST_SPHDL_2048x8m8_L)
                                                                     4.75 r
  library setup time                                     -0.71 *     4.04
  data required time                                                 4.04
  ------------------------------------------------------------------------------
  data required time                                                 4.04
  data arrival time                                                 -4.65
  ------------------------------------------------------------------------------
  slack (VIOLATED)                                                  -0.61

Warning: report_timing has satisfied the max_paths criteria. There are 4045 further endpoints which have paths of interest with slack less than     0.00 that were not considered when generating this report. (UITE-502)

1
