****************************************
Report : timing
	-path_type full
	-delay_type min
	-slack_lesser_than 0.00
	-max_paths 10
	-sort_by slack
Design : pulpino_padstop
Version: O-2018.06-SP5
Date   : Mon May 26 21:34:43 2025
****************************************


  Startpoint: pulpino_top_i/peripherals_i/axi_spi_slave_i/axi_spi_slave_i/u_slave_sm/state_reg[2]
               (rising edge-triggered flip-flop clocked by spi_clk)
  Endpoint: spi_mode_o[0]
               (output port clocked by spi_clk)
  Path Group: spi_clk
  Path Type: min

  Point                                                   Incr       Path
  ------------------------------------------------------------------------------
  clock spi_clk (rise edge)                               0.00       0.00
  clock network delay (ideal)                             0.00       0.00
  pulpino_top_i/peripherals_i/axi_spi_slave_i/axi_spi_slave_i/u_slave_sm/state_reg[2]/CP (HS65_LL_DFPRQNX4)
                                                          0.00       0.00 r
  pulpino_top_i/peripherals_i/axi_spi_slave_i/axi_spi_slave_i/u_slave_sm/state_reg[2]/QN (HS65_LL_DFPRQNX4)
                                                          0.30 *     0.30 f
  pulpino_top_i/peripherals_i/axi_spi_slave_i/axi_spi_slave_i/u_slave_sm/g618/Z (HS65_LL_NAND2X7)
                                                          0.16 *     0.47 r
  FE_OFC3711_spi_mode_internal_0/Z (HS65_LL_CNIVX21)      0.21 *     0.68 f
  FE_OFC3712_spi_mode_internal_0/Z (HS65_LL_CNIVX41)      0.26 *     0.94 r
  spi_mode_pad0/PADIO (CPAD_S_74x50u_OUT)                 0.75 *     1.68 r
  spi_mode_o[0] (out)                                     0.00 *     1.68 r
  data arrival time                                                  1.68

  clock spi_clk (rise edge)                               0.00       0.00
  clock network delay (ideal)                             5.00       5.00
  clock reconvergence pessimism                          -2.50       2.50
  clock uncertainty                                       2.50       5.00
  output external delay                                  -2.50       2.50
  data required time                                                 2.50
  ------------------------------------------------------------------------------
  data required time                                                 2.50
  data arrival time                                                 -1.68
  ------------------------------------------------------------------------------
  slack (VIOLATED)                                                  -0.82


  Startpoint: pulpino_top_i/peripherals_i/apb_pulpino_i/clk_gate_q_reg[4]
               (rising edge-triggered flip-flop clocked by clk)
  Endpoint: pulpino_top_i/peripherals_i/genblk1[4].core_clock_gate/clk_en_reg
               (negative level-sensitive latch clocked by clk)
  Path Group: clk
  Path Type: min

  Point                                                   Incr       Path
  ------------------------------------------------------------------------------
  clock clk (rise edge)                                   5.00       5.00
  clock network delay (ideal)                             0.00       5.00
  pulpino_top_i/peripherals_i/apb_pulpino_i/clk_gate_q_reg[4]/CP (HS65_LL_SDFPSQTX9)
                                                          0.00       5.00 r
  pulpino_top_i/peripherals_i/apb_pulpino_i/clk_gate_q_reg[4]/Q (HS65_LL_SDFPSQTX9)
                                                          0.35 *     5.35 f
  pulpino_top_i/peripherals_i/genblk1[4].core_clock_gate/clk_en_reg/D (HS65_LL_LDLQX9)
                                                          0.05 *     5.40 f
  data arrival time                                                  5.40

  clock clk (rise edge)                                   5.00       5.00
  clock network delay (ideal)                             0.50       5.50
  clock reconvergence pessimism                           0.00       5.50
  clock uncertainty                                       0.25       5.75
  pulpino_top_i/peripherals_i/genblk1[4].core_clock_gate/clk_en_reg/GN (HS65_LL_LDLQX9)
                                                                     5.75 r
  library hold time                                      -0.08 *     5.67
  data required time                                                 5.67
  ------------------------------------------------------------------------------
  data required time                                                 5.67
  data arrival time                                                 -5.40
  ------------------------------------------------------------------------------
  slack (VIOLATED)                                                  -0.27


  Startpoint: pulpino_top_i/core_region_i/CORE.RISCV_CORE/debug_unit_i/jump_req_q_reg
               (rising edge-triggered flip-flop clocked by clk)
  Endpoint: pulpino_top_i/core_region_i/CORE.RISCV_CORE/core_clock_gate_i/clk_en_reg
               (negative level-sensitive latch clocked by clk)
  Path Group: clk
  Path Type: min

  Point                                                   Incr       Path
  ------------------------------------------------------------------------------
  clock clk (rise edge)                                   5.00       5.00
  clock network delay (ideal)                             0.00       5.00
  pulpino_top_i/core_region_i/CORE.RISCV_CORE/debug_unit_i/jump_req_q_reg/CP (HS65_LL_DFPRQX9)
                                                          0.00       5.00 r
  pulpino_top_i/core_region_i/CORE.RISCV_CORE/debug_unit_i/jump_req_q_reg/Q (HS65_LL_DFPRQX9)
                                                          0.18 *     5.18 r
  pulpino_top_i/core_region_i/CORE.RISCV_CORE/g815/Z (HS65_LL_NOR4X4)
                                                          0.12 *     5.30 f
  pulpino_top_i/core_region_i/CORE.RISCV_CORE/g808/Z (HS65_LL_NAND4ABX3)
                                                          0.15 *     5.45 r
  pulpino_top_i/core_region_i/CORE.RISCV_CORE/core_clock_gate_i/clk_en_reg/D (HS65_LL_LDLQX9)
                                                          0.00 *     5.45 r
  data arrival time                                                  5.45

  clock clk (rise edge)                                   5.00       5.00
  clock network delay (ideal)                             0.50       5.50
  clock reconvergence pessimism                           0.00       5.50
  clock uncertainty                                       0.25       5.75
  pulpino_top_i/core_region_i/CORE.RISCV_CORE/core_clock_gate_i/clk_en_reg/GN (HS65_LL_LDLQX9)
                                                                     5.75 r
  library hold time                                      -0.07 *     5.68
  data required time                                                 5.68
  ------------------------------------------------------------------------------
  data required time                                                 5.68
  data arrival time                                                 -5.45
  ------------------------------------------------------------------------------
  slack (VIOLATED)                                                  -0.23


  Startpoint: pulpino_top_i/core_region_i/data_mem/bank2_byte3
               (rising edge-triggered flip-flop clocked by clk)
  Endpoint: pulpino_top_i/core_region_i/data_mem_axi_if/axi_mem_if_SP_i/READ_CTRL/RDATA_REG_reg[30]
               (rising edge-triggered flip-flop clocked by clk)
  Path Group: clk
  Path Type: min

  Point                                                   Incr       Path
  ------------------------------------------------------------------------------
  clock clk (rise edge)                                   0.00       0.00
  clock network delay (ideal)                             0.00       0.00
  pulpino_top_i/core_region_i/data_mem/bank2_byte3/CK (ST_SPHDL_2048x8m8_L)
                                                          0.00       0.00 r
  pulpino_top_i/core_region_i/data_mem/bank2_byte3/Q[6] (ST_SPHDL_2048x8m8_L)
                                                          0.51       0.51 r
  pulpino_top_i/core_region_i/data_mem/g1487/Z (HS65_LL_MX41X29)
                                                          0.09 *     0.60 r
  pulpino_top_i/core_region_i/data_mem_axi_if/axi_mem_if_SP_i/READ_CTRL/RDATA_REG_reg[30]/D (HS65_LL_SDFPRQX9)
                                                          0.00 *     0.60 r
  data arrival time                                                  0.60

  clock clk (rise edge)                                   0.00       0.00
  clock network delay (ideal)                             0.50       0.50
  clock reconvergence pessimism                           0.00       0.50
  clock uncertainty                                       0.25       0.75
  pulpino_top_i/core_region_i/data_mem_axi_if/axi_mem_if_SP_i/READ_CTRL/RDATA_REG_reg[30]/CP (HS65_LL_SDFPRQX9)
                                                                     0.75 r
  library hold time                                      -0.04 *     0.71
  data required time                                                 0.71
  ------------------------------------------------------------------------------
  data required time                                                 0.71
  data arrival time                                                 -0.60
  ------------------------------------------------------------------------------
  slack (VIOLATED)                                                  -0.11


  Startpoint: pulpino_top_i/core_region_i/data_mem/bank2_byte3
               (rising edge-triggered flip-flop clocked by clk)
  Endpoint: pulpino_top_i/core_region_i/data_mem_axi_if/axi_mem_if_SP_i/READ_CTRL/RDATA_REG_reg[29]
               (rising edge-triggered flip-flop clocked by clk)
  Path Group: clk
  Path Type: min

  Point                                                   Incr       Path
  ------------------------------------------------------------------------------
  clock clk (rise edge)                                   0.00       0.00
  clock network delay (ideal)                             0.00       0.00
  pulpino_top_i/core_region_i/data_mem/bank2_byte3/CK (ST_SPHDL_2048x8m8_L)
                                                          0.00       0.00 r
  pulpino_top_i/core_region_i/data_mem/bank2_byte3/Q[5] (ST_SPHDL_2048x8m8_L)
                                                          0.51       0.51 r
  pulpino_top_i/core_region_i/data_mem/g1488/Z (HS65_LL_MX41X29)
                                                          0.09 *     0.60 r
  pulpino_top_i/core_region_i/data_mem_axi_if/axi_mem_if_SP_i/READ_CTRL/RDATA_REG_reg[29]/D (HS65_LL_SDFPRQX9)
                                                          0.00 *     0.60 r
  data arrival time                                                  0.60

  clock clk (rise edge)                                   0.00       0.00
  clock network delay (ideal)                             0.50       0.50
  clock reconvergence pessimism                           0.00       0.50
  clock uncertainty                                       0.25       0.75
  pulpino_top_i/core_region_i/data_mem_axi_if/axi_mem_if_SP_i/READ_CTRL/RDATA_REG_reg[29]/CP (HS65_LL_SDFPRQX9)
                                                                     0.75 r
  library hold time                                      -0.04 *     0.71
  data required time                                                 0.71
  ------------------------------------------------------------------------------
  data required time                                                 0.71
  data arrival time                                                 -0.60
  ------------------------------------------------------------------------------
  slack (VIOLATED)                                                  -0.11


  Startpoint: pulpino_top_i/peripherals_i/apb_pulpino_i/clk_gate_q_reg[0]
               (rising edge-triggered flip-flop clocked by clk)
  Endpoint: pulpino_top_i/peripherals_i/genblk1[0].core_clock_gate/clk_en_reg
               (negative level-sensitive latch clocked by clk)
  Path Group: clk
  Path Type: min

  Point                                                   Incr       Path
  ------------------------------------------------------------------------------
  clock clk (rise edge)                                   5.00       5.00
  clock network delay (ideal)                             0.00       5.00
  pulpino_top_i/peripherals_i/apb_pulpino_i/clk_gate_q_reg[0]/CP (HS65_LL_SDFPSQTX9)
                                                          0.00       5.00 r
  pulpino_top_i/peripherals_i/apb_pulpino_i/clk_gate_q_reg[0]/Q (HS65_LL_SDFPSQTX9)
                                                          0.25 *     5.25 f
  pulpino_top_i/peripherals_i/apb_pulpino_i/FE_PHC39364_FE_OFN192750_peripheral_clock_gate_ctrl_0/Z (HS65_LL_BFX284)
                                                          0.09 *     5.35 f
  pulpino_top_i/peripherals_i/apb_pulpino_i/FE_PHC257346_FE_OFN192750_peripheral_clock_gate_ctrl_0/Z (HS65_LL_BFX2)
                                                          0.06 *     5.41 f
  pulpino_top_i/peripherals_i/apb_pulpino_i/FE_OFC26144_peripheral_clock_gate_ctrl_0/Z (HS65_LL_BFX18)
                                                          0.11 *     5.52 f
  pulpino_top_i/peripherals_i/genblk1[0].core_clock_gate/clk_en_reg/D (HS65_LL_LDLQX9)
                                                          0.08 *     5.60 f
  data arrival time                                                  5.60

  clock clk (rise edge)                                   5.00       5.00
  clock network delay (ideal)                             0.50       5.50
  clock reconvergence pessimism                           0.00       5.50
  clock uncertainty                                       0.25       5.75
  pulpino_top_i/peripherals_i/genblk1[0].core_clock_gate/clk_en_reg/GN (HS65_LL_LDLQX9)
                                                                     5.75 r
  library hold time                                      -0.05 *     5.70
  data required time                                                 5.70
  ------------------------------------------------------------------------------
  data required time                                                 5.70
  data arrival time                                                 -5.60
  ------------------------------------------------------------------------------
  slack (VIOLATED)                                                  -0.10


  Startpoint: pulpino_top_i/core_region_i/data_mem/bank2_byte0
               (rising edge-triggered flip-flop clocked by clk)
  Endpoint: pulpino_top_i/core_region_i/data_mem_axi_if/axi_mem_if_SP_i/READ_CTRL/RDATA_REG_reg[3]
               (rising edge-triggered flip-flop clocked by clk)
  Path Group: clk
  Path Type: min

  Point                                                   Incr       Path
  ------------------------------------------------------------------------------
  clock clk (rise edge)                                   0.00       0.00
  clock network delay (ideal)                             0.00       0.00
  pulpino_top_i/core_region_i/data_mem/bank2_byte0/CK (ST_SPHDL_2048x8m8_L)
                                                          0.00       0.00 r
  pulpino_top_i/core_region_i/data_mem/bank2_byte0/Q[3] (ST_SPHDL_2048x8m8_L)
                                                          0.51       0.51 r
  pulpino_top_i/core_region_i/data_mem/g1472/Z (HS65_LL_MX41X29)
                                                          0.10 *     0.60 r
  pulpino_top_i/core_region_i/data_mem_axi_if/axi_mem_if_SP_i/READ_CTRL/RDATA_REG_reg[3]/D (HS65_LL_SDFPRQX9)
                                                          0.00 *     0.61 r
  data arrival time                                                  0.61

  clock clk (rise edge)                                   0.00       0.00
  clock network delay (ideal)                             0.50       0.50
  clock reconvergence pessimism                           0.00       0.50
  clock uncertainty                                       0.25       0.75
  pulpino_top_i/core_region_i/data_mem_axi_if/axi_mem_if_SP_i/READ_CTRL/RDATA_REG_reg[3]/CP (HS65_LL_SDFPRQX9)
                                                                     0.75 r
  library hold time                                      -0.04 *     0.71
  data required time                                                 0.71
  ------------------------------------------------------------------------------
  data required time                                                 0.71
  data arrival time                                                 -0.61
  ------------------------------------------------------------------------------
  slack (VIOLATED)                                                  -0.10


  Startpoint: pulpino_top_i/core_region_i/data_mem/bank2_byte0
               (rising edge-triggered flip-flop clocked by clk)
  Endpoint: pulpino_top_i/core_region_i/data_mem_axi_if/axi_mem_if_SP_i/READ_CTRL/RDATA_REG_reg[0]
               (rising edge-triggered flip-flop clocked by clk)
  Path Group: clk
  Path Type: min

  Point                                                   Incr       Path
  ------------------------------------------------------------------------------
  clock clk (rise edge)                                   0.00       0.00
  clock network delay (ideal)                             0.00       0.00
  pulpino_top_i/core_region_i/data_mem/bank2_byte0/CK (ST_SPHDL_2048x8m8_L)
                                                          0.00       0.00 r
  pulpino_top_i/core_region_i/data_mem/bank2_byte0/Q[0] (ST_SPHDL_2048x8m8_L)
                                                          0.51       0.51 r
  pulpino_top_i/core_region_i/data_mem/g1471/Z (HS65_LL_MX41X29)
                                                          0.10 *     0.60 r
  pulpino_top_i/core_region_i/data_mem_axi_if/axi_mem_if_SP_i/READ_CTRL/RDATA_REG_reg[0]/D (HS65_LL_SDFPRQX9)
                                                          0.00 *     0.61 r
  data arrival time                                                  0.61

  clock clk (rise edge)                                   0.00       0.00
  clock network delay (ideal)                             0.50       0.50
  clock reconvergence pessimism                           0.00       0.50
  clock uncertainty                                       0.25       0.75
  pulpino_top_i/core_region_i/data_mem_axi_if/axi_mem_if_SP_i/READ_CTRL/RDATA_REG_reg[0]/CP (HS65_LL_SDFPRQX9)
                                                                     0.75 r
  library hold time                                      -0.04 *     0.71
  data required time                                                 0.71
  ------------------------------------------------------------------------------
  data required time                                                 0.71
  data arrival time                                                 -0.61
  ------------------------------------------------------------------------------
  slack (VIOLATED)                                                  -0.10


  Startpoint: pulpino_top_i/core_region_i/data_mem/bank2_byte0
               (rising edge-triggered flip-flop clocked by clk)
  Endpoint: pulpino_top_i/core_region_i/data_mem_axi_if/axi_mem_if_SP_i/READ_CTRL/RDATA_REG_reg[7]
               (rising edge-triggered flip-flop clocked by clk)
  Path Group: clk
  Path Type: min

  Point                                                   Incr       Path
  ------------------------------------------------------------------------------
  clock clk (rise edge)                                   0.00       0.00
  clock network delay (ideal)                             0.00       0.00
  pulpino_top_i/core_region_i/data_mem/bank2_byte0/CK (ST_SPHDL_2048x8m8_L)
                                                          0.00       0.00 r
  pulpino_top_i/core_region_i/data_mem/bank2_byte0/Q[7] (ST_SPHDL_2048x8m8_L)
                                                          0.51       0.51 r
  pulpino_top_i/core_region_i/data_mem/g1480/Z (HS65_LL_MX41X29)
                                                          0.11 *     0.61 r
  pulpino_top_i/core_region_i/data_mem_axi_if/axi_mem_if_SP_i/READ_CTRL/RDATA_REG_reg[7]/D (HS65_LL_SDFPRQX9)
                                                          0.00 *     0.62 r
  data arrival time                                                  0.62

  clock clk (rise edge)                                   0.00       0.00
  clock network delay (ideal)                             0.50       0.50
  clock reconvergence pessimism                           0.00       0.50
  clock uncertainty                                       0.25       0.75
  pulpino_top_i/core_region_i/data_mem_axi_if/axi_mem_if_SP_i/READ_CTRL/RDATA_REG_reg[7]/CP (HS65_LL_SDFPRQX9)
                                                                     0.75 r
  library hold time                                      -0.04 *     0.71
  data required time                                                 0.71
  ------------------------------------------------------------------------------
  data required time                                                 0.71
  data arrival time                                                 -0.62
  ------------------------------------------------------------------------------
  slack (VIOLATED)                                                  -0.09


  Startpoint: pulpino_top_i/core_region_i/data_mem/bank2_byte0
               (rising edge-triggered flip-flop clocked by clk)
  Endpoint: pulpino_top_i/core_region_i/data_mem_axi_if/axi_mem_if_SP_i/READ_CTRL/RDATA_REG_reg[5]
               (rising edge-triggered flip-flop clocked by clk)
  Path Group: clk
  Path Type: min

  Point                                                   Incr       Path
  ------------------------------------------------------------------------------
  clock clk (rise edge)                                   0.00       0.00
  clock network delay (ideal)                             0.00       0.00
  pulpino_top_i/core_region_i/data_mem/bank2_byte0/CK (ST_SPHDL_2048x8m8_L)
                                                          0.00       0.00 r
  pulpino_top_i/core_region_i/data_mem/bank2_byte0/Q[5] (ST_SPHDL_2048x8m8_L)
                                                          0.51       0.51 r
  pulpino_top_i/core_region_i/data_mem/g1477/Z (HS65_LL_MX41X21)
                                                          0.10 *     0.61 r
  pulpino_top_i/core_region_i/data_mem_axi_if/axi_mem_if_SP_i/READ_CTRL/RDATA_REG_reg[5]/D (HS65_LL_SDFPRQX9)
                                                          0.00 *     0.61 r
  data arrival time                                                  0.61

  clock clk (rise edge)                                   0.00       0.00
  clock network delay (ideal)                             0.50       0.50
  clock reconvergence pessimism                           0.00       0.50
  clock uncertainty                                       0.25       0.75
  pulpino_top_i/core_region_i/data_mem_axi_if/axi_mem_if_SP_i/READ_CTRL/RDATA_REG_reg[5]/CP (HS65_LL_SDFPRQX9)
                                                                     0.75 r
  library hold time                                      -0.04 *     0.71
  data required time                                                 0.71
  ------------------------------------------------------------------------------
  data required time                                                 0.71
  data arrival time                                                 -0.61
  ------------------------------------------------------------------------------
  slack (VIOLATED)                                                  -0.09

Warning: report_timing has satisfied the max_paths criteria. There are 27 further endpoints which have paths of interest with slack less than     0.00 that were not considered when generating this report. (UITE-502)

1
